The system is: Linux - 6.1.0-40-amd64 - x86_64
Compiling the CXX compiler identification source file "CMakeCXXCompilerId.cpp" succeeded.
Compiler: /usr/local/bin/c++ 
Build flags: 
Id flags:  

The output was:
0


Compilation of the CXX compiler identification source "CMakeCXXCompilerId.cpp" produced "a.out"

The CXX compiler identification is GNU, found in "/home/aprihodko/t/GitHub/my_scripts/lab3_proto/build/CMakeFiles/3.25.1/CompilerIdCXX/a.out"

Detecting CXX compiler ABI info compiled with the following output:
Change Dir: /home/aprihodko/t/GitHub/my_scripts/lab3_proto/build/CMakeFiles/CMakeScratch/TryCompile-Fa6LkN

Run Build Command(s):/usr/bin/gmake -f Makefile cmTC_e8bb7/fast && gmake[1]: Entering directory '/home/aprihodko/t/GitHub/my_scripts/lab3_proto/build/CMakeFiles/CMakeScratch/TryCompile-Fa6LkN'
/usr/bin/gmake  -f CMakeFiles/cmTC_e8bb7.dir/build.make CMakeFiles/cmTC_e8bb7.dir/build
gmake[2]: Entering directory '/home/aprihodko/t/GitHub/my_scripts/lab3_proto/build/CMakeFiles/CMakeScratch/TryCompile-Fa6LkN'
Building CXX object CMakeFiles/cmTC_e8bb7.dir/CMakeCXXCompilerABI.cpp.o
/usr/local/bin/c++   -v -o CMakeFiles/cmTC_e8bb7.dir/CMakeCXXCompilerABI.cpp.o -c /usr/share/cmake-3.25/Modules/CMakeCXXCompilerABI.cpp
Using built-in specs.
COLLECT_GCC=/usr/local/bin/c++
Target: x86_64-pc-linux-gnu
Configured with: ./configure --host=x86_64-pc-linux-gnu
Thread model: posix
Supported LTO compression algorithms: zlib zstd
gcc version 15.1.0 (GCC) 
COLLECT_GCC_OPTIONS='-v' '-o' 'CMakeFiles/cmTC_e8bb7.dir/CMakeCXXCompilerABI.cpp.o' '-c' '-shared-libgcc' '-mtune=generic' '-march=x86-64' '-dumpdir' 'CMakeFiles/cmTC_e8bb7.dir/'
 /usr/local/libexec/gcc/x86_64-pc-linux-gnu/15.1.0/cc1plus -quiet -v -imultiarch x86_64-linux-gnu -D_GNU_SOURCE /usr/share/cmake-3.25/Modules/CMakeCXXCompilerABI.cpp -quiet -dumpdir CMakeFiles/cmTC_e8bb7.dir/ -dumpbase CMakeCXXCompilerABI.cpp.cpp -dumpbase-ext .cpp -mtune=generic -march=x86-64 -version -o /tmp/ccZhU21Z.s
GNU C++17 (GCC) version 15.1.0 (x86_64-pc-linux-gnu)
	compiled by GNU C version 15.1.0, GMP version 6.2.1, MPFR version 4.2.0, MPC version 1.3.1, isl version none
GGC heuristics: --param ggc-min-expand=100 --param ggc-min-heapsize=131072
ignoring nonexistent directory "/usr/local/include/x86_64-linux-gnu"
ignoring nonexistent directory "/usr/local/lib/gcc/x86_64-pc-linux-gnu/15.1.0/../../../../x86_64-pc-linux-gnu/include"
#include "..." search starts here:
#include <...> search starts here:
 /usr/local/lib/gcc/x86_64-pc-linux-gnu/15.1.0/../../../../include/c++/15.1.0
 /usr/local/lib/gcc/x86_64-pc-linux-gnu/15.1.0/../../../../include/c++/15.1.0/x86_64-pc-linux-gnu
 /usr/local/lib/gcc/x86_64-pc-linux-gnu/15.1.0/../../../../include/c++/15.1.0/backward
 /usr/local/lib/gcc/x86_64-pc-linux-gnu/15.1.0/include
 /usr/local/include
 /usr/local/lib/gcc/x86_64-pc-linux-gnu/15.1.0/include-fixed/x86_64-linux-gnu
 /usr/local/lib/gcc/x86_64-pc-linux-gnu/15.1.0/include-fixed
 /usr/include/x86_64-linux-gnu
 /usr/include
End of search list.
Compiler executable checksum: b74ae889a3836f7fe3b95d599d2cd0ec
COLLECT_GCC_OPTIONS='-v' '-o' 'CMakeFiles/cmTC_e8bb7.dir/CMakeCXXCompilerABI.cpp.o' '-c' '-shared-libgcc' '-mtune=generic' '-march=x86-64' '-dumpdir' 'CMakeFiles/cmTC_e8bb7.dir/'
 as -v --64 -o CMakeFiles/cmTC_e8bb7.dir/CMakeCXXCompilerABI.cpp.o /tmp/ccZhU21Z.s
GNU assembler version 2.40 (x86_64-linux-gnu) using BFD version (GNU Binutils for Debian) 2.40
COMPILER_PATH=/usr/local/libexec/gcc/x86_64-pc-linux-gnu/15.1.0/:/usr/local/libexec/gcc/x86_64-pc-linux-gnu/15.1.0/:/usr/local/libexec/gcc/x86_64-pc-linux-gnu/:/usr/local/lib/gcc/x86_64-pc-linux-gnu/15.1.0/:/usr/local/lib/gcc/x86_64-pc-linux-gnu/
LIBRARY_PATH=/usr/local/lib/gcc/x86_64-pc-linux-gnu/15.1.0/:/usr/local/lib/gcc/x86_64-pc-linux-gnu/15.1.0/../../../../lib64/:/lib/x86_64-linux-gnu/:/lib/../lib64/:/usr/lib/x86_64-linux-gnu/:/usr/lib/../lib64/:/usr/local/lib/gcc/x86_64-pc-linux-gnu/15.1.0/../../../:/lib/:/usr/lib/
COLLECT_GCC_OPTIONS='-v' '-o' 'CMakeFiles/cmTC_e8bb7.dir/CMakeCXXCompilerABI.cpp.o' '-c' '-shared-libgcc' '-mtune=generic' '-march=x86-64' '-dumpdir' 'CMakeFiles/cmTC_e8bb7.dir/CMakeCXXCompilerABI.cpp.'
Linking CXX executable cmTC_e8bb7
/usr/bin/cmake -E cmake_link_script CMakeFiles/cmTC_e8bb7.dir/link.txt --verbose=1
/usr/local/bin/c++  -v CMakeFiles/cmTC_e8bb7.dir/CMakeCXXCompilerABI.cpp.o -o cmTC_e8bb7 
Using built-in specs.
COLLECT_GCC=/usr/local/bin/c++
COLLECT_LTO_WRAPPER=/usr/local/libexec/gcc/x86_64-pc-linux-gnu/15.1.0/lto-wrapper
Target: x86_64-pc-linux-gnu
Configured with: ./configure --host=x86_64-pc-linux-gnu
Thread model: posix
Supported LTO compression algorithms: zlib zstd
gcc version 15.1.0 (GCC) 
COMPILER_PATH=/usr/local/libexec/gcc/x86_64-pc-linux-gnu/15.1.0/:/usr/local/libexec/gcc/x86_64-pc-linux-gnu/15.1.0/:/usr/local/libexec/gcc/x86_64-pc-linux-gnu/:/usr/local/lib/gcc/x86_64-pc-linux-gnu/15.1.0/:/usr/local/lib/gcc/x86_64-pc-linux-gnu/
LIBRARY_PATH=/usr/local/lib/gcc/x86_64-pc-linux-gnu/15.1.0/:/usr/local/lib/gcc/x86_64-pc-linux-gnu/15.1.0/../../../../lib64/:/lib/x86_64-linux-gnu/:/lib/../lib64/:/usr/lib/x86_64-linux-gnu/:/usr/lib/../lib64/:/usr/local/lib/gcc/x86_64-pc-linux-gnu/15.1.0/../../../:/lib/:/usr/lib/
COLLECT_GCC_OPTIONS='-v' '-o' 'cmTC_e8bb7' '-shared-libgcc' '-mtune=generic' '-march=x86-64' '-dumpdir' 'cmTC_e8bb7.'
 /usr/local/libexec/gcc/x86_64-pc-linux-gnu/15.1.0/collect2 -plugin /usr/local/libexec/gcc/x86_64-pc-linux-gnu/15.1.0/liblto_plugin.so -plugin-opt=/usr/local/libexec/gcc/x86_64-pc-linux-gnu/15.1.0/lto-wrapper -plugin-opt=-fresolution=/tmp/cc8dnZbu.res -plugin-opt=-pass-through=-lgcc_s -plugin-opt=-pass-through=-lgcc -plugin-opt=-pass-through=-lc -plugin-opt=-pass-through=-lgcc_s -plugin-opt=-pass-through=-lgcc --eh-frame-hdr -m elf_x86_64 -dynamic-linker /lib64/ld-linux-x86-64.so.2 -o cmTC_e8bb7 /lib/x86_64-linux-gnu/crt1.o /lib/x86_64-linux-gnu/crti.o /usr/local/lib/gcc/x86_64-pc-linux-gnu/15.1.0/crtbegin.o -L/usr/local/lib/gcc/x86_64-pc-linux-gnu/15.1.0 -L/usr/local/lib/gcc/x86_64-pc-linux-gnu/15.1.0/../../../../lib64 -L/lib/x86_64-linux-gnu -L/lib/../lib64 -L/usr/lib/x86_64-linux-gnu -L/usr/lib/../lib64 -L/usr/local/lib/gcc/x86_64-pc-linux-gnu/15.1.0/../../.. -L/lib -L/usr/lib CMakeFiles/cmTC_e8bb7.dir/CMakeCXXCompilerABI.cpp.o -lstdc++ -lm -lgcc_s -lgcc -lc -lgcc_s -lgcc /usr/local/lib/gcc/x86_64-pc-linux-gnu/15.1.0/crtend.o /lib/x86_64-linux-gnu/crtn.o
COLLECT_GCC_OPTIONS='-v' '-o' 'cmTC_e8bb7' '-shared-libgcc' '-mtune=generic' '-march=x86-64' '-dumpdir' 'cmTC_e8bb7.'
gmake[2]: Leaving directory '/home/aprihodko/t/GitHub/my_scripts/lab3_proto/build/CMakeFiles/CMakeScratch/TryCompile-Fa6LkN'
gmake[1]: Leaving directory '/home/aprihodko/t/GitHub/my_scripts/lab3_proto/build/CMakeFiles/CMakeScratch/TryCompile-Fa6LkN'



Parsed CXX implicit include dir info from above output: rv=done
  found start of include info
  found start of implicit include info
    add: [/usr/local/lib/gcc/x86_64-pc-linux-gnu/15.1.0/../../../../include/c++/15.1.0]
    add: [/usr/local/lib/gcc/x86_64-pc-linux-gnu/15.1.0/../../../../include/c++/15.1.0/x86_64-pc-linux-gnu]
    add: [/usr/local/lib/gcc/x86_64-pc-linux-gnu/15.1.0/../../../../include/c++/15.1.0/backward]
    add: [/usr/local/lib/gcc/x86_64-pc-linux-gnu/15.1.0/include]
    add: [/usr/local/include]
    add: [/usr/local/lib/gcc/x86_64-pc-linux-gnu/15.1.0/include-fixed/x86_64-linux-gnu]
    add: [/usr/local/lib/gcc/x86_64-pc-linux-gnu/15.1.0/include-fixed]
    add: [/usr/include/x86_64-linux-gnu]
    add: [/usr/include]
  end of search list found
  collapse include dir [/usr/local/lib/gcc/x86_64-pc-linux-gnu/15.1.0/../../../../include/c++/15.1.0] ==> [/usr/local/include/c++/15.1.0]
  collapse include dir [/usr/local/lib/gcc/x86_64-pc-linux-gnu/15.1.0/../../../../include/c++/15.1.0/x86_64-pc-linux-gnu] ==> [/usr/local/include/c++/15.1.0/x86_64-pc-linux-gnu]
  collapse include dir [/usr/local/lib/gcc/x86_64-pc-linux-gnu/15.1.0/../../../../include/c++/15.1.0/backward] ==> [/usr/local/include/c++/15.1.0/backward]
  collapse include dir [/usr/local/lib/gcc/x86_64-pc-linux-gnu/15.1.0/include] ==> [/usr/local/lib/gcc/x86_64-pc-linux-gnu/15.1.0/include]
  collapse include dir [/usr/local/include] ==> [/usr/local/include]
  collapse include dir [/usr/local/lib/gcc/x86_64-pc-linux-gnu/15.1.0/include-fixed/x86_64-linux-gnu] ==> [/usr/local/lib/gcc/x86_64-pc-linux-gnu/15.1.0/include-fixed/x86_64-linux-gnu]
  collapse include dir [/usr/local/lib/gcc/x86_64-pc-linux-gnu/15.1.0/include-fixed] ==> [/usr/local/lib/gcc/x86_64-pc-linux-gnu/15.1.0/include-fixed]
  collapse include dir [/usr/include/x86_64-linux-gnu] ==> [/usr/include/x86_64-linux-gnu]
  collapse include dir [/usr/include] ==> [/usr/include]
  implicit include dirs: [/usr/local/include/c++/15.1.0;/usr/local/include/c++/15.1.0/x86_64-pc-linux-gnu;/usr/local/include/c++/15.1.0/backward;/usr/local/lib/gcc/x86_64-pc-linux-gnu/15.1.0/include;/usr/local/include;/usr/local/lib/gcc/x86_64-pc-linux-gnu/15.1.0/include-fixed/x86_64-linux-gnu;/usr/local/lib/gcc/x86_64-pc-linux-gnu/15.1.0/include-fixed;/usr/include/x86_64-linux-gnu;/usr/include]


Parsed CXX implicit link information from above output:
  link line regex: [^( *|.*[/\])(ld|CMAKE_LINK_STARTFILE-NOTFOUND|([^/\]+-)?ld|collect2)[^/\]*( |$)]
  ignore line: [Change Dir: /home/aprihodko/t/GitHub/my_scripts/lab3_proto/build/CMakeFiles/CMakeScratch/TryCompile-Fa6LkN]
  ignore line: []
  ignore line: [Run Build Command(s):/usr/bin/gmake -f Makefile cmTC_e8bb7/fast && gmake[1]: Entering directory '/home/aprihodko/t/GitHub/my_scripts/lab3_proto/build/CMakeFiles/CMakeScratch/TryCompile-Fa6LkN']
  ignore line: [/usr/bin/gmake  -f CMakeFiles/cmTC_e8bb7.dir/build.make CMakeFiles/cmTC_e8bb7.dir/build]
  ignore line: [gmake[2]: Entering directory '/home/aprihodko/t/GitHub/my_scripts/lab3_proto/build/CMakeFiles/CMakeScratch/TryCompile-Fa6LkN']
  ignore line: [Building CXX object CMakeFiles/cmTC_e8bb7.dir/CMakeCXXCompilerABI.cpp.o]
  ignore line: [/usr/local/bin/c++   -v -o CMakeFiles/cmTC_e8bb7.dir/CMakeCXXCompilerABI.cpp.o -c /usr/share/cmake-3.25/Modules/CMakeCXXCompilerABI.cpp]
  ignore line: [Using built-in specs.]
  ignore line: [COLLECT_GCC=/usr/local/bin/c++]
  ignore line: [Target: x86_64-pc-linux-gnu]
  ignore line: [Configured with: ./configure --host=x86_64-pc-linux-gnu]
  ignore line: [Thread model: posix]
  ignore line: [Supported LTO compression algorithms: zlib zstd]
  ignore line: [gcc version 15.1.0 (GCC) ]
  ignore line: [COLLECT_GCC_OPTIONS='-v' '-o' 'CMakeFiles/cmTC_e8bb7.dir/CMakeCXXCompilerABI.cpp.o' '-c' '-shared-libgcc' '-mtune=generic' '-march=x86-64' '-dumpdir' 'CMakeFiles/cmTC_e8bb7.dir/']
  ignore line: [ /usr/local/libexec/gcc/x86_64-pc-linux-gnu/15.1.0/cc1plus -quiet -v -imultiarch x86_64-linux-gnu -D_GNU_SOURCE /usr/share/cmake-3.25/Modules/CMakeCXXCompilerABI.cpp -quiet -dumpdir CMakeFiles/cmTC_e8bb7.dir/ -dumpbase CMakeCXXCompilerABI.cpp.cpp -dumpbase-ext .cpp -mtune=generic -march=x86-64 -version -o /tmp/ccZhU21Z.s]
  ignore line: [GNU C++17 (GCC) version 15.1.0 (x86_64-pc-linux-gnu)]
  ignore line: [	compiled by GNU C version 15.1.0  GMP version 6.2.1  MPFR version 4.2.0  MPC version 1.3.1  isl version none]
  ignore line: [GGC heuristics: --param ggc-min-expand=100 --param ggc-min-heapsize=131072]
  ignore line: [ignoring nonexistent directory "/usr/local/include/x86_64-linux-gnu"]
  ignore line: [ignoring nonexistent directory "/usr/local/lib/gcc/x86_64-pc-linux-gnu/15.1.0/../../../../x86_64-pc-linux-gnu/include"]
  ignore line: [#include "..." search starts here:]
  ignore line: [#include <...> search starts here:]
  ignore line: [ /usr/local/lib/gcc/x86_64-pc-linux-gnu/15.1.0/../../../../include/c++/15.1.0]
  ignore line: [ /usr/local/lib/gcc/x86_64-pc-linux-gnu/15.1.0/../../../../include/c++/15.1.0/x86_64-pc-linux-gnu]
  ignore line: [ /usr/local/lib/gcc/x86_64-pc-linux-gnu/15.1.0/../../../../include/c++/15.1.0/backward]
  ignore line: [ /usr/local/lib/gcc/x86_64-pc-linux-gnu/15.1.0/include]
  ignore line: [ /usr/local/include]
  ignore line: [ /usr/local/lib/gcc/x86_64-pc-linux-gnu/15.1.0/include-fixed/x86_64-linux-gnu]
  ignore line: [ /usr/local/lib/gcc/x86_64-pc-linux-gnu/15.1.0/include-fixed]
  ignore line: [ /usr/include/x86_64-linux-gnu]
  ignore line: [ /usr/include]
  ignore line: [End of search list.]
  ignore line: [Compiler executable checksum: b74ae889a3836f7fe3b95d599d2cd0ec]
  ignore line: [COLLECT_GCC_OPTIONS='-v' '-o' 'CMakeFiles/cmTC_e8bb7.dir/CMakeCXXCompilerABI.cpp.o' '-c' '-shared-libgcc' '-mtune=generic' '-march=x86-64' '-dumpdir' 'CMakeFiles/cmTC_e8bb7.dir/']
  ignore line: [ as -v --64 -o CMakeFiles/cmTC_e8bb7.dir/CMakeCXXCompilerABI.cpp.o /tmp/ccZhU21Z.s]
  ignore line: [GNU assembler version 2.40 (x86_64-linux-gnu) using BFD version (GNU Binutils for Debian) 2.40]
  ignore line: [COMPILER_PATH=/usr/local/libexec/gcc/x86_64-pc-linux-gnu/15.1.0/:/usr/local/libexec/gcc/x86_64-pc-linux-gnu/15.1.0/:/usr/local/libexec/gcc/x86_64-pc-linux-gnu/:/usr/local/lib/gcc/x86_64-pc-linux-gnu/15.1.0/:/usr/local/lib/gcc/x86_64-pc-linux-gnu/]
  ignore line: [LIBRARY_PATH=/usr/local/lib/gcc/x86_64-pc-linux-gnu/15.1.0/:/usr/local/lib/gcc/x86_64-pc-linux-gnu/15.1.0/../../../../lib64/:/lib/x86_64-linux-gnu/:/lib/../lib64/:/usr/lib/x86_64-linux-gnu/:/usr/lib/../lib64/:/usr/local/lib/gcc/x86_64-pc-linux-gnu/15.1.0/../../../:/lib/:/usr/lib/]
  ignore line: [COLLECT_GCC_OPTIONS='-v' '-o' 'CMakeFiles/cmTC_e8bb7.dir/CMakeCXXCompilerABI.cpp.o' '-c' '-shared-libgcc' '-mtune=generic' '-march=x86-64' '-dumpdir' 'CMakeFiles/cmTC_e8bb7.dir/CMakeCXXCompilerABI.cpp.']
  ignore line: [Linking CXX executable cmTC_e8bb7]
  ignore line: [/usr/bin/cmake -E cmake_link_script CMakeFiles/cmTC_e8bb7.dir/link.txt --verbose=1]
  ignore line: [/usr/local/bin/c++  -v CMakeFiles/cmTC_e8bb7.dir/CMakeCXXCompilerABI.cpp.o -o cmTC_e8bb7 ]
  ignore line: [Using built-in specs.]
  ignore line: [COLLECT_GCC=/usr/local/bin/c++]
  ignore line: [COLLECT_LTO_WRAPPER=/usr/local/libexec/gcc/x86_64-pc-linux-gnu/15.1.0/lto-wrapper]
  ignore line: [Target: x86_64-pc-linux-gnu]
  ignore line: [Configured with: ./configure --host=x86_64-pc-linux-gnu]
  ignore line: [Thread model: posix]
  ignore line: [Supported LTO compression algorithms: zlib zstd]
  ignore line: [gcc version 15.1.0 (GCC) ]
  ignore line: [COMPILER_PATH=/usr/local/libexec/gcc/x86_64-pc-linux-gnu/15.1.0/:/usr/local/libexec/gcc/x86_64-pc-linux-gnu/15.1.0/:/usr/local/libexec/gcc/x86_64-pc-linux-gnu/:/usr/local/lib/gcc/x86_64-pc-linux-gnu/15.1.0/:/usr/local/lib/gcc/x86_64-pc-linux-gnu/]
  ignore line: [LIBRARY_PATH=/usr/local/lib/gcc/x86_64-pc-linux-gnu/15.1.0/:/usr/local/lib/gcc/x86_64-pc-linux-gnu/15.1.0/../../../../lib64/:/lib/x86_64-linux-gnu/:/lib/../lib64/:/usr/lib/x86_64-linux-gnu/:/usr/lib/../lib64/:/usr/local/lib/gcc/x86_64-pc-linux-gnu/15.1.0/../../../:/lib/:/usr/lib/]
  ignore line: [COLLECT_GCC_OPTIONS='-v' '-o' 'cmTC_e8bb7' '-shared-libgcc' '-mtune=generic' '-march=x86-64' '-dumpdir' 'cmTC_e8bb7.']
  link line: [ /usr/local/libexec/gcc/x86_64-pc-linux-gnu/15.1.0/collect2 -plugin /usr/local/libexec/gcc/x86_64-pc-linux-gnu/15.1.0/liblto_plugin.so -plugin-opt=/usr/local/libexec/gcc/x86_64-pc-linux-gnu/15.1.0/lto-wrapper -plugin-opt=-fresolution=/tmp/cc8dnZbu.res -plugin-opt=-pass-through=-lgcc_s -plugin-opt=-pass-through=-lgcc -plugin-opt=-pass-through=-lc -plugin-opt=-pass-through=-lgcc_s -plugin-opt=-pass-through=-lgcc --eh-frame-hdr -m elf_x86_64 -dynamic-linker /lib64/ld-linux-x86-64.so.2 -o cmTC_e8bb7 /lib/x86_64-linux-gnu/crt1.o /lib/x86_64-linux-gnu/crti.o /usr/local/lib/gcc/x86_64-pc-linux-gnu/15.1.0/crtbegin.o -L/usr/local/lib/gcc/x86_64-pc-linux-gnu/15.1.0 -L/usr/local/lib/gcc/x86_64-pc-linux-gnu/15.1.0/../../../../lib64 -L/lib/x86_64-linux-gnu -L/lib/../lib64 -L/usr/lib/x86_64-linux-gnu -L/usr/lib/../lib64 -L/usr/local/lib/gcc/x86_64-pc-linux-gnu/15.1.0/../../.. -L/lib -L/usr/lib CMakeFiles/cmTC_e8bb7.dir/CMakeCXXCompilerABI.cpp.o -lstdc++ -lm -lgcc_s -lgcc -lc -lgcc_s -lgcc /usr/local/lib/gcc/x86_64-pc-linux-gnu/15.1.0/crtend.o /lib/x86_64-linux-gnu/crtn.o]
    arg [/usr/local/libexec/gcc/x86_64-pc-linux-gnu/15.1.0/collect2] ==> ignore
    arg [-plugin] ==> ignore
    arg [/usr/local/libexec/gcc/x86_64-pc-linux-gnu/15.1.0/liblto_plugin.so] ==> ignore
    arg [-plugin-opt=/usr/local/libexec/gcc/x86_64-pc-linux-gnu/15.1.0/lto-wrapper] ==> ignore
    arg [-plugin-opt=-fresolution=/tmp/cc8dnZbu.res] ==> ignore
    arg [-plugin-opt=-pass-through=-lgcc_s] ==> ignore
    arg [-plugin-opt=-pass-through=-lgcc] ==> ignore
    arg [-plugin-opt=-pass-through=-lc] ==> ignore
    arg [-plugin-opt=-pass-through=-lgcc_s] ==> ignore
    arg [-plugin-opt=-pass-through=-lgcc] ==> ignore
    arg [--eh-frame-hdr] ==> ignore
    arg [-m] ==> ignore
    arg [elf_x86_64] ==> ignore
    arg [-dynamic-linker] ==> ignore
    arg [/lib64/ld-linux-x86-64.so.2] ==> ignore
    arg [-o] ==> ignore
    arg [cmTC_e8bb7] ==> ignore
    arg [/lib/x86_64-linux-gnu/crt1.o] ==> obj [/lib/x86_64-linux-gnu/crt1.o]
    arg [/lib/x86_64-linux-gnu/crti.o] ==> obj [/lib/x86_64-linux-gnu/crti.o]
    arg [/usr/local/lib/gcc/x86_64-pc-linux-gnu/15.1.0/crtbegin.o] ==> obj [/usr/local/lib/gcc/x86_64-pc-linux-gnu/15.1.0/crtbegin.o]
    arg [-L/usr/local/lib/gcc/x86_64-pc-linux-gnu/15.1.0] ==> dir [/usr/local/lib/gcc/x86_64-pc-linux-gnu/15.1.0]
    arg [-L/usr/local/lib/gcc/x86_64-pc-linux-gnu/15.1.0/../../../../lib64] ==> dir [/usr/local/lib/gcc/x86_64-pc-linux-gnu/15.1.0/../../../../lib64]
    arg [-L/lib/x86_64-linux-gnu] ==> dir [/lib/x86_64-linux-gnu]
    arg [-L/lib/../lib64] ==> dir [/lib/../lib64]
    arg [-L/usr/lib/x86_64-linux-gnu] ==> dir [/usr/lib/x86_64-linux-gnu]
    arg [-L/usr/lib/../lib64] ==> dir [/usr/lib/../lib64]
    arg [-L/usr/local/lib/gcc/x86_64-pc-linux-gnu/15.1.0/../../..] ==> dir [/usr/local/lib/gcc/x86_64-pc-linux-gnu/15.1.0/../../..]
    arg [-L/lib] ==> dir [/lib]
    arg [-L/usr/lib] ==> dir [/usr/lib]
    arg [CMakeFiles/cmTC_e8bb7.dir/CMakeCXXCompilerABI.cpp.o] ==> ignore
    arg [-lstdc++] ==> lib [stdc++]
    arg [-lm] ==> lib [m]
    arg [-lgcc_s] ==> lib [gcc_s]
    arg [-lgcc] ==> lib [gcc]
    arg [-lc] ==> lib [c]
    arg [-lgcc_s] ==> lib [gcc_s]
    arg [-lgcc] ==> lib [gcc]
    arg [/usr/local/lib/gcc/x86_64-pc-linux-gnu/15.1.0/crtend.o] ==> obj [/usr/local/lib/gcc/x86_64-pc-linux-gnu/15.1.0/crtend.o]
    arg [/lib/x86_64-linux-gnu/crtn.o] ==> obj [/lib/x86_64-linux-gnu/crtn.o]
  collapse library dir [/usr/local/lib/gcc/x86_64-pc-linux-gnu/15.1.0] ==> [/usr/local/lib/gcc/x86_64-pc-linux-gnu/15.1.0]
  collapse library dir [/usr/local/lib/gcc/x86_64-pc-linux-gnu/15.1.0/../../../../lib64] ==> [/usr/local/lib64]
  collapse library dir [/lib/x86_64-linux-gnu] ==> [/lib/x86_64-linux-gnu]
  collapse library dir [/lib/../lib64] ==> [/lib64]
  collapse library dir [/usr/lib/x86_64-linux-gnu] ==> [/usr/lib/x86_64-linux-gnu]
  collapse library dir [/usr/lib/../lib64] ==> [/usr/lib64]
  collapse library dir [/usr/local/lib/gcc/x86_64-pc-linux-gnu/15.1.0/../../..] ==> [/usr/local/lib]
  collapse library dir [/lib] ==> [/lib]
  collapse library dir [/usr/lib] ==> [/usr/lib]
  implicit libs: [stdc++;m;gcc_s;gcc;c;gcc_s;gcc]
  implicit objs: [/lib/x86_64-linux-gnu/crt1.o;/lib/x86_64-linux-gnu/crti.o;/usr/local/lib/gcc/x86_64-pc-linux-gnu/15.1.0/crtbegin.o;/usr/local/lib/gcc/x86_64-pc-linux-gnu/15.1.0/crtend.o;/lib/x86_64-linux-gnu/crtn.o]
  implicit dirs: [/usr/local/lib/gcc/x86_64-pc-linux-gnu/15.1.0;/usr/local/lib64;/lib/x86_64-linux-gnu;/lib64;/usr/lib/x86_64-linux-gnu;/usr/lib64;/usr/local/lib;/lib;/usr/lib]
  implicit fwks: []


Performing C++ SOURCE FILE Test CMAKE_HAVE_LIBC_PTHREAD succeeded with the following output:
Change Dir: /home/aprihodko/t/GitHub/my_scripts/lab3_proto/build/CMakeFiles/CMakeScratch/TryCompile-QRTm86

Run Build Command(s):/usr/bin/gmake -f Makefile cmTC_998d7/fast && gmake[1]: Entering directory '/home/aprihodko/t/GitHub/my_scripts/lab3_proto/build/CMakeFiles/CMakeScratch/TryCompile-QRTm86'
/usr/bin/gmake  -f CMakeFiles/cmTC_998d7.dir/build.make CMakeFiles/cmTC_998d7.dir/build
gmake[2]: Entering directory '/home/aprihodko/t/GitHub/my_scripts/lab3_proto/build/CMakeFiles/CMakeScratch/TryCompile-QRTm86'
Building CXX object CMakeFiles/cmTC_998d7.dir/src.cxx.o
/usr/local/bin/c++ -DCMAKE_HAVE_LIBC_PTHREAD  -std=gnu++17 -o CMakeFiles/cmTC_998d7.dir/src.cxx.o -c /home/aprihodko/t/GitHub/my_scripts/lab3_proto/build/CMakeFiles/CMakeScratch/TryCompile-QRTm86/src.cxx
Linking CXX executable cmTC_998d7
/usr/bin/cmake -E cmake_link_script CMakeFiles/cmTC_998d7.dir/link.txt --verbose=1
/usr/local/bin/c++  -static-libstdc++ -static-libgcc  CMakeFiles/cmTC_998d7.dir/src.cxx.o -o cmTC_998d7 
gmake[2]: Leaving directory '/home/aprihodko/t/GitHub/my_scripts/lab3_proto/build/CMakeFiles/CMakeScratch/TryCompile-QRTm86'
gmake[1]: Leaving directory '/home/aprihodko/t/GitHub/my_scripts/lab3_proto/build/CMakeFiles/CMakeScratch/TryCompile-QRTm86'


Source file was:
#include <pthread.h>

static void* test_func(void* data)
{
  return data;
}

int main(void)
{
  pthread_t thread;
  pthread_create(&thread, NULL, test_func, NULL);
  pthread_detach(thread);
  pthread_cancel(thread);
  pthread_join(thread, NULL);
  pthread_atfork(NULL, NULL, NULL);
  pthread_exit(NULL);

  return 0;
}


Performing C++ SOURCE FILE Test HAVE_STDATOMIC succeeded with the following output:
Change Dir: /home/aprihodko/t/GitHub/my_scripts/lab3_proto/build/CMakeFiles/CMakeScratch/TryCompile-4bQUJR

Run Build Command(s):/usr/bin/gmake -f Makefile cmTC_e7a08/fast && gmake[1]: Entering directory '/home/aprihodko/t/GitHub/my_scripts/lab3_proto/build/CMakeFiles/CMakeScratch/TryCompile-4bQUJR'
/usr/bin/gmake  -f CMakeFiles/cmTC_e7a08.dir/build.make CMakeFiles/cmTC_e7a08.dir/build
gmake[2]: Entering directory '/home/aprihodko/t/GitHub/my_scripts/lab3_proto/build/CMakeFiles/CMakeScratch/TryCompile-4bQUJR'
Building CXX object CMakeFiles/cmTC_e7a08.dir/src.cxx.o
/usr/local/bin/c++ -DHAVE_STDATOMIC  -std=gnu++17 -o CMakeFiles/cmTC_e7a08.dir/src.cxx.o -c /home/aprihodko/t/GitHub/my_scripts/lab3_proto/build/CMakeFiles/CMakeScratch/TryCompile-4bQUJR/src.cxx
Linking CXX executable cmTC_e7a08
/usr/bin/cmake -E cmake_link_script CMakeFiles/cmTC_e7a08.dir/link.txt --verbose=1
/usr/local/bin/c++  -static-libstdc++ -static-libgcc  CMakeFiles/cmTC_e7a08.dir/src.cxx.o -o cmTC_e7a08 
gmake[2]: Leaving directory '/home/aprihodko/t/GitHub/my_scripts/lab3_proto/build/CMakeFiles/CMakeScratch/TryCompile-4bQUJR'
gmake[1]: Leaving directory '/home/aprihodko/t/GitHub/my_scripts/lab3_proto/build/CMakeFiles/CMakeScratch/TryCompile-4bQUJR'


Source file was:
#include <atomic>
#include <cstdint>

int main(int, char **)
{
    volatile std::atomic<char>    size_1;
    volatile std::atomic<short>   size_2;
    volatile std::atomic<int>     size_4;
    volatile std::atomic<int64_t> size_8;

    ++size_1;
    ++size_2;
    ++size_4;
    ++size_8;

    (void)size_1.load(std::memory_order_relaxed);
    (void)size_2.load(std::memory_order_relaxed);
    (void)size_4.load(std::memory_order_relaxed);
    (void)size_8.load(std::memory_order_relaxed);

    return 0;
}

