Using built-in specs.
COLLECT_GCC=C:\msys64\mingw64\bin\g++.exe
COLLECT_LTO_WRAPPER=C:/msys64/mingw64/bin/../lib/gcc/x86_64-w64-mingw32/15.2.0/lto-wrapper.exe
Target: x86_64-w64-mingw32
Configured with: ../gcc-15.2.0/configure --prefix=/mingw64 --with-local-prefix=/mingw64/local --with-native-system-header-dir=/mingw64/include --libexecdir=/mingw64/lib --enable-bootstrap --enable-checking=release --with-arch=nocona --with-tune=generic --enable-mingw-wildcard --enable-languages=c,lto,c++,fortran,ada,objc,obj-c++,jit --enable-shared --enable-static --enable-libatomic --enable-threads=posix --enable-graphite --enable-fully-dynamic-string --enable-libstdcxx-backtrace=yes --enable-libstdcxx-filesystem-ts --enable-libstdcxx-time --disable-libstdcxx-pch --enable-lto --enable-libgomp --disable-libssp --disable-multilib --disable-rpath --disable-win32-registry --disable-nls --disable-werror --disable-symvers --with-libiconv --with-system-zlib --with-gmp=/mingw64 --with-mpfr=/mingw64 --with-mpc=/mingw64 --with-isl=/mingw64 --with-pkgversion='Rev8, Built by MSYS2 project' --with-bugurl=https://github.com/msys2/MINGW-packages/issues --with-gnu-as --with-gnu-ld --with-libstdcxx-zoneinfo=yes --disable-libstdcxx-debug --enable-plugin --with-boot-ldflags=-static-libstdc++ --with-stage1-ldflags=-static-libstdc++
Thread model: posix
Supported LTO compression algorithms: zlib zstd
gcc version 15.2.0 (Rev8, Built by MSYS2 project) 
COLLECT_GCC_OPTIONS='-v' '-I' 'T:/GitHub/my_scripts/lab3/deps/Windows/ffmpeg/include' '-LT:/GitHub/my_scripts/lab3/deps/Windows/ffmpeg/lib' '-o' 'ff_verbose_test.exe' '-shared-libgcc' '-mtune=generic' '-march=nocona' '-dumpdir' 'ff_verbose_test-'
 C:/msys64/mingw64/bin/../lib/gcc/x86_64-w64-mingw32/15.2.0/cc1plus.exe -quiet -v -I T:/GitHub/my_scripts/lab3/deps/Windows/ffmpeg/include -iprefix C:/msys64/mingw64/bin/../lib/gcc/x86_64-w64-mingw32/15.2.0/ -D_REENTRANT T:/GitHub/my_scripts/lab3/for understanding/ffmpeg/ffcheck.c -quiet -dumpdir ff_verbose_test- -dumpbase ffcheck.c -dumpbase-ext .c -mtune=generic -march=nocona -version -o C:\msys64\tmp\ccS8UoS9.s
GNU C++17 (Rev8, Built by MSYS2 project) version 15.2.0 (x86_64-w64-mingw32)
	compiled by GNU C version 15.2.0, GMP version 6.3.0, MPFR version 4.2.2, MPC version 1.3.1, isl version isl-0.27-GMP

GGC heuristics: --param ggc-min-expand=100 --param ggc-min-heapsize=131072
ignoring nonexistent directory "C:/msys64/mingw64/bin/../lib/gcc/x86_64-w64-mingw32/15.2.0/../../../../x86_64-w64-mingw32/include"
ignoring duplicate directory "C:/msys64/mingw64/lib/gcc/../../lib/gcc/x86_64-w64-mingw32/15.2.0/../../../../include/c++/15.2.0"
ignoring duplicate directory "C:/msys64/mingw64/lib/gcc/../../lib/gcc/x86_64-w64-mingw32/15.2.0/../../../../include/c++/15.2.0/x86_64-w64-mingw32"
ignoring duplicate directory "C:/msys64/mingw64/lib/gcc/../../lib/gcc/x86_64-w64-mingw32/15.2.0/../../../../include/c++/15.2.0/backward"
ignoring duplicate directory "C:/msys64/mingw64/lib/gcc/../../lib/gcc/x86_64-w64-mingw32/15.2.0/include"
ignoring nonexistent directory "D:/M/msys64/mingw64/include"
ignoring nonexistent directory "/mingw64/include"
ignoring duplicate directory "C:/msys64/mingw64/lib/gcc/../../lib/gcc/x86_64-w64-mingw32/15.2.0/include-fixed"
ignoring nonexistent directory "C:/msys64/mingw64/lib/gcc/../../lib/gcc/x86_64-w64-mingw32/15.2.0/../../../../x86_64-w64-mingw32/include"
ignoring nonexistent directory "D:/M/msys64/mingw64/include"
#include "..." search starts here:
#include <...> search starts here:
 T:/GitHub/my_scripts/lab3/deps/Windows/ffmpeg/include
 C:/msys64/mingw64/bin/../lib/gcc/x86_64-w64-mingw32/15.2.0/../../../../include/c++/15.2.0
 C:/msys64/mingw64/bin/../lib/gcc/x86_64-w64-mingw32/15.2.0/../../../../include/c++/15.2.0/x86_64-w64-mingw32
 C:/msys64/mingw64/bin/../lib/gcc/x86_64-w64-mingw32/15.2.0/../../../../include/c++/15.2.0/backward
 C:/msys64/mingw64/bin/../lib/gcc/x86_64-w64-mingw32/15.2.0/include
 C:/msys64/mingw64/bin/../lib/gcc/x86_64-w64-mingw32/15.2.0/../../../../include
 C:/msys64/mingw64/bin/../lib/gcc/x86_64-w64-mingw32/15.2.0/include-fixed
End of search list.
Compiler executable checksum: e7386b44e3a7fd4f3b26b08cdd95994a
COLLECT_GCC_OPTIONS='-v' '-I' 'T:/GitHub/my_scripts/lab3/deps/Windows/ffmpeg/include' '-LT:/GitHub/my_scripts/lab3/deps/Windows/ffmpeg/lib' '-o' 'ff_verbose_test.exe' '-shared-libgcc' '-mtune=generic' '-march=nocona' '-dumpdir' 'ff_verbose_test-'
 C:/msys64/mingw64/bin/../lib/gcc/x86_64-w64-mingw32/15.2.0/../../../../x86_64-w64-mingw32/bin/as.exe -v -I T:/GitHub/my_scripts/lab3/deps/Windows/ffmpeg/include -o C:\msys64\tmp\ccRNtUsf.o C:\msys64\tmp\ccS8UoS9.s
GNU assembler version 2.45 (x86_64-w64-mingw32) using BFD version (GNU Binutils) 2.45
COMPILER_PATH=C:/msys64/mingw64/bin/../lib/gcc/x86_64-w64-mingw32/15.2.0/;C:/msys64/mingw64/bin/../lib/gcc/;C:/msys64/mingw64/bin/../lib/gcc/x86_64-w64-mingw32/15.2.0/../../../../x86_64-w64-mingw32/bin/
LIBRARY_PATH=C:/msys64/mingw64/bin/../lib/gcc/x86_64-w64-mingw32/15.2.0/;C:/msys64/mingw64/bin/../lib/gcc/;C:/msys64/mingw64/bin/../lib/gcc/x86_64-w64-mingw32/15.2.0/../../../../x86_64-w64-mingw32/lib/../lib/;C:/msys64/mingw64/bin/../lib/gcc/x86_64-w64-mingw32/15.2.0/../../../../lib/;C:/msys64/mingw64/bin/../lib/gcc/x86_64-w64-mingw32/15.2.0/../../../../x86_64-w64-mingw32/lib/;C:/msys64/mingw64/bin/../lib/gcc/x86_64-w64-mingw32/15.2.0/../../../
COLLECT_GCC_OPTIONS='-v' '-I' 'T:/GitHub/my_scripts/lab3/deps/Windows/ffmpeg/include' '-LT:/GitHub/my_scripts/lab3/deps/Windows/ffmpeg/lib' '-o' 'ff_verbose_test.exe' '-shared-libgcc' '-mtune=generic' '-march=nocona' '-dumpdir' 'ff_verbose_test.'
 C:/msys64/mingw64/bin/../lib/gcc/x86_64-w64-mingw32/15.2.0/collect2.exe -plugin C:/msys64/mingw64/bin/../lib/gcc/x86_64-w64-mingw32/15.2.0/liblto_plugin.dll -plugin-opt=C:/msys64/mingw64/bin/../lib/gcc/x86_64-w64-mingw32/15.2.0/lto-wrapper.exe -plugin-opt=-fresolution=C:\msys64\tmp\ccAyntJn.res -plugin-opt=-pass-through=-lmingw32 -plugin-opt=-pass-through=-lgcc_s -plugin-opt=-pass-through=-lgcc -plugin-opt=-pass-through=-lmingwex -plugin-opt=-pass-through=-lmsvcrt -plugin-opt=-pass-through=-lkernel32 -plugin-opt=-pass-through=-lpthread -plugin-opt=-pass-through=-ladvapi32 -plugin-opt=-pass-through=-lshell32 -plugin-opt=-pass-through=-luser32 -plugin-opt=-pass-through=-lkernel32 -plugin-opt=-pass-through=-lmingw32 -plugin-opt=-pass-through=-lgcc_s -plugin-opt=-pass-through=-lgcc -plugin-opt=-pass-through=-lmingwex -plugin-opt=-pass-through=-lmsvcrt -plugin-opt=-pass-through=-lkernel32 -m i386pep -Bdynamic -o ff_verbose_test.exe C:/msys64/mingw64/bin/../lib/gcc/x86_64-w64-mingw32/15.2.0/../../../../lib/crt2.o C:/msys64/mingw64/bin/../lib/gcc/x86_64-w64-mingw32/15.2.0/crtbegin.o -LT:/GitHub/my_scripts/lab3/deps/Windows/ffmpeg/lib -LC:/msys64/mingw64/bin/../lib/gcc/x86_64-w64-mingw32/15.2.0 -LC:/msys64/mingw64/bin/../lib/gcc -LC:/msys64/mingw64/bin/../lib/gcc/x86_64-w64-mingw32/15.2.0/../../../../x86_64-w64-mingw32/lib/../lib -LC:/msys64/mingw64/bin/../lib/gcc/x86_64-w64-mingw32/15.2.0/../../../../lib -LC:/msys64/mingw64/bin/../lib/gcc/x86_64-w64-mingw32/15.2.0/../../../../x86_64-w64-mingw32/lib -LC:/msys64/mingw64/bin/../lib/gcc/x86_64-w64-mingw32/15.2.0/../../.. C:\msys64\tmp\ccRNtUsf.o -lavutil --verbose -lstdc++ -lmingw32 -lgcc_s -lgcc -lmingwex -lmsvcrt -lkernel32 -lpthread -ladvapi32 -lshell32 -luser32 -lkernel32 -lmingw32 -lgcc_s -lgcc -lmingwex -lmsvcrt -lkernel32 C:/msys64/mingw64/bin/../lib/gcc/x86_64-w64-mingw32/15.2.0/../../../../lib/default-manifest.o C:/msys64/mingw64/bin/../lib/gcc/x86_64-w64-mingw32/15.2.0/crtend.o
GNU ld (GNU Binutils) 2.45
  Supported emulations:
   i386pep
   i386pe
using internal linker script:
==================================================
/* Default linker script, for normal executables */
/* Copyright (C) 2014-2025 Free Software Foundation, Inc.
   Copying and distribution of this script, with or without modification,
   are permitted in any medium without royalty provided the copyright
   notice and this notice are preserved.  */
OUTPUT_FORMAT(pei-x86-64)
SEARCH_DIR("=/mingw64/x86_64-w64-mingw32/lib"); SEARCH_DIR("=/mingw64/lib"); SEARCH_DIR("=/usr/local/lib"); SEARCH_DIR("=/lib"); SEARCH_DIR("=/usr/lib");
SECTIONS
{
  /* Make the virtual address and file offset synced if the alignment is
     lower than the target page size. */
  . = SIZEOF_HEADERS;
  . = ALIGN(__section_alignment__);
  .text  __image_base__ + ( __section_alignment__ < 0x1000 ? . : __section_alignment__ ) :
  {
    KEEP (*(SORT_NONE(.init)))
    *(.text)
    *(SORT(.text$*))
     *(.text.*)
     *(.gnu.linkonce.t.*)
    *(.glue_7t)
    *(.glue_7)
    . = ALIGN(8);
    KEEP (*(SORT_NONE(.fini)))
    /* ??? Why is .gcc_exc here?  */
     *(.gcc_exc)
    PROVIDE (etext = .);
     KEEP (*(.gcc_except_table))
  }
  /* The Cygwin32 library uses a section to avoid copying certain data
     on fork.  This used to be named ".data".  The linker used
     to include this between __data_start__ and __data_end__, but that
     breaks building the cygwin32 dll.  Instead, we name the section
     ".data_cygwin_nocopy" and explicitly include it after __data_end__. */
  .data BLOCK(__section_alignment__) :
  {
    __data_start__ = . ;
    *(.data)
    *(.data2)
    *(SORT(.data$*))
    KEEP(*(.jcr))
    __data_end__ = . ;
    *(.data_cygwin_nocopy)
  }
  .rdata BLOCK(__section_alignment__) :
  {
    *(.rdata)
	     *(SORT(.rdata$*))
    . = ALIGN(4);
    __rt_psrelocs_start = .;
    KEEP(*(.rdata_runtime_pseudo_reloc))
    __rt_psrelocs_end = .;
    /* read-only parts of .didat */
    /* This cannot currently be handled with grouped sections.
	See pe.em:sort_sections.  */
    . = ALIGN(8);
    __DELAY_IMPORT_DIRECTORY_start__ = .;
    KEEP (SORT(*)(.didat$2))
    KEEP (SORT(*)(.didat$3))
    __DELAY_IMPORT_DIRECTORY_end__ = .;
    /* These zeroes mark the end of the import list.  */
    . += (__DELAY_IMPORT_DIRECTORY_end__ - __DELAY_IMPORT_DIRECTORY_start__) ? 8*4 : 0;
    . = ALIGN(8);
    KEEP (SORT(*)(.didat$4))
    KEEP (SORT(*)(.didat$6))
    KEEP (SORT(*)(.didat$7))
    /* .ctors & .dtors */
    . = ALIGN(8);
       /* Note: we always define __CTOR_LIST__ and ___CTOR_LIST__ here,
          we do not PROVIDE them.  This is because the ctors.o startup
	  code in libgcc defines them as common symbols, with the
          expectation that they will be overridden by the definitions
	  here.  If we PROVIDE the symbols then they will not be
	  overridden and global constructors will not be run.
	  See PR 22762 for more details.

	  This does mean that it is not possible for a user to define
	  their own __CTOR_LIST__ and __DTOR_LIST__ symbols; if they do,
	  the content from those variables are included but the symbols
	  defined here silently take precedence.  If they truly need to
	  be redefined, a custom linker script will have to be used.
	  (The custom script can just be a copy of this script with the
	  PROVIDE() qualifiers added).
	  In particular this means that ld -Ur does not work, because
	  the proper __CTOR_LIST__ set by ld -Ur is overridden by a
	  bogus __CTOR_LIST__ set by the final link.  See PR 46.  */
       ___CTOR_LIST__ = .;
       __CTOR_LIST__ = .;
       LONG (-1); LONG (-1);
       KEEP (*(.ctors));
       KEEP (*(.ctor));
       KEEP (*(SORT_BY_NAME(.ctors.*)));
       LONG (0); LONG (0);
       /* See comment about __CTOR_LIST__ above.  The same reasoning
    	  applies here too.  */
       ___DTOR_LIST__ = .;
       __DTOR_LIST__ = .;
       LONG (-1); LONG (-1);
       KEEP (*(.dtors));
       KEEP (*(.dtor));
       KEEP (*(SORT_BY_NAME(.dtors.*)));
       LONG (0); LONG (0);
    /* .CRT */
    ___crt_xc_start__ = . ;
    KEEP (*(SORT(.CRT$XC*)))  /* C initialization */
    ___crt_xc_end__ = . ;
    ___crt_xi_start__ = . ;
    KEEP (*(SORT(.CRT$XI*)))  /* C++ initialization */
    ___crt_xi_end__ = . ;
    ___crt_xl_start__ = . ;
    KEEP (*(SORT(.CRT$XL*)))  /* TLS callbacks */
    /* ___crt_xl_end__ is defined in the TLS Directory support code */
    ___crt_xp_start__ = . ;
    KEEP (*(SORT(.CRT$XP*)))  /* Pre-termination */
    ___crt_xp_end__ = . ;
    ___crt_xt_start__ = . ;
    KEEP (*(SORT(.CRT$XT*)))  /* Termination */
    ___crt_xt_end__ = . ;
    ___crt_xd_start__ = . ;
    KEEP (*(SORT(.CRT$XD*)))  /* Dynamic TLS Initializer */
    ___crt_xd_end__ = . ;
  }
  ___RUNTIME_PSEUDO_RELOC_LIST_END__ = __rt_psrelocs_end;
  __RUNTIME_PSEUDO_RELOC_LIST_END__ = __rt_psrelocs_end;
  ___RUNTIME_PSEUDO_RELOC_LIST__ = __rt_psrelocs_start;
  __RUNTIME_PSEUDO_RELOC_LIST__ = __rt_psrelocs_start;
  .eh_frame BLOCK(__section_alignment__) :
  {
    KEEP (*(.eh_frame*))
  }
  .pdata BLOCK(__section_alignment__) :
  {
    KEEP(*(.pdata*))
  }
  .xdata BLOCK(__section_alignment__) :
  {
    KEEP(*(.xdata*))
  }
  .bss BLOCK(__section_alignment__) :
  {
    __bss_start__ = . ;
    *(.bss)
    *(COMMON)
    __bss_end__ = . ;
  }
  .edata BLOCK(__section_alignment__) :
  {
    *(.edata)
  }
  /DISCARD/ :
  {
    *(.debug$S)
    *(.debug$T)
    *(.debug$F)
     *(.drectve)
     *(.note.GNU-stack)
     *(.gnu.lto_*)
     *(.gnu_object_only)
  }
  .idata BLOCK(__section_alignment__) :
  {
    /* This cannot currently be handled with grouped sections.
	See pep.em:sort_sections.  */
    KEEP (SORT(*)(.idata$2))
    KEEP (SORT(*)(.idata$3))
    /* These zeroes mark the end of the import list.  */
    LONG (0); LONG (0); LONG (0); LONG (0); LONG (0);
    . = ALIGN(8);
    KEEP (SORT(*)(.idata$4))
    __IAT_start__ = .;
    SORT(*)(.idata$5)
    __IAT_end__ = .;
    KEEP (SORT(*)(.idata$6))
    KEEP (SORT(*)(.idata$7))
  }
  .didat BLOCK(__section_alignment__) :
  {
    /* This cannot currently be handled with grouped sections.
	See pep.em:sort_sections.  */
    SORT(*)(.didat$5)
  }
  /* Windows TLS expects .tls$AAA to be at the start and .tls$ZZZ to be
     at the end of the .tls section.  This is important because _tls_start MUST
     be at the beginning of the section to enable SECREL32 relocations with TLS
     data.  */
  .tls BLOCK(__section_alignment__) :
  {
    ___tls_start__ = . ;
    KEEP (*(.tls$AAA))
    KEEP (*(.tls))
    KEEP (*(.tls$))
    KEEP (*(SORT(.tls$*)))
    KEEP (*(.tls$ZZZ))
    ___tls_end__ = . ;
  }
  .endjunk BLOCK(__section_alignment__) :
  {
    /* end is deprecated, don't use it */
    PROVIDE (end = .);
    PROVIDE ( _end = .);
     __end__ = .;
  }
  .rsrc BLOCK(__section_alignment__) : SUBALIGN(4)
  {
    KEEP (*(.rsrc))
    KEEP (*(.rsrc$*))
  }
  .reloc BLOCK(__section_alignment__) :
  {
    *(.reloc)
  }
  .stab BLOCK(__section_alignment__) (NOLOAD) :
  {
    *(.stab)
  }
  .stabstr BLOCK(__section_alignment__) (NOLOAD) :
  {
    *(.stabstr)
  }
  /* DWARF debug sections.
     Symbols in the DWARF debugging sections are relative to the beginning
     of the section.  Unlike other targets that fake this by putting the
     section VMA at 0, the PE format will not allow it.  */
  /* DWARF 1.1 and DWARF 2.  */
  .debug_aranges BLOCK(__section_alignment__) (NOLOAD) :
  {
    *(.debug_aranges)
  }
  .zdebug_aranges BLOCK(__section_alignment__) (NOLOAD) :
  {
    *(.zdebug_aranges)
  }
  .debug_pubnames BLOCK(__section_alignment__) (NOLOAD) :
  {
    *(.debug_pubnames)
  }
  .zdebug_pubnames BLOCK(__section_alignment__) (NOLOAD) :
  {
    *(.zdebug_pubnames)
  }
  /* DWARF 2.  */
  .debug_info BLOCK(__section_alignment__) (NOLOAD) :
  {
    *(.debug_info .gnu.linkonce.wi.*)
  }
  .zdebug_info BLOCK(__section_alignment__) (NOLOAD) :
  {
    *(.zdebug_info .zdebug.gnu.linkonce.wi.*)
  }
  .debug_abbrev BLOCK(__section_alignment__) (NOLOAD) :
  {
    *(.debug_abbrev)
  }
  .zdebug_abbrev BLOCK(__section_alignment__) (NOLOAD) :
  {
    *(.zdebug_abbrev)
  }
  .debug_line BLOCK(__section_alignment__) (NOLOAD) :
  {
    *(.debug_line)
  }
  .zdebug_line BLOCK(__section_alignment__) (NOLOAD) :
  {
    *(.zdebug_line)
  }
  .debug_frame BLOCK(__section_alignment__) (NOLOAD) :
  {
    *(.debug_frame*)
  }
  .zdebug_frame BLOCK(__section_alignment__) (NOLOAD) :
  {
    *(.zdebug_frame*)
  }
  .debug_str BLOCK(__section_alignment__) (NOLOAD) :
  {
    *(.debug_str)
  }
  .zdebug_str BLOCK(__section_alignment__) (NOLOAD) :
  {
    *(.zdebug_str)
  }
  .debug_loc BLOCK(__section_alignment__) (NOLOAD) :
  {
    *(.debug_loc)
  }
  .zdebug_loc BLOCK(__section_alignment__) (NOLOAD) :
  {
    *(.zdebug_loc)
  }
  .debug_macinfo BLOCK(__section_alignment__) (NOLOAD) :
  {
    *(.debug_macinfo)
  }
  .zdebug_macinfo BLOCK(__section_alignment__) (NOLOAD) :
  {
    *(.zdebug_macinfo)
  }
  /* SGI/MIPS DWARF 2 extensions.  */
  .debug_weaknames BLOCK(__section_alignment__) (NOLOAD) :
  {
    *(.debug_weaknames)
  }
  .zdebug_weaknames BLOCK(__section_alignment__) (NOLOAD) :
  {
    *(.zdebug_weaknames)
  }
  .debug_funcnames BLOCK(__section_alignment__) (NOLOAD) :
  {
    *(.debug_funcnames)
  }
  .zdebug_funcnames BLOCK(__section_alignment__) (NOLOAD) :
  {
    *(.zdebug_funcnames)
  }
  .debug_typenames BLOCK(__section_alignment__) (NOLOAD) :
  {
    *(.debug_typenames)
  }
  .zdebug_typenames BLOCK(__section_alignment__) (NOLOAD) :
  {
    *(.zdebug_typenames)
  }
  .debug_varnames BLOCK(__section_alignment__) (NOLOAD) :
  {
    *(.debug_varnames)
  }
  .zdebug_varnames BLOCK(__section_alignment__) (NOLOAD) :
  {
    *(.zdebug_varnames)
  }
  /* DWARF 3.  */
  .debug_pubtypes BLOCK(__section_alignment__) (NOLOAD) :
  {
    *(.debug_pubtypes)
  }
  .zdebug_pubtypes BLOCK(__section_alignment__) (NOLOAD) :
  {
    *(.zdebug_pubtypes)
  }
  .debug_ranges BLOCK(__section_alignment__) (NOLOAD) :
  {
    *(.debug_ranges)
  }
  .zdebug_ranges BLOCK(__section_alignment__) (NOLOAD) :
  {
    *(.zdebug_ranges)
  }
  /* DWARF 4.  */
  .debug_types BLOCK(__section_alignment__) (NOLOAD) :
  {
    *(.debug_types .gnu.linkonce.wt.*)
  }
  .zdebug_types BLOCK(__section_alignment__) (NOLOAD) :
  {
    *(.zdebug_types .gnu.linkonce.wt.*)
  }
  /* DWARF 5.  */
  .debug_addr BLOCK(__section_alignment__) (NOLOAD) :
  {
    *(.debug_addr)
  }
  .zdebug_addr BLOCK(__section_alignment__) (NOLOAD) :
  {
    *(.zdebug_addr)
  }
  .debug_line_str BLOCK(__section_alignment__) (NOLOAD) :
  {
    *(.debug_line_str)
  }
  .zdebug_line_str BLOCK(__section_alignment__) (NOLOAD) :
  {
    *(.zdebug_line_str)
  }
  .debug_loclists BLOCK(__section_alignment__) (NOLOAD) :
  {
    *(.debug_loclists)
  }
  .zdebug_loclists BLOCK(__section_alignment__) (NOLOAD) :
  {
    *(.zdebug_loclists)
  }
  .debug_macro BLOCK(__section_alignment__) (NOLOAD) :
  {
    *(.debug_macro)
  }
  .zdebug_macro BLOCK(__section_alignment__) (NOLOAD) :
  {
    *(.zdebug_macro)
  }
  .debug_names BLOCK(__section_alignment__) (NOLOAD) :
  {
    *(.debug_names)
  }
  .zdebug_names BLOCK(__section_alignment__) (NOLOAD) :
  {
    *(.zdebug_names)
  }
  .debug_rnglists BLOCK(__section_alignment__) (NOLOAD) :
  {
    *(.debug_rnglists)
  }
  .zdebug_rnglists BLOCK(__section_alignment__) (NOLOAD) :
  {
    *(.zdebug_rnglists)
  }
  .debug_str_offsets BLOCK(__section_alignment__) (NOLOAD) :
  {
    *(.debug_str_offsets)
  }
  .zdebug_str_offsets BLOCK(__section_alignment__) (NOLOAD) :
  {
    *(.zdebug_str_offsets)
  }
  .debug_sup BLOCK(__section_alignment__) (NOLOAD) :
  {
    *(.debug_sup)
  }
  /* For Go and Rust.  */
  .debug_gdb_scripts BLOCK(__section_alignment__) (NOLOAD) :
  {
    *(.debug_gdb_scripts)
  }
  .zdebug_gdb_scripts BLOCK(__section_alignment__) (NOLOAD) :
  {
    *(.zdebug_gdb_scripts)
  }
}


==================================================
C:/msys64/mingw64/bin/../lib/gcc/x86_64-w64-mingw32/15.2.0/../../../../x86_64-w64-mingw32/bin/ld.exe: mode i386pep
attempt to open C:/msys64/mingw64/bin/../lib/gcc/x86_64-w64-mingw32/15.2.0/../../../../lib/crt2.o succeeded
C:/msys64/mingw64/bin/../lib/gcc/x86_64-w64-mingw32/15.2.0/../../../../lib/crt2.o
attempt to open C:/msys64/mingw64/bin/../lib/gcc/x86_64-w64-mingw32/15.2.0/crtbegin.o succeeded
C:/msys64/mingw64/bin/../lib/gcc/x86_64-w64-mingw32/15.2.0/crtbegin.o
attempt to open C:\msys64\tmp\ccRNtUsf.o succeeded
C:\msys64\tmp\ccRNtUsf.o
attempt to open T:/GitHub/my_scripts/lab3/deps/Windows/ffmpeg/lib/libavutil.dll.a failed
attempt to open T:/GitHub/my_scripts/lab3/deps/Windows/ffmpeg/lib/avutil.dll.a failed
attempt to open T:/GitHub/my_scripts/lab3/deps/Windows/ffmpeg/lib/libavutil.a succeeded
T:/GitHub/my_scripts/lab3/deps/Windows/ffmpeg/lib/libavutil.a
attempt to open T:/GitHub/my_scripts/lab3/deps/Windows/ffmpeg/lib/libstdc++.dll.a failed
attempt to open T:/GitHub/my_scripts/lab3/deps/Windows/ffmpeg/lib/stdc++.dll.a failed
attempt to open T:/GitHub/my_scripts/lab3/deps/Windows/ffmpeg/lib/libstdc++.a failed
attempt to open T:/GitHub/my_scripts/lab3/deps/Windows/ffmpeg/lib/stdc++.lib failed
attempt to open T:/GitHub/my_scripts/lab3/deps/Windows/ffmpeg/lib/libstdc++.lib failed
attempt to open T:/GitHub/my_scripts/lab3/deps/Windows/ffmpeg/lib/libstdc++.dll failed
attempt to open T:/GitHub/my_scripts/lab3/deps/Windows/ffmpeg/lib/stdc++.dll failed
attempt to open T:/GitHub/my_scripts/lab3/deps/Windows/ffmpeg/lib\libstdc++.a failed
attempt to open C:/msys64/mingw64/bin/../lib/gcc/x86_64-w64-mingw32/15.2.0/libstdc++.dll.a failed
attempt to open C:/msys64/mingw64/bin/../lib/gcc/x86_64-w64-mingw32/15.2.0/stdc++.dll.a failed
attempt to open C:/msys64/mingw64/bin/../lib/gcc/x86_64-w64-mingw32/15.2.0/libstdc++.a failed
attempt to open C:/msys64/mingw64/bin/../lib/gcc/x86_64-w64-mingw32/15.2.0/stdc++.lib failed
attempt to open C:/msys64/mingw64/bin/../lib/gcc/x86_64-w64-mingw32/15.2.0/libstdc++.lib failed
attempt to open C:/msys64/mingw64/bin/../lib/gcc/x86_64-w64-mingw32/15.2.0/libstdc++.dll failed
attempt to open C:/msys64/mingw64/bin/../lib/gcc/x86_64-w64-mingw32/15.2.0/stdc++.dll failed
attempt to open C:/msys64/mingw64/bin/../lib/gcc/x86_64-w64-mingw32/15.2.0\libstdc++.a failed
attempt to open C:/msys64/mingw64/bin/../lib/gcc/libstdc++.dll.a failed
attempt to open C:/msys64/mingw64/bin/../lib/gcc/stdc++.dll.a failed
attempt to open C:/msys64/mingw64/bin/../lib/gcc/libstdc++.a failed
attempt to open C:/msys64/mingw64/bin/../lib/gcc/stdc++.lib failed
attempt to open C:/msys64/mingw64/bin/../lib/gcc/libstdc++.lib failed
attempt to open C:/msys64/mingw64/bin/../lib/gcc/libstdc++.dll failed
attempt to open C:/msys64/mingw64/bin/../lib/gcc/stdc++.dll failed
attempt to open C:/msys64/mingw64/bin/../lib/gcc\libstdc++.a failed
attempt to open C:/msys64/mingw64/bin/../lib/gcc/x86_64-w64-mingw32/15.2.0/../../../../x86_64-w64-mingw32/lib/../lib/libstdc++.dll.a failed
attempt to open C:/msys64/mingw64/bin/../lib/gcc/x86_64-w64-mingw32/15.2.0/../../../../x86_64-w64-mingw32/lib/../lib/stdc++.dll.a failed
attempt to open C:/msys64/mingw64/bin/../lib/gcc/x86_64-w64-mingw32/15.2.0/../../../../x86_64-w64-mingw32/lib/../lib/libstdc++.a failed
attempt to open C:/msys64/mingw64/bin/../lib/gcc/x86_64-w64-mingw32/15.2.0/../../../../x86_64-w64-mingw32/lib/../lib/stdc++.lib failed
attempt to open C:/msys64/mingw64/bin/../lib/gcc/x86_64-w64-mingw32/15.2.0/../../../../x86_64-w64-mingw32/lib/../lib/libstdc++.lib failed
attempt to open C:/msys64/mingw64/bin/../lib/gcc/x86_64-w64-mingw32/15.2.0/../../../../x86_64-w64-mingw32/lib/../lib/libstdc++.dll failed
attempt to open C:/msys64/mingw64/bin/../lib/gcc/x86_64-w64-mingw32/15.2.0/../../../../x86_64-w64-mingw32/lib/../lib/stdc++.dll failed
attempt to open C:/msys64/mingw64/bin/../lib/gcc/x86_64-w64-mingw32/15.2.0/../../../../x86_64-w64-mingw32/lib/../lib\libstdc++.a failed
attempt to open C:/msys64/mingw64/bin/../lib/gcc/x86_64-w64-mingw32/15.2.0/../../../../lib/libstdc++.dll.a succeeded
C:/msys64/mingw64/bin/../lib/gcc/x86_64-w64-mingw32/15.2.0/../../../../lib/libstdc++.dll.a
attempt to open T:/GitHub/my_scripts/lab3/deps/Windows/ffmpeg/lib/libmingw32.dll.a failed
attempt to open T:/GitHub/my_scripts/lab3/deps/Windows/ffmpeg/lib/mingw32.dll.a failed
attempt to open T:/GitHub/my_scripts/lab3/deps/Windows/ffmpeg/lib/libmingw32.a failed
attempt to open T:/GitHub/my_scripts/lab3/deps/Windows/ffmpeg/lib/mingw32.lib failed
attempt to open T:/GitHub/my_scripts/lab3/deps/Windows/ffmpeg/lib/libmingw32.lib failed
attempt to open T:/GitHub/my_scripts/lab3/deps/Windows/ffmpeg/lib/libmingw32.dll failed
attempt to open T:/GitHub/my_scripts/lab3/deps/Windows/ffmpeg/lib/mingw32.dll failed
attempt to open T:/GitHub/my_scripts/lab3/deps/Windows/ffmpeg/lib\libmingw32.a failed
attempt to open C:/msys64/mingw64/bin/../lib/gcc/x86_64-w64-mingw32/15.2.0/libmingw32.dll.a failed
attempt to open C:/msys64/mingw64/bin/../lib/gcc/x86_64-w64-mingw32/15.2.0/mingw32.dll.a failed
attempt to open C:/msys64/mingw64/bin/../lib/gcc/x86_64-w64-mingw32/15.2.0/libmingw32.a failed
attempt to open C:/msys64/mingw64/bin/../lib/gcc/x86_64-w64-mingw32/15.2.0/mingw32.lib failed
attempt to open C:/msys64/mingw64/bin/../lib/gcc/x86_64-w64-mingw32/15.2.0/libmingw32.lib failed
attempt to open C:/msys64/mingw64/bin/../lib/gcc/x86_64-w64-mingw32/15.2.0/libmingw32.dll failed
attempt to open C:/msys64/mingw64/bin/../lib/gcc/x86_64-w64-mingw32/15.2.0/mingw32.dll failed
attempt to open C:/msys64/mingw64/bin/../lib/gcc/x86_64-w64-mingw32/15.2.0\libmingw32.a failed
attempt to open C:/msys64/mingw64/bin/../lib/gcc/libmingw32.dll.a failed
attempt to open C:/msys64/mingw64/bin/../lib/gcc/mingw32.dll.a failed
attempt to open C:/msys64/mingw64/bin/../lib/gcc/libmingw32.a failed
attempt to open C:/msys64/mingw64/bin/../lib/gcc/mingw32.lib failed
attempt to open C:/msys64/mingw64/bin/../lib/gcc/libmingw32.lib failed
attempt to open C:/msys64/mingw64/bin/../lib/gcc/libmingw32.dll failed
attempt to open C:/msys64/mingw64/bin/../lib/gcc/mingw32.dll failed
attempt to open C:/msys64/mingw64/bin/../lib/gcc\libmingw32.a failed
attempt to open C:/msys64/mingw64/bin/../lib/gcc/x86_64-w64-mingw32/15.2.0/../../../../x86_64-w64-mingw32/lib/../lib/libmingw32.dll.a failed
attempt to open C:/msys64/mingw64/bin/../lib/gcc/x86_64-w64-mingw32/15.2.0/../../../../x86_64-w64-mingw32/lib/../lib/mingw32.dll.a failed
attempt to open C:/msys64/mingw64/bin/../lib/gcc/x86_64-w64-mingw32/15.2.0/../../../../x86_64-w64-mingw32/lib/../lib/libmingw32.a failed
attempt to open C:/msys64/mingw64/bin/../lib/gcc/x86_64-w64-mingw32/15.2.0/../../../../x86_64-w64-mingw32/lib/../lib/mingw32.lib failed
attempt to open C:/msys64/mingw64/bin/../lib/gcc/x86_64-w64-mingw32/15.2.0/../../../../x86_64-w64-mingw32/lib/../lib/libmingw32.lib failed
attempt to open C:/msys64/mingw64/bin/../lib/gcc/x86_64-w64-mingw32/15.2.0/../../../../x86_64-w64-mingw32/lib/../lib/libmingw32.dll failed
attempt to open C:/msys64/mingw64/bin/../lib/gcc/x86_64-w64-mingw32/15.2.0/../../../../x86_64-w64-mingw32/lib/../lib/mingw32.dll failed
attempt to open C:/msys64/mingw64/bin/../lib/gcc/x86_64-w64-mingw32/15.2.0/../../../../x86_64-w64-mingw32/lib/../lib\libmingw32.a failed
attempt to open C:/msys64/mingw64/bin/../lib/gcc/x86_64-w64-mingw32/15.2.0/../../../../lib/libmingw32.dll.a failed
attempt to open C:/msys64/mingw64/bin/../lib/gcc/x86_64-w64-mingw32/15.2.0/../../../../lib/mingw32.dll.a failed
attempt to open C:/msys64/mingw64/bin/../lib/gcc/x86_64-w64-mingw32/15.2.0/../../../../lib/libmingw32.a succeeded
C:/msys64/mingw64/bin/../lib/gcc/x86_64-w64-mingw32/15.2.0/../../../../lib/libmingw32.a
(C:/msys64/mingw64/bin/../lib/gcc/x86_64-w64-mingw32/15.2.0/../../../../lib/libmingw32.a)lib64_libmingw32_a-gccmain.o
(C:/msys64/mingw64/bin/../lib/gcc/x86_64-w64-mingw32/15.2.0/../../../../lib/libmingw32.a)lib64_libmingw32_a-natstart.o
(C:/msys64/mingw64/bin/../lib/gcc/x86_64-w64-mingw32/15.2.0/../../../../lib/libmingw32.a)lib64_libmingw32_a-wildcard.o
(C:/msys64/mingw64/bin/../lib/gcc/x86_64-w64-mingw32/15.2.0/../../../../lib/libmingw32.a)lib64_libmingw32_a-dllargv.o
(C:/msys64/mingw64/bin/../lib/gcc/x86_64-w64-mingw32/15.2.0/../../../../lib/libmingw32.a)lib64_libmingw32_a-_newmode.o
(C:/msys64/mingw64/bin/../lib/gcc/x86_64-w64-mingw32/15.2.0/../../../../lib/libmingw32.a)lib64_libmingw32_a-tlssup.o
(C:/msys64/mingw64/bin/../lib/gcc/x86_64-w64-mingw32/15.2.0/../../../../lib/libmingw32.a)lib64_libmingw32_a-xncommod.o
(C:/msys64/mingw64/bin/../lib/gcc/x86_64-w64-mingw32/15.2.0/../../../../lib/libmingw32.a)lib64_libmingw32_a-cinitexe.o
(C:/msys64/mingw64/bin/../lib/gcc/x86_64-w64-mingw32/15.2.0/../../../../lib/libmingw32.a)lib64_libmingw32_a-merr.o
(C:/msys64/mingw64/bin/../lib/gcc/x86_64-w64-mingw32/15.2.0/../../../../lib/libmingw32.a)lib64_libmingw32_a-xthdloc.o
(C:/msys64/mingw64/bin/../lib/gcc/x86_64-w64-mingw32/15.2.0/../../../../lib/libmingw32.a)lib64_libmingw32_a-mingw_helpers.o
(C:/msys64/mingw64/bin/../lib/gcc/x86_64-w64-mingw32/15.2.0/../../../../lib/libmingw32.a)lib64_libmingw32_a-pseudo-reloc.o
(C:/msys64/mingw64/bin/../lib/gcc/x86_64-w64-mingw32/15.2.0/../../../../lib/libmingw32.a)lib64_libmingw32_a-usermatherr.o
(C:/msys64/mingw64/bin/../lib/gcc/x86_64-w64-mingw32/15.2.0/../../../../lib/libmingw32.a)lib64_libmingw32_a-xtxtmode.o
(C:/msys64/mingw64/bin/../lib/gcc/x86_64-w64-mingw32/15.2.0/../../../../lib/libmingw32.a)lib64_libmingw32_a-crt_handler.o
(C:/msys64/mingw64/bin/../lib/gcc/x86_64-w64-mingw32/15.2.0/../../../../lib/libmingw32.a)lib64_libmingw32_a-tlsthrd.o
(C:/msys64/mingw64/bin/../lib/gcc/x86_64-w64-mingw32/15.2.0/../../../../lib/libmingw32.a)lib64_libmingw32_a-tlsmcrt.o
(C:/msys64/mingw64/bin/../lib/gcc/x86_64-w64-mingw32/15.2.0/../../../../lib/libmingw32.a)lib64_libmingw32_a-CRT_fp10.o
(C:/msys64/mingw64/bin/../lib/gcc/x86_64-w64-mingw32/15.2.0/../../../../lib/libmingw32.a)lib64_libmingw32_a-pseudo-reloc-list.o
(C:/msys64/mingw64/bin/../lib/gcc/x86_64-w64-mingw32/15.2.0/../../../../lib/libmingw32.a)lib64_libmingw32_a-pesect.o
attempt to open T:/GitHub/my_scripts/lab3/deps/Windows/ffmpeg/lib/libgcc_s.dll.a failed
attempt to open T:/GitHub/my_scripts/lab3/deps/Windows/ffmpeg/lib/gcc_s.dll.a failed
attempt to open T:/GitHub/my_scripts/lab3/deps/Windows/ffmpeg/lib/libgcc_s.a failed
attempt to open T:/GitHub/my_scripts/lab3/deps/Windows/ffmpeg/lib/gcc_s.lib failed
attempt to open T:/GitHub/my_scripts/lab3/deps/Windows/ffmpeg/lib/libgcc_s.lib failed
attempt to open T:/GitHub/my_scripts/lab3/deps/Windows/ffmpeg/lib/libgcc_s.dll failed
attempt to open T:/GitHub/my_scripts/lab3/deps/Windows/ffmpeg/lib/gcc_s.dll failed
attempt to open T:/GitHub/my_scripts/lab3/deps/Windows/ffmpeg/lib\libgcc_s.a failed
attempt to open C:/msys64/mingw64/bin/../lib/gcc/x86_64-w64-mingw32/15.2.0/libgcc_s.dll.a failed
attempt to open C:/msys64/mingw64/bin/../lib/gcc/x86_64-w64-mingw32/15.2.0/gcc_s.dll.a failed
attempt to open C:/msys64/mingw64/bin/../lib/gcc/x86_64-w64-mingw32/15.2.0/libgcc_s.a failed
attempt to open C:/msys64/mingw64/bin/../lib/gcc/x86_64-w64-mingw32/15.2.0/gcc_s.lib failed
attempt to open C:/msys64/mingw64/bin/../lib/gcc/x86_64-w64-mingw32/15.2.0/libgcc_s.lib failed
attempt to open C:/msys64/mingw64/bin/../lib/gcc/x86_64-w64-mingw32/15.2.0/libgcc_s.dll failed
attempt to open C:/msys64/mingw64/bin/../lib/gcc/x86_64-w64-mingw32/15.2.0/gcc_s.dll failed
attempt to open C:/msys64/mingw64/bin/../lib/gcc/x86_64-w64-mingw32/15.2.0\libgcc_s.a failed
attempt to open C:/msys64/mingw64/bin/../lib/gcc/libgcc_s.dll.a failed
attempt to open C:/msys64/mingw64/bin/../lib/gcc/gcc_s.dll.a failed
attempt to open C:/msys64/mingw64/bin/../lib/gcc/libgcc_s.a failed
attempt to open C:/msys64/mingw64/bin/../lib/gcc/gcc_s.lib failed
attempt to open C:/msys64/mingw64/bin/../lib/gcc/libgcc_s.lib failed
attempt to open C:/msys64/mingw64/bin/../lib/gcc/libgcc_s.dll failed
attempt to open C:/msys64/mingw64/bin/../lib/gcc/gcc_s.dll failed
attempt to open C:/msys64/mingw64/bin/../lib/gcc\libgcc_s.a failed
attempt to open C:/msys64/mingw64/bin/../lib/gcc/x86_64-w64-mingw32/15.2.0/../../../../x86_64-w64-mingw32/lib/../lib/libgcc_s.dll.a failed
attempt to open C:/msys64/mingw64/bin/../lib/gcc/x86_64-w64-mingw32/15.2.0/../../../../x86_64-w64-mingw32/lib/../lib/gcc_s.dll.a failed
attempt to open C:/msys64/mingw64/bin/../lib/gcc/x86_64-w64-mingw32/15.2.0/../../../../x86_64-w64-mingw32/lib/../lib/libgcc_s.a failed
attempt to open C:/msys64/mingw64/bin/../lib/gcc/x86_64-w64-mingw32/15.2.0/../../../../x86_64-w64-mingw32/lib/../lib/gcc_s.lib failed
attempt to open C:/msys64/mingw64/bin/../lib/gcc/x86_64-w64-mingw32/15.2.0/../../../../x86_64-w64-mingw32/lib/../lib/libgcc_s.lib failed
attempt to open C:/msys64/mingw64/bin/../lib/gcc/x86_64-w64-mingw32/15.2.0/../../../../x86_64-w64-mingw32/lib/../lib/libgcc_s.dll failed
attempt to open C:/msys64/mingw64/bin/../lib/gcc/x86_64-w64-mingw32/15.2.0/../../../../x86_64-w64-mingw32/lib/../lib/gcc_s.dll failed
attempt to open C:/msys64/mingw64/bin/../lib/gcc/x86_64-w64-mingw32/15.2.0/../../../../x86_64-w64-mingw32/lib/../lib\libgcc_s.a failed
attempt to open C:/msys64/mingw64/bin/../lib/gcc/x86_64-w64-mingw32/15.2.0/../../../../lib/libgcc_s.dll.a failed
attempt to open C:/msys64/mingw64/bin/../lib/gcc/x86_64-w64-mingw32/15.2.0/../../../../lib/gcc_s.dll.a failed
attempt to open C:/msys64/mingw64/bin/../lib/gcc/x86_64-w64-mingw32/15.2.0/../../../../lib/libgcc_s.a succeeded
C:/msys64/mingw64/bin/../lib/gcc/x86_64-w64-mingw32/15.2.0/../../../../lib/libgcc_s.a
attempt to open T:/GitHub/my_scripts/lab3/deps/Windows/ffmpeg/lib/libgcc.dll.a failed
attempt to open T:/GitHub/my_scripts/lab3/deps/Windows/ffmpeg/lib/gcc.dll.a failed
attempt to open T:/GitHub/my_scripts/lab3/deps/Windows/ffmpeg/lib/libgcc.a failed
attempt to open T:/GitHub/my_scripts/lab3/deps/Windows/ffmpeg/lib/gcc.lib failed
attempt to open T:/GitHub/my_scripts/lab3/deps/Windows/ffmpeg/lib/libgcc.lib failed
attempt to open T:/GitHub/my_scripts/lab3/deps/Windows/ffmpeg/lib/libgcc.dll failed
attempt to open T:/GitHub/my_scripts/lab3/deps/Windows/ffmpeg/lib/gcc.dll failed
attempt to open T:/GitHub/my_scripts/lab3/deps/Windows/ffmpeg/lib\libgcc.a failed
attempt to open C:/msys64/mingw64/bin/../lib/gcc/x86_64-w64-mingw32/15.2.0/libgcc.dll.a failed
attempt to open C:/msys64/mingw64/bin/../lib/gcc/x86_64-w64-mingw32/15.2.0/gcc.dll.a failed
attempt to open C:/msys64/mingw64/bin/../lib/gcc/x86_64-w64-mingw32/15.2.0/libgcc.a succeeded
C:/msys64/mingw64/bin/../lib/gcc/x86_64-w64-mingw32/15.2.0/libgcc.a
(C:/msys64/mingw64/bin/../lib/gcc/x86_64-w64-mingw32/15.2.0/libgcc.a)_chkstk_ms.o
(C:/msys64/mingw64/bin/../lib/gcc/x86_64-w64-mingw32/15.2.0/libgcc.a)_ctors.o
attempt to open T:/GitHub/my_scripts/lab3/deps/Windows/ffmpeg/lib/libmingwex.dll.a failed
attempt to open T:/GitHub/my_scripts/lab3/deps/Windows/ffmpeg/lib/mingwex.dll.a failed
attempt to open T:/GitHub/my_scripts/lab3/deps/Windows/ffmpeg/lib/libmingwex.a failed
attempt to open T:/GitHub/my_scripts/lab3/deps/Windows/ffmpeg/lib/mingwex.lib failed
attempt to open T:/GitHub/my_scripts/lab3/deps/Windows/ffmpeg/lib/libmingwex.lib failed
attempt to open T:/GitHub/my_scripts/lab3/deps/Windows/ffmpeg/lib/libmingwex.dll failed
attempt to open T:/GitHub/my_scripts/lab3/deps/Windows/ffmpeg/lib/mingwex.dll failed
attempt to open T:/GitHub/my_scripts/lab3/deps/Windows/ffmpeg/lib\libmingwex.a failed
attempt to open C:/msys64/mingw64/bin/../lib/gcc/x86_64-w64-mingw32/15.2.0/libmingwex.dll.a failed
attempt to open C:/msys64/mingw64/bin/../lib/gcc/x86_64-w64-mingw32/15.2.0/mingwex.dll.a failed
attempt to open C:/msys64/mingw64/bin/../lib/gcc/x86_64-w64-mingw32/15.2.0/libmingwex.a failed
attempt to open C:/msys64/mingw64/bin/../lib/gcc/x86_64-w64-mingw32/15.2.0/mingwex.lib failed
attempt to open C:/msys64/mingw64/bin/../lib/gcc/x86_64-w64-mingw32/15.2.0/libmingwex.lib failed
attempt to open C:/msys64/mingw64/bin/../lib/gcc/x86_64-w64-mingw32/15.2.0/libmingwex.dll failed
attempt to open C:/msys64/mingw64/bin/../lib/gcc/x86_64-w64-mingw32/15.2.0/mingwex.dll failed
attempt to open C:/msys64/mingw64/bin/../lib/gcc/x86_64-w64-mingw32/15.2.0\libmingwex.a failed
attempt to open C:/msys64/mingw64/bin/../lib/gcc/libmingwex.dll.a failed
attempt to open C:/msys64/mingw64/bin/../lib/gcc/mingwex.dll.a failed
attempt to open C:/msys64/mingw64/bin/../lib/gcc/libmingwex.a failed
attempt to open C:/msys64/mingw64/bin/../lib/gcc/mingwex.lib failed
attempt to open C:/msys64/mingw64/bin/../lib/gcc/libmingwex.lib failed
attempt to open C:/msys64/mingw64/bin/../lib/gcc/libmingwex.dll failed
attempt to open C:/msys64/mingw64/bin/../lib/gcc/mingwex.dll failed
attempt to open C:/msys64/mingw64/bin/../lib/gcc\libmingwex.a failed
attempt to open C:/msys64/mingw64/bin/../lib/gcc/x86_64-w64-mingw32/15.2.0/../../../../x86_64-w64-mingw32/lib/../lib/libmingwex.dll.a failed
attempt to open C:/msys64/mingw64/bin/../lib/gcc/x86_64-w64-mingw32/15.2.0/../../../../x86_64-w64-mingw32/lib/../lib/mingwex.dll.a failed
attempt to open C:/msys64/mingw64/bin/../lib/gcc/x86_64-w64-mingw32/15.2.0/../../../../x86_64-w64-mingw32/lib/../lib/libmingwex.a failed
attempt to open C:/msys64/mingw64/bin/../lib/gcc/x86_64-w64-mingw32/15.2.0/../../../../x86_64-w64-mingw32/lib/../lib/mingwex.lib failed
attempt to open C:/msys64/mingw64/bin/../lib/gcc/x86_64-w64-mingw32/15.2.0/../../../../x86_64-w64-mingw32/lib/../lib/libmingwex.lib failed
attempt to open C:/msys64/mingw64/bin/../lib/gcc/x86_64-w64-mingw32/15.2.0/../../../../x86_64-w64-mingw32/lib/../lib/libmingwex.dll failed
attempt to open C:/msys64/mingw64/bin/../lib/gcc/x86_64-w64-mingw32/15.2.0/../../../../x86_64-w64-mingw32/lib/../lib/mingwex.dll failed
attempt to open C:/msys64/mingw64/bin/../lib/gcc/x86_64-w64-mingw32/15.2.0/../../../../x86_64-w64-mingw32/lib/../lib\libmingwex.a failed
attempt to open C:/msys64/mingw64/bin/../lib/gcc/x86_64-w64-mingw32/15.2.0/../../../../lib/libmingwex.dll.a failed
attempt to open C:/msys64/mingw64/bin/../lib/gcc/x86_64-w64-mingw32/15.2.0/../../../../lib/mingwex.dll.a failed
attempt to open C:/msys64/mingw64/bin/../lib/gcc/x86_64-w64-mingw32/15.2.0/../../../../lib/libmingwex.a succeeded
C:/msys64/mingw64/bin/../lib/gcc/x86_64-w64-mingw32/15.2.0/../../../../lib/libmingwex.a
(C:/msys64/mingw64/bin/../lib/gcc/x86_64-w64-mingw32/15.2.0/../../../../lib/libmingwex.a)lib64_libmingwex_a-mingw_matherr.o
(C:/msys64/mingw64/bin/../lib/gcc/x86_64-w64-mingw32/15.2.0/../../../../lib/libmingwex.a)lib64_libmingwex_a-mingw_fprintf.o
(C:/msys64/mingw64/bin/../lib/gcc/x86_64-w64-mingw32/15.2.0/../../../../lib/libmingwex.a)lib64_libmingwex_a-mingw_pformat.o
(C:/msys64/mingw64/bin/../lib/gcc/x86_64-w64-mingw32/15.2.0/../../../../lib/libmingwex.a)lib64_libmingwex_a-mingw_printf.o
(C:/msys64/mingw64/bin/../lib/gcc/x86_64-w64-mingw32/15.2.0/../../../../lib/libmingwex.a)lib64_libmingwex_a-dmisc.o
(C:/msys64/mingw64/bin/../lib/gcc/x86_64-w64-mingw32/15.2.0/../../../../lib/libmingwex.a)lib64_libmingwex_a-gdtoa.o
(C:/msys64/mingw64/bin/../lib/gcc/x86_64-w64-mingw32/15.2.0/../../../../lib/libmingwex.a)lib64_libmingwex_a-gmisc.o
(C:/msys64/mingw64/bin/../lib/gcc/x86_64-w64-mingw32/15.2.0/../../../../lib/libmingwex.a)lib64_libmingwex_a-misc.o
attempt to open T:/GitHub/my_scripts/lab3/deps/Windows/ffmpeg/lib/libmsvcrt.dll.a failed
attempt to open T:/GitHub/my_scripts/lab3/deps/Windows/ffmpeg/lib/msvcrt.dll.a failed
attempt to open T:/GitHub/my_scripts/lab3/deps/Windows/ffmpeg/lib/libmsvcrt.a failed
attempt to open T:/GitHub/my_scripts/lab3/deps/Windows/ffmpeg/lib/msvcrt.lib failed
attempt to open T:/GitHub/my_scripts/lab3/deps/Windows/ffmpeg/lib/libmsvcrt.lib failed
attempt to open T:/GitHub/my_scripts/lab3/deps/Windows/ffmpeg/lib/libmsvcrt.dll failed
attempt to open T:/GitHub/my_scripts/lab3/deps/Windows/ffmpeg/lib/msvcrt.dll failed
attempt to open T:/GitHub/my_scripts/lab3/deps/Windows/ffmpeg/lib\libmsvcrt.a failed
attempt to open C:/msys64/mingw64/bin/../lib/gcc/x86_64-w64-mingw32/15.2.0/libmsvcrt.dll.a failed
attempt to open C:/msys64/mingw64/bin/../lib/gcc/x86_64-w64-mingw32/15.2.0/msvcrt.dll.a failed
attempt to open C:/msys64/mingw64/bin/../lib/gcc/x86_64-w64-mingw32/15.2.0/libmsvcrt.a failed
attempt to open C:/msys64/mingw64/bin/../lib/gcc/x86_64-w64-mingw32/15.2.0/msvcrt.lib failed
attempt to open C:/msys64/mingw64/bin/../lib/gcc/x86_64-w64-mingw32/15.2.0/libmsvcrt.lib failed
attempt to open C:/msys64/mingw64/bin/../lib/gcc/x86_64-w64-mingw32/15.2.0/libmsvcrt.dll failed
attempt to open C:/msys64/mingw64/bin/../lib/gcc/x86_64-w64-mingw32/15.2.0/msvcrt.dll failed
attempt to open C:/msys64/mingw64/bin/../lib/gcc/x86_64-w64-mingw32/15.2.0\libmsvcrt.a failed
attempt to open C:/msys64/mingw64/bin/../lib/gcc/libmsvcrt.dll.a failed
attempt to open C:/msys64/mingw64/bin/../lib/gcc/msvcrt.dll.a failed
attempt to open C:/msys64/mingw64/bin/../lib/gcc/libmsvcrt.a failed
attempt to open C:/msys64/mingw64/bin/../lib/gcc/msvcrt.lib failed
attempt to open C:/msys64/mingw64/bin/../lib/gcc/libmsvcrt.lib failed
attempt to open C:/msys64/mingw64/bin/../lib/gcc/libmsvcrt.dll failed
attempt to open C:/msys64/mingw64/bin/../lib/gcc/msvcrt.dll failed
attempt to open C:/msys64/mingw64/bin/../lib/gcc\libmsvcrt.a failed
attempt to open C:/msys64/mingw64/bin/../lib/gcc/x86_64-w64-mingw32/15.2.0/../../../../x86_64-w64-mingw32/lib/../lib/libmsvcrt.dll.a failed
attempt to open C:/msys64/mingw64/bin/../lib/gcc/x86_64-w64-mingw32/15.2.0/../../../../x86_64-w64-mingw32/lib/../lib/msvcrt.dll.a failed
attempt to open C:/msys64/mingw64/bin/../lib/gcc/x86_64-w64-mingw32/15.2.0/../../../../x86_64-w64-mingw32/lib/../lib/libmsvcrt.a failed
attempt to open C:/msys64/mingw64/bin/../lib/gcc/x86_64-w64-mingw32/15.2.0/../../../../x86_64-w64-mingw32/lib/../lib/msvcrt.lib failed
attempt to open C:/msys64/mingw64/bin/../lib/gcc/x86_64-w64-mingw32/15.2.0/../../../../x86_64-w64-mingw32/lib/../lib/libmsvcrt.lib failed
attempt to open C:/msys64/mingw64/bin/../lib/gcc/x86_64-w64-mingw32/15.2.0/../../../../x86_64-w64-mingw32/lib/../lib/libmsvcrt.dll failed
attempt to open C:/msys64/mingw64/bin/../lib/gcc/x86_64-w64-mingw32/15.2.0/../../../../x86_64-w64-mingw32/lib/../lib/msvcrt.dll failed
attempt to open C:/msys64/mingw64/bin/../lib/gcc/x86_64-w64-mingw32/15.2.0/../../../../x86_64-w64-mingw32/lib/../lib\libmsvcrt.a failed
attempt to open C:/msys64/mingw64/bin/../lib/gcc/x86_64-w64-mingw32/15.2.0/../../../../lib/libmsvcrt.dll.a failed
attempt to open C:/msys64/mingw64/bin/../lib/gcc/x86_64-w64-mingw32/15.2.0/../../../../lib/msvcrt.dll.a failed
attempt to open C:/msys64/mingw64/bin/../lib/gcc/x86_64-w64-mingw32/15.2.0/../../../../lib/libmsvcrt.a succeeded
C:/msys64/mingw64/bin/../lib/gcc/x86_64-w64-mingw32/15.2.0/../../../../lib/libmsvcrt.a
(C:/msys64/mingw64/bin/../lib/gcc/x86_64-w64-mingw32/15.2.0/../../../../lib/libmsvcrt.a)lib64_libmsvcrt_extra_a-wcsnlen.o
(C:/msys64/mingw64/bin/../lib/gcc/x86_64-w64-mingw32/15.2.0/../../../../lib/libmsvcrt.a)lib64_libmsvcrt_extra_a-strnlen.o
(C:/msys64/mingw64/bin/../lib/gcc/x86_64-w64-mingw32/15.2.0/../../../../lib/libmsvcrt.a)lib64_libmsvcrt_extra_a-_initterm_e.o
(C:/msys64/mingw64/bin/../lib/gcc/x86_64-w64-mingw32/15.2.0/../../../../lib/libmsvcrt.a)lib64_libmsvcrt_extra_a-__p__fmode.o
(C:/msys64/mingw64/bin/../lib/gcc/x86_64-w64-mingw32/15.2.0/../../../../lib/libmsvcrt.a)lib64_libmsvcrt_extra_a-__p__commode.o
(C:/msys64/mingw64/bin/../lib/gcc/x86_64-w64-mingw32/15.2.0/../../../../lib/libmsvcrt.a)lib64_libmsvcrt_extra_a-__p___initenv.o
(C:/msys64/mingw64/bin/../lib/gcc/x86_64-w64-mingw32/15.2.0/../../../../lib/libmsvcrt.a)lib64_libmsvcrt_extra_a-mingw_lock.o
(C:/msys64/mingw64/bin/../lib/gcc/x86_64-w64-mingw32/15.2.0/../../../../lib/libmsvcrt.a)lib64_libmsvcrt_extra_a-invalid_parameter_handler.o
(C:/msys64/mingw64/bin/../lib/gcc/x86_64-w64-mingw32/15.2.0/../../../../lib/libmsvcrt.a)lib64_libmsvcrt_extra_a-_configthreadlocale.o
(C:/msys64/mingw64/bin/../lib/gcc/x86_64-w64-mingw32/15.2.0/../../../../lib/libmsvcrt.a)lib64_libmsvcrt_common_a-acrt_iob_func.o
(C:/msys64/mingw64/bin/../lib/gcc/x86_64-w64-mingw32/15.2.0/../../../../lib/libmsvcrt.a)lib64_libmsvcrt_common_a-wcrtomb.o
(C:/msys64/mingw64/bin/../lib/gcc/x86_64-w64-mingw32/15.2.0/../../../../lib/libmsvcrt.a)lib64_libmsvcrt_common_a-mbrtowc.o
(C:/msys64/mingw64/bin/../lib/gcc/x86_64-w64-mingw32/15.2.0/../../../../lib/libmsvcrt.a)libmsvcrt_defs00089.o
(C:/msys64/mingw64/bin/../lib/gcc/x86_64-w64-mingw32/15.2.0/../../../../lib/libmsvcrt.a)libmsvcrt_defs00109.o
(C:/msys64/mingw64/bin/../lib/gcc/x86_64-w64-mingw32/15.2.0/../../../../lib/libmsvcrt.a)libmsvcrt_defs00112.o
(C:/msys64/mingw64/bin/../lib/gcc/x86_64-w64-mingw32/15.2.0/../../../../lib/libmsvcrt.a)libmsvcrt_defs00127.o
(C:/msys64/mingw64/bin/../lib/gcc/x86_64-w64-mingw32/15.2.0/../../../../lib/libmsvcrt.a)libmsvcrt_defs00128.o
(C:/msys64/mingw64/bin/../lib/gcc/x86_64-w64-mingw32/15.2.0/../../../../lib/libmsvcrt.a)libmsvcrt_defs00130.o
(C:/msys64/mingw64/bin/../lib/gcc/x86_64-w64-mingw32/15.2.0/../../../../lib/libmsvcrt.a)libmsvcrt_defs00146.o
(C:/msys64/mingw64/bin/../lib/gcc/x86_64-w64-mingw32/15.2.0/../../../../lib/libmsvcrt.a)libmsvcrt_defs00148.o
(C:/msys64/mingw64/bin/../lib/gcc/x86_64-w64-mingw32/15.2.0/../../../../lib/libmsvcrt.a)libmsvcrt_defs00181.o
(C:/msys64/mingw64/bin/../lib/gcc/x86_64-w64-mingw32/15.2.0/../../../../lib/libmsvcrt.a)libmsvcrt_defs00202.o
(C:/msys64/mingw64/bin/../lib/gcc/x86_64-w64-mingw32/15.2.0/../../../../lib/libmsvcrt.a)libmsvcrt_defs00221.o
(C:/msys64/mingw64/bin/../lib/gcc/x86_64-w64-mingw32/15.2.0/../../../../lib/libmsvcrt.a)libmsvcrt_defs00270.o
(C:/msys64/mingw64/bin/../lib/gcc/x86_64-w64-mingw32/15.2.0/../../../../lib/libmsvcrt.a)libmsvcrt_defs00323.o
(C:/msys64/mingw64/bin/../lib/gcc/x86_64-w64-mingw32/15.2.0/../../../../lib/libmsvcrt.a)libmsvcrt_defs00412.o
(C:/msys64/mingw64/bin/../lib/gcc/x86_64-w64-mingw32/15.2.0/../../../../lib/libmsvcrt.a)libmsvcrt_defs00521.o
(C:/msys64/mingw64/bin/../lib/gcc/x86_64-w64-mingw32/15.2.0/../../../../lib/libmsvcrt.a)libmsvcrt_defs00917.o
(C:/msys64/mingw64/bin/../lib/gcc/x86_64-w64-mingw32/15.2.0/../../../../lib/libmsvcrt.a)libmsvcrt_defs01142.o
(C:/msys64/mingw64/bin/../lib/gcc/x86_64-w64-mingw32/15.2.0/../../../../lib/libmsvcrt.a)libmsvcrt_defs01152.o
(C:/msys64/mingw64/bin/../lib/gcc/x86_64-w64-mingw32/15.2.0/../../../../lib/libmsvcrt.a)libmsvcrt_defs01160.o
(C:/msys64/mingw64/bin/../lib/gcc/x86_64-w64-mingw32/15.2.0/../../../../lib/libmsvcrt.a)libmsvcrt_defs01174.o
(C:/msys64/mingw64/bin/../lib/gcc/x86_64-w64-mingw32/15.2.0/../../../../lib/libmsvcrt.a)libmsvcrt_defs01196.o
(C:/msys64/mingw64/bin/../lib/gcc/x86_64-w64-mingw32/15.2.0/../../../../lib/libmsvcrt.a)libmsvcrt_defs01198.o
(C:/msys64/mingw64/bin/../lib/gcc/x86_64-w64-mingw32/15.2.0/../../../../lib/libmsvcrt.a)libmsvcrt_defs01203.o
(C:/msys64/mingw64/bin/../lib/gcc/x86_64-w64-mingw32/15.2.0/../../../../lib/libmsvcrt.a)libmsvcrt_defs01236.o
(C:/msys64/mingw64/bin/../lib/gcc/x86_64-w64-mingw32/15.2.0/../../../../lib/libmsvcrt.a)libmsvcrt_defs01260.o
(C:/msys64/mingw64/bin/../lib/gcc/x86_64-w64-mingw32/15.2.0/../../../../lib/libmsvcrt.a)libmsvcrt_defs01267.o
(C:/msys64/mingw64/bin/../lib/gcc/x86_64-w64-mingw32/15.2.0/../../../../lib/libmsvcrt.a)libmsvcrt_defs01276.o
(C:/msys64/mingw64/bin/../lib/gcc/x86_64-w64-mingw32/15.2.0/../../../../lib/libmsvcrt.a)libmsvcrt_defs01290.o
(C:/msys64/mingw64/bin/../lib/gcc/x86_64-w64-mingw32/15.2.0/../../../../lib/libmsvcrt.a)libmsvcrt_defs01307.o
(C:/msys64/mingw64/bin/../lib/gcc/x86_64-w64-mingw32/15.2.0/../../../../lib/libmsvcrt.a)libmsvcrt_defs01329.o
(C:/msys64/mingw64/bin/../lib/gcc/x86_64-w64-mingw32/15.2.0/../../../../lib/libmsvcrt.a)libmsvcrt_defs01331.o
(C:/msys64/mingw64/bin/../lib/gcc/x86_64-w64-mingw32/15.2.0/../../../../lib/libmsvcrt.a)libmsvcrt_defs01334.o
(C:/msys64/mingw64/bin/../lib/gcc/x86_64-w64-mingw32/15.2.0/../../../../lib/libmsvcrt.a)libmsvcrt_defs01369.o
(C:/msys64/mingw64/bin/../lib/gcc/x86_64-w64-mingw32/15.2.0/../../../../lib/libmsvcrt.a)libmsvcrt_defs01394.o
(C:/msys64/mingw64/bin/../lib/gcc/x86_64-w64-mingw32/15.2.0/../../../../lib/libmsvcrt.a)libmsvcrt_defh.o
(C:/msys64/mingw64/bin/../lib/gcc/x86_64-w64-mingw32/15.2.0/../../../../lib/libmsvcrt.a)libmsvcrt_deft.o
attempt to open T:/GitHub/my_scripts/lab3/deps/Windows/ffmpeg/lib/libkernel32.dll.a failed
attempt to open T:/GitHub/my_scripts/lab3/deps/Windows/ffmpeg/lib/kernel32.dll.a failed
attempt to open T:/GitHub/my_scripts/lab3/deps/Windows/ffmpeg/lib/libkernel32.a failed
attempt to open T:/GitHub/my_scripts/lab3/deps/Windows/ffmpeg/lib/kernel32.lib failed
attempt to open T:/GitHub/my_scripts/lab3/deps/Windows/ffmpeg/lib/libkernel32.lib failed
attempt to open T:/GitHub/my_scripts/lab3/deps/Windows/ffmpeg/lib/libkernel32.dll failed
attempt to open T:/GitHub/my_scripts/lab3/deps/Windows/ffmpeg/lib/kernel32.dll failed
attempt to open T:/GitHub/my_scripts/lab3/deps/Windows/ffmpeg/lib\libkernel32.a failed
attempt to open C:/msys64/mingw64/bin/../lib/gcc/x86_64-w64-mingw32/15.2.0/libkernel32.dll.a failed
attempt to open C:/msys64/mingw64/bin/../lib/gcc/x86_64-w64-mingw32/15.2.0/kernel32.dll.a failed
attempt to open C:/msys64/mingw64/bin/../lib/gcc/x86_64-w64-mingw32/15.2.0/libkernel32.a failed
attempt to open C:/msys64/mingw64/bin/../lib/gcc/x86_64-w64-mingw32/15.2.0/kernel32.lib failed
attempt to open C:/msys64/mingw64/bin/../lib/gcc/x86_64-w64-mingw32/15.2.0/libkernel32.lib failed
attempt to open C:/msys64/mingw64/bin/../lib/gcc/x86_64-w64-mingw32/15.2.0/libkernel32.dll failed
attempt to open C:/msys64/mingw64/bin/../lib/gcc/x86_64-w64-mingw32/15.2.0/kernel32.dll failed
attempt to open C:/msys64/mingw64/bin/../lib/gcc/x86_64-w64-mingw32/15.2.0\libkernel32.a failed
attempt to open C:/msys64/mingw64/bin/../lib/gcc/libkernel32.dll.a failed
attempt to open C:/msys64/mingw64/bin/../lib/gcc/kernel32.dll.a failed
attempt to open C:/msys64/mingw64/bin/../lib/gcc/libkernel32.a failed
attempt to open C:/msys64/mingw64/bin/../lib/gcc/kernel32.lib failed
attempt to open C:/msys64/mingw64/bin/../lib/gcc/libkernel32.lib failed
attempt to open C:/msys64/mingw64/bin/../lib/gcc/libkernel32.dll failed
attempt to open C:/msys64/mingw64/bin/../lib/gcc/kernel32.dll failed
attempt to open C:/msys64/mingw64/bin/../lib/gcc\libkernel32.a failed
attempt to open C:/msys64/mingw64/bin/../lib/gcc/x86_64-w64-mingw32/15.2.0/../../../../x86_64-w64-mingw32/lib/../lib/libkernel32.dll.a failed
attempt to open C:/msys64/mingw64/bin/../lib/gcc/x86_64-w64-mingw32/15.2.0/../../../../x86_64-w64-mingw32/lib/../lib/kernel32.dll.a failed
attempt to open C:/msys64/mingw64/bin/../lib/gcc/x86_64-w64-mingw32/15.2.0/../../../../x86_64-w64-mingw32/lib/../lib/libkernel32.a failed
attempt to open C:/msys64/mingw64/bin/../lib/gcc/x86_64-w64-mingw32/15.2.0/../../../../x86_64-w64-mingw32/lib/../lib/kernel32.lib failed
attempt to open C:/msys64/mingw64/bin/../lib/gcc/x86_64-w64-mingw32/15.2.0/../../../../x86_64-w64-mingw32/lib/../lib/libkernel32.lib failed
attempt to open C:/msys64/mingw64/bin/../lib/gcc/x86_64-w64-mingw32/15.2.0/../../../../x86_64-w64-mingw32/lib/../lib/libkernel32.dll failed
attempt to open C:/msys64/mingw64/bin/../lib/gcc/x86_64-w64-mingw32/15.2.0/../../../../x86_64-w64-mingw32/lib/../lib/kernel32.dll failed
attempt to open C:/msys64/mingw64/bin/../lib/gcc/x86_64-w64-mingw32/15.2.0/../../../../x86_64-w64-mingw32/lib/../lib\libkernel32.a failed
attempt to open C:/msys64/mingw64/bin/../lib/gcc/x86_64-w64-mingw32/15.2.0/../../../../lib/libkernel32.dll.a failed
attempt to open C:/msys64/mingw64/bin/../lib/gcc/x86_64-w64-mingw32/15.2.0/../../../../lib/kernel32.dll.a failed
attempt to open C:/msys64/mingw64/bin/../lib/gcc/x86_64-w64-mingw32/15.2.0/../../../../lib/libkernel32.a succeeded
C:/msys64/mingw64/bin/../lib/gcc/x86_64-w64-mingw32/15.2.0/../../../../lib/libkernel32.a
(C:/msys64/mingw64/bin/../lib/gcc/x86_64-w64-mingw32/15.2.0/../../../../lib/libkernel32.a)libkernel32s01588.o
(C:/msys64/mingw64/bin/../lib/gcc/x86_64-w64-mingw32/15.2.0/../../../../lib/libkernel32.a)libkernel32s01535.o
(C:/msys64/mingw64/bin/../lib/gcc/x86_64-w64-mingw32/15.2.0/../../../../lib/libkernel32.a)libkernel32s01533.o
(C:/msys64/mingw64/bin/../lib/gcc/x86_64-w64-mingw32/15.2.0/../../../../lib/libkernel32.a)libkernel32s01485.o
(C:/msys64/mingw64/bin/../lib/gcc/x86_64-w64-mingw32/15.2.0/../../../../lib/libkernel32.a)libkernel32s01449.o
(C:/msys64/mingw64/bin/../lib/gcc/x86_64-w64-mingw32/15.2.0/../../../../lib/libkernel32.a)libkernel32s01433.o
(C:/msys64/mingw64/bin/../lib/gcc/x86_64-w64-mingw32/15.2.0/../../../../lib/libkernel32.a)libkernel32s01064.o
(C:/msys64/mingw64/bin/../lib/gcc/x86_64-w64-mingw32/15.2.0/../../../../lib/libkernel32.a)libkernel32s01012.o
(C:/msys64/mingw64/bin/../lib/gcc/x86_64-w64-mingw32/15.2.0/../../../../lib/libkernel32.a)libkernel32s00918.o
(C:/msys64/mingw64/bin/../lib/gcc/x86_64-w64-mingw32/15.2.0/../../../../lib/libkernel32.a)libkernel32s00648.o
(C:/msys64/mingw64/bin/../lib/gcc/x86_64-w64-mingw32/15.2.0/../../../../lib/libkernel32.a)libkernel32s00333.o
(C:/msys64/mingw64/bin/../lib/gcc/x86_64-w64-mingw32/15.2.0/../../../../lib/libkernel32.a)libkernel32s00295.o
(C:/msys64/mingw64/bin/../lib/gcc/x86_64-w64-mingw32/15.2.0/../../../../lib/libkernel32.a)libkernel32h.o
(C:/msys64/mingw64/bin/../lib/gcc/x86_64-w64-mingw32/15.2.0/../../../../lib/libkernel32.a)libkernel32t.o
attempt to open T:/GitHub/my_scripts/lab3/deps/Windows/ffmpeg/lib/libpthread.dll.a failed
attempt to open T:/GitHub/my_scripts/lab3/deps/Windows/ffmpeg/lib/pthread.dll.a failed
attempt to open T:/GitHub/my_scripts/lab3/deps/Windows/ffmpeg/lib/libpthread.a failed
attempt to open T:/GitHub/my_scripts/lab3/deps/Windows/ffmpeg/lib/pthread.lib failed
attempt to open T:/GitHub/my_scripts/lab3/deps/Windows/ffmpeg/lib/libpthread.lib failed
attempt to open T:/GitHub/my_scripts/lab3/deps/Windows/ffmpeg/lib/libpthread.dll failed
attempt to open T:/GitHub/my_scripts/lab3/deps/Windows/ffmpeg/lib/pthread.dll failed
attempt to open T:/GitHub/my_scripts/lab3/deps/Windows/ffmpeg/lib\libpthread.a failed
attempt to open C:/msys64/mingw64/bin/../lib/gcc/x86_64-w64-mingw32/15.2.0/libpthread.dll.a failed
attempt to open C:/msys64/mingw64/bin/../lib/gcc/x86_64-w64-mingw32/15.2.0/pthread.dll.a failed
attempt to open C:/msys64/mingw64/bin/../lib/gcc/x86_64-w64-mingw32/15.2.0/libpthread.a failed
attempt to open C:/msys64/mingw64/bin/../lib/gcc/x86_64-w64-mingw32/15.2.0/pthread.lib failed
attempt to open C:/msys64/mingw64/bin/../lib/gcc/x86_64-w64-mingw32/15.2.0/libpthread.lib failed
attempt to open C:/msys64/mingw64/bin/../lib/gcc/x86_64-w64-mingw32/15.2.0/libpthread.dll failed
attempt to open C:/msys64/mingw64/bin/../lib/gcc/x86_64-w64-mingw32/15.2.0/pthread.dll failed
attempt to open C:/msys64/mingw64/bin/../lib/gcc/x86_64-w64-mingw32/15.2.0\libpthread.a failed
attempt to open C:/msys64/mingw64/bin/../lib/gcc/libpthread.dll.a failed
attempt to open C:/msys64/mingw64/bin/../lib/gcc/pthread.dll.a failed
attempt to open C:/msys64/mingw64/bin/../lib/gcc/libpthread.a failed
attempt to open C:/msys64/mingw64/bin/../lib/gcc/pthread.lib failed
attempt to open C:/msys64/mingw64/bin/../lib/gcc/libpthread.lib failed
attempt to open C:/msys64/mingw64/bin/../lib/gcc/libpthread.dll failed
attempt to open C:/msys64/mingw64/bin/../lib/gcc/pthread.dll failed
attempt to open C:/msys64/mingw64/bin/../lib/gcc\libpthread.a failed
attempt to open C:/msys64/mingw64/bin/../lib/gcc/x86_64-w64-mingw32/15.2.0/../../../../x86_64-w64-mingw32/lib/../lib/libpthread.dll.a failed
attempt to open C:/msys64/mingw64/bin/../lib/gcc/x86_64-w64-mingw32/15.2.0/../../../../x86_64-w64-mingw32/lib/../lib/pthread.dll.a failed
attempt to open C:/msys64/mingw64/bin/../lib/gcc/x86_64-w64-mingw32/15.2.0/../../../../x86_64-w64-mingw32/lib/../lib/libpthread.a failed
attempt to open C:/msys64/mingw64/bin/../lib/gcc/x86_64-w64-mingw32/15.2.0/../../../../x86_64-w64-mingw32/lib/../lib/pthread.lib failed
attempt to open C:/msys64/mingw64/bin/../lib/gcc/x86_64-w64-mingw32/15.2.0/../../../../x86_64-w64-mingw32/lib/../lib/libpthread.lib failed
attempt to open C:/msys64/mingw64/bin/../lib/gcc/x86_64-w64-mingw32/15.2.0/../../../../x86_64-w64-mingw32/lib/../lib/libpthread.dll failed
attempt to open C:/msys64/mingw64/bin/../lib/gcc/x86_64-w64-mingw32/15.2.0/../../../../x86_64-w64-mingw32/lib/../lib/pthread.dll failed
attempt to open C:/msys64/mingw64/bin/../lib/gcc/x86_64-w64-mingw32/15.2.0/../../../../x86_64-w64-mingw32/lib/../lib\libpthread.a failed
attempt to open C:/msys64/mingw64/bin/../lib/gcc/x86_64-w64-mingw32/15.2.0/../../../../lib/libpthread.dll.a succeeded
C:/msys64/mingw64/bin/../lib/gcc/x86_64-w64-mingw32/15.2.0/../../../../lib/libpthread.dll.a
attempt to open T:/GitHub/my_scripts/lab3/deps/Windows/ffmpeg/lib/libadvapi32.dll.a failed
attempt to open T:/GitHub/my_scripts/lab3/deps/Windows/ffmpeg/lib/advapi32.dll.a failed
attempt to open T:/GitHub/my_scripts/lab3/deps/Windows/ffmpeg/lib/libadvapi32.a failed
attempt to open T:/GitHub/my_scripts/lab3/deps/Windows/ffmpeg/lib/advapi32.lib failed
attempt to open T:/GitHub/my_scripts/lab3/deps/Windows/ffmpeg/lib/libadvapi32.lib failed
attempt to open T:/GitHub/my_scripts/lab3/deps/Windows/ffmpeg/lib/libadvapi32.dll failed
attempt to open T:/GitHub/my_scripts/lab3/deps/Windows/ffmpeg/lib/advapi32.dll failed
attempt to open T:/GitHub/my_scripts/lab3/deps/Windows/ffmpeg/lib\libadvapi32.a failed
attempt to open C:/msys64/mingw64/bin/../lib/gcc/x86_64-w64-mingw32/15.2.0/libadvapi32.dll.a failed
attempt to open C:/msys64/mingw64/bin/../lib/gcc/x86_64-w64-mingw32/15.2.0/advapi32.dll.a failed
attempt to open C:/msys64/mingw64/bin/../lib/gcc/x86_64-w64-mingw32/15.2.0/libadvapi32.a failed
attempt to open C:/msys64/mingw64/bin/../lib/gcc/x86_64-w64-mingw32/15.2.0/advapi32.lib failed
attempt to open C:/msys64/mingw64/bin/../lib/gcc/x86_64-w64-mingw32/15.2.0/libadvapi32.lib failed
attempt to open C:/msys64/mingw64/bin/../lib/gcc/x86_64-w64-mingw32/15.2.0/libadvapi32.dll failed
attempt to open C:/msys64/mingw64/bin/../lib/gcc/x86_64-w64-mingw32/15.2.0/advapi32.dll failed
attempt to open C:/msys64/mingw64/bin/../lib/gcc/x86_64-w64-mingw32/15.2.0\libadvapi32.a failed
attempt to open C:/msys64/mingw64/bin/../lib/gcc/libadvapi32.dll.a failed
attempt to open C:/msys64/mingw64/bin/../lib/gcc/advapi32.dll.a failed
attempt to open C:/msys64/mingw64/bin/../lib/gcc/libadvapi32.a failed
attempt to open C:/msys64/mingw64/bin/../lib/gcc/advapi32.lib failed
attempt to open C:/msys64/mingw64/bin/../lib/gcc/libadvapi32.lib failed
attempt to open C:/msys64/mingw64/bin/../lib/gcc/libadvapi32.dll failed
attempt to open C:/msys64/mingw64/bin/../lib/gcc/advapi32.dll failed
attempt to open C:/msys64/mingw64/bin/../lib/gcc\libadvapi32.a failed
attempt to open C:/msys64/mingw64/bin/../lib/gcc/x86_64-w64-mingw32/15.2.0/../../../../x86_64-w64-mingw32/lib/../lib/libadvapi32.dll.a failed
attempt to open C:/msys64/mingw64/bin/../lib/gcc/x86_64-w64-mingw32/15.2.0/../../../../x86_64-w64-mingw32/lib/../lib/advapi32.dll.a failed
attempt to open C:/msys64/mingw64/bin/../lib/gcc/x86_64-w64-mingw32/15.2.0/../../../../x86_64-w64-mingw32/lib/../lib/libadvapi32.a failed
attempt to open C:/msys64/mingw64/bin/../lib/gcc/x86_64-w64-mingw32/15.2.0/../../../../x86_64-w64-mingw32/lib/../lib/advapi32.lib failed
attempt to open C:/msys64/mingw64/bin/../lib/gcc/x86_64-w64-mingw32/15.2.0/../../../../x86_64-w64-mingw32/lib/../lib/libadvapi32.lib failed
attempt to open C:/msys64/mingw64/bin/../lib/gcc/x86_64-w64-mingw32/15.2.0/../../../../x86_64-w64-mingw32/lib/../lib/libadvapi32.dll failed
attempt to open C:/msys64/mingw64/bin/../lib/gcc/x86_64-w64-mingw32/15.2.0/../../../../x86_64-w64-mingw32/lib/../lib/advapi32.dll failed
attempt to open C:/msys64/mingw64/bin/../lib/gcc/x86_64-w64-mingw32/15.2.0/../../../../x86_64-w64-mingw32/lib/../lib\libadvapi32.a failed
attempt to open C:/msys64/mingw64/bin/../lib/gcc/x86_64-w64-mingw32/15.2.0/../../../../lib/libadvapi32.dll.a failed
attempt to open C:/msys64/mingw64/bin/../lib/gcc/x86_64-w64-mingw32/15.2.0/../../../../lib/advapi32.dll.a failed
attempt to open C:/msys64/mingw64/bin/../lib/gcc/x86_64-w64-mingw32/15.2.0/../../../../lib/libadvapi32.a succeeded
C:/msys64/mingw64/bin/../lib/gcc/x86_64-w64-mingw32/15.2.0/../../../../lib/libadvapi32.a
attempt to open T:/GitHub/my_scripts/lab3/deps/Windows/ffmpeg/lib/libshell32.dll.a failed
attempt to open T:/GitHub/my_scripts/lab3/deps/Windows/ffmpeg/lib/shell32.dll.a failed
attempt to open T:/GitHub/my_scripts/lab3/deps/Windows/ffmpeg/lib/libshell32.a failed
attempt to open T:/GitHub/my_scripts/lab3/deps/Windows/ffmpeg/lib/shell32.lib failed
attempt to open T:/GitHub/my_scripts/lab3/deps/Windows/ffmpeg/lib/libshell32.lib failed
attempt to open T:/GitHub/my_scripts/lab3/deps/Windows/ffmpeg/lib/libshell32.dll failed
attempt to open T:/GitHub/my_scripts/lab3/deps/Windows/ffmpeg/lib/shell32.dll failed
attempt to open T:/GitHub/my_scripts/lab3/deps/Windows/ffmpeg/lib\libshell32.a failed
attempt to open C:/msys64/mingw64/bin/../lib/gcc/x86_64-w64-mingw32/15.2.0/libshell32.dll.a failed
attempt to open C:/msys64/mingw64/bin/../lib/gcc/x86_64-w64-mingw32/15.2.0/shell32.dll.a failed
attempt to open C:/msys64/mingw64/bin/../lib/gcc/x86_64-w64-mingw32/15.2.0/libshell32.a failed
attempt to open C:/msys64/mingw64/bin/../lib/gcc/x86_64-w64-mingw32/15.2.0/shell32.lib failed
attempt to open C:/msys64/mingw64/bin/../lib/gcc/x86_64-w64-mingw32/15.2.0/libshell32.lib failed
attempt to open C:/msys64/mingw64/bin/../lib/gcc/x86_64-w64-mingw32/15.2.0/libshell32.dll failed
attempt to open C:/msys64/mingw64/bin/../lib/gcc/x86_64-w64-mingw32/15.2.0/shell32.dll failed
attempt to open C:/msys64/mingw64/bin/../lib/gcc/x86_64-w64-mingw32/15.2.0\libshell32.a failed
attempt to open C:/msys64/mingw64/bin/../lib/gcc/libshell32.dll.a failed
attempt to open C:/msys64/mingw64/bin/../lib/gcc/shell32.dll.a failed
attempt to open C:/msys64/mingw64/bin/../lib/gcc/libshell32.a failed
attempt to open C:/msys64/mingw64/bin/../lib/gcc/shell32.lib failed
attempt to open C:/msys64/mingw64/bin/../lib/gcc/libshell32.lib failed
attempt to open C:/msys64/mingw64/bin/../lib/gcc/libshell32.dll failed
attempt to open C:/msys64/mingw64/bin/../lib/gcc/shell32.dll failed
attempt to open C:/msys64/mingw64/bin/../lib/gcc\libshell32.a failed
attempt to open C:/msys64/mingw64/bin/../lib/gcc/x86_64-w64-mingw32/15.2.0/../../../../x86_64-w64-mingw32/lib/../lib/libshell32.dll.a failed
attempt to open C:/msys64/mingw64/bin/../lib/gcc/x86_64-w64-mingw32/15.2.0/../../../../x86_64-w64-mingw32/lib/../lib/shell32.dll.a failed
attempt to open C:/msys64/mingw64/bin/../lib/gcc/x86_64-w64-mingw32/15.2.0/../../../../x86_64-w64-mingw32/lib/../lib/libshell32.a failed
attempt to open C:/msys64/mingw64/bin/../lib/gcc/x86_64-w64-mingw32/15.2.0/../../../../x86_64-w64-mingw32/lib/../lib/shell32.lib failed
attempt to open C:/msys64/mingw64/bin/../lib/gcc/x86_64-w64-mingw32/15.2.0/../../../../x86_64-w64-mingw32/lib/../lib/libshell32.lib failed
attempt to open C:/msys64/mingw64/bin/../lib/gcc/x86_64-w64-mingw32/15.2.0/../../../../x86_64-w64-mingw32/lib/../lib/libshell32.dll failed
attempt to open C:/msys64/mingw64/bin/../lib/gcc/x86_64-w64-mingw32/15.2.0/../../../../x86_64-w64-mingw32/lib/../lib/shell32.dll failed
attempt to open C:/msys64/mingw64/bin/../lib/gcc/x86_64-w64-mingw32/15.2.0/../../../../x86_64-w64-mingw32/lib/../lib\libshell32.a failed
attempt to open C:/msys64/mingw64/bin/../lib/gcc/x86_64-w64-mingw32/15.2.0/../../../../lib/libshell32.dll.a failed
attempt to open C:/msys64/mingw64/bin/../lib/gcc/x86_64-w64-mingw32/15.2.0/../../../../lib/shell32.dll.a failed
attempt to open C:/msys64/mingw64/bin/../lib/gcc/x86_64-w64-mingw32/15.2.0/../../../../lib/libshell32.a succeeded
C:/msys64/mingw64/bin/../lib/gcc/x86_64-w64-mingw32/15.2.0/../../../../lib/libshell32.a
attempt to open T:/GitHub/my_scripts/lab3/deps/Windows/ffmpeg/lib/libuser32.dll.a failed
attempt to open T:/GitHub/my_scripts/lab3/deps/Windows/ffmpeg/lib/user32.dll.a failed
attempt to open T:/GitHub/my_scripts/lab3/deps/Windows/ffmpeg/lib/libuser32.a failed
attempt to open T:/GitHub/my_scripts/lab3/deps/Windows/ffmpeg/lib/user32.lib failed
attempt to open T:/GitHub/my_scripts/lab3/deps/Windows/ffmpeg/lib/libuser32.lib failed
attempt to open T:/GitHub/my_scripts/lab3/deps/Windows/ffmpeg/lib/libuser32.dll failed
attempt to open T:/GitHub/my_scripts/lab3/deps/Windows/ffmpeg/lib/user32.dll failed
attempt to open T:/GitHub/my_scripts/lab3/deps/Windows/ffmpeg/lib\libuser32.a failed
attempt to open C:/msys64/mingw64/bin/../lib/gcc/x86_64-w64-mingw32/15.2.0/libuser32.dll.a failed
attempt to open C:/msys64/mingw64/bin/../lib/gcc/x86_64-w64-mingw32/15.2.0/user32.dll.a failed
attempt to open C:/msys64/mingw64/bin/../lib/gcc/x86_64-w64-mingw32/15.2.0/libuser32.a failed
attempt to open C:/msys64/mingw64/bin/../lib/gcc/x86_64-w64-mingw32/15.2.0/user32.lib failed
attempt to open C:/msys64/mingw64/bin/../lib/gcc/x86_64-w64-mingw32/15.2.0/libuser32.lib failed
attempt to open C:/msys64/mingw64/bin/../lib/gcc/x86_64-w64-mingw32/15.2.0/libuser32.dll failed
attempt to open C:/msys64/mingw64/bin/../lib/gcc/x86_64-w64-mingw32/15.2.0/user32.dll failed
attempt to open C:/msys64/mingw64/bin/../lib/gcc/x86_64-w64-mingw32/15.2.0\libuser32.a failed
attempt to open C:/msys64/mingw64/bin/../lib/gcc/libuser32.dll.a failed
attempt to open C:/msys64/mingw64/bin/../lib/gcc/user32.dll.a failed
attempt to open C:/msys64/mingw64/bin/../lib/gcc/libuser32.a failed
attempt to open C:/msys64/mingw64/bin/../lib/gcc/user32.lib failed
attempt to open C:/msys64/mingw64/bin/../lib/gcc/libuser32.lib failed
attempt to open C:/msys64/mingw64/bin/../lib/gcc/libuser32.dll failed
attempt to open C:/msys64/mingw64/bin/../lib/gcc/user32.dll failed
attempt to open C:/msys64/mingw64/bin/../lib/gcc\libuser32.a failed
attempt to open C:/msys64/mingw64/bin/../lib/gcc/x86_64-w64-mingw32/15.2.0/../../../../x86_64-w64-mingw32/lib/../lib/libuser32.dll.a failed
attempt to open C:/msys64/mingw64/bin/../lib/gcc/x86_64-w64-mingw32/15.2.0/../../../../x86_64-w64-mingw32/lib/../lib/user32.dll.a failed
attempt to open C:/msys64/mingw64/bin/../lib/gcc/x86_64-w64-mingw32/15.2.0/../../../../x86_64-w64-mingw32/lib/../lib/libuser32.a failed
attempt to open C:/msys64/mingw64/bin/../lib/gcc/x86_64-w64-mingw32/15.2.0/../../../../x86_64-w64-mingw32/lib/../lib/user32.lib failed
attempt to open C:/msys64/mingw64/bin/../lib/gcc/x86_64-w64-mingw32/15.2.0/../../../../x86_64-w64-mingw32/lib/../lib/libuser32.lib failed
attempt to open C:/msys64/mingw64/bin/../lib/gcc/x86_64-w64-mingw32/15.2.0/../../../../x86_64-w64-mingw32/lib/../lib/libuser32.dll failed
attempt to open C:/msys64/mingw64/bin/../lib/gcc/x86_64-w64-mingw32/15.2.0/../../../../x86_64-w64-mingw32/lib/../lib/user32.dll failed
attempt to open C:/msys64/mingw64/bin/../lib/gcc/x86_64-w64-mingw32/15.2.0/../../../../x86_64-w64-mingw32/lib/../lib\libuser32.a failed
attempt to open C:/msys64/mingw64/bin/../lib/gcc/x86_64-w64-mingw32/15.2.0/../../../../lib/libuser32.dll.a failed
attempt to open C:/msys64/mingw64/bin/../lib/gcc/x86_64-w64-mingw32/15.2.0/../../../../lib/user32.dll.a failed
attempt to open C:/msys64/mingw64/bin/../lib/gcc/x86_64-w64-mingw32/15.2.0/../../../../lib/libuser32.a succeeded
C:/msys64/mingw64/bin/../lib/gcc/x86_64-w64-mingw32/15.2.0/../../../../lib/libuser32.a
attempt to open T:/GitHub/my_scripts/lab3/deps/Windows/ffmpeg/lib/libkernel32.dll.a failed
attempt to open T:/GitHub/my_scripts/lab3/deps/Windows/ffmpeg/lib/kernel32.dll.a failed
attempt to open T:/GitHub/my_scripts/lab3/deps/Windows/ffmpeg/lib/libkernel32.a failed
attempt to open T:/GitHub/my_scripts/lab3/deps/Windows/ffmpeg/lib/kernel32.lib failed
attempt to open T:/GitHub/my_scripts/lab3/deps/Windows/ffmpeg/lib/libkernel32.lib failed
attempt to open T:/GitHub/my_scripts/lab3/deps/Windows/ffmpeg/lib/libkernel32.dll failed
attempt to open T:/GitHub/my_scripts/lab3/deps/Windows/ffmpeg/lib/kernel32.dll failed
attempt to open T:/GitHub/my_scripts/lab3/deps/Windows/ffmpeg/lib\libkernel32.a failed
attempt to open C:/msys64/mingw64/bin/../lib/gcc/x86_64-w64-mingw32/15.2.0/libkernel32.dll.a failed
attempt to open C:/msys64/mingw64/bin/../lib/gcc/x86_64-w64-mingw32/15.2.0/kernel32.dll.a failed
attempt to open C:/msys64/mingw64/bin/../lib/gcc/x86_64-w64-mingw32/15.2.0/libkernel32.a failed
attempt to open C:/msys64/mingw64/bin/../lib/gcc/x86_64-w64-mingw32/15.2.0/kernel32.lib failed
attempt to open C:/msys64/mingw64/bin/../lib/gcc/x86_64-w64-mingw32/15.2.0/libkernel32.lib failed
attempt to open C:/msys64/mingw64/bin/../lib/gcc/x86_64-w64-mingw32/15.2.0/libkernel32.dll failed
attempt to open C:/msys64/mingw64/bin/../lib/gcc/x86_64-w64-mingw32/15.2.0/kernel32.dll failed
attempt to open C:/msys64/mingw64/bin/../lib/gcc/x86_64-w64-mingw32/15.2.0\libkernel32.a failed
attempt to open C:/msys64/mingw64/bin/../lib/gcc/libkernel32.dll.a failed
attempt to open C:/msys64/mingw64/bin/../lib/gcc/kernel32.dll.a failed
attempt to open C:/msys64/mingw64/bin/../lib/gcc/libkernel32.a failed
attempt to open C:/msys64/mingw64/bin/../lib/gcc/kernel32.lib failed
attempt to open C:/msys64/mingw64/bin/../lib/gcc/libkernel32.lib failed
attempt to open C:/msys64/mingw64/bin/../lib/gcc/libkernel32.dll failed
attempt to open C:/msys64/mingw64/bin/../lib/gcc/kernel32.dll failed
attempt to open C:/msys64/mingw64/bin/../lib/gcc\libkernel32.a failed
attempt to open C:/msys64/mingw64/bin/../lib/gcc/x86_64-w64-mingw32/15.2.0/../../../../x86_64-w64-mingw32/lib/../lib/libkernel32.dll.a failed
attempt to open C:/msys64/mingw64/bin/../lib/gcc/x86_64-w64-mingw32/15.2.0/../../../../x86_64-w64-mingw32/lib/../lib/kernel32.dll.a failed
attempt to open C:/msys64/mingw64/bin/../lib/gcc/x86_64-w64-mingw32/15.2.0/../../../../x86_64-w64-mingw32/lib/../lib/libkernel32.a failed
attempt to open C:/msys64/mingw64/bin/../lib/gcc/x86_64-w64-mingw32/15.2.0/../../../../x86_64-w64-mingw32/lib/../lib/kernel32.lib failed
attempt to open C:/msys64/mingw64/bin/../lib/gcc/x86_64-w64-mingw32/15.2.0/../../../../x86_64-w64-mingw32/lib/../lib/libkernel32.lib failed
attempt to open C:/msys64/mingw64/bin/../lib/gcc/x86_64-w64-mingw32/15.2.0/../../../../x86_64-w64-mingw32/lib/../lib/libkernel32.dll failed
attempt to open C:/msys64/mingw64/bin/../lib/gcc/x86_64-w64-mingw32/15.2.0/../../../../x86_64-w64-mingw32/lib/../lib/kernel32.dll failed
attempt to open C:/msys64/mingw64/bin/../lib/gcc/x86_64-w64-mingw32/15.2.0/../../../../x86_64-w64-mingw32/lib/../lib\libkernel32.a failed
attempt to open C:/msys64/mingw64/bin/../lib/gcc/x86_64-w64-mingw32/15.2.0/../../../../lib/libkernel32.dll.a failed
attempt to open C:/msys64/mingw64/bin/../lib/gcc/x86_64-w64-mingw32/15.2.0/../../../../lib/kernel32.dll.a failed
attempt to open C:/msys64/mingw64/bin/../lib/gcc/x86_64-w64-mingw32/15.2.0/../../../../lib/libkernel32.a succeeded
C:/msys64/mingw64/bin/../lib/gcc/x86_64-w64-mingw32/15.2.0/../../../../lib/libkernel32.a
attempt to open T:/GitHub/my_scripts/lab3/deps/Windows/ffmpeg/lib/libmingw32.dll.a failed
attempt to open T:/GitHub/my_scripts/lab3/deps/Windows/ffmpeg/lib/mingw32.dll.a failed
attempt to open T:/GitHub/my_scripts/lab3/deps/Windows/ffmpeg/lib/libmingw32.a failed
attempt to open T:/GitHub/my_scripts/lab3/deps/Windows/ffmpeg/lib/mingw32.lib failed
attempt to open T:/GitHub/my_scripts/lab3/deps/Windows/ffmpeg/lib/libmingw32.lib failed
attempt to open T:/GitHub/my_scripts/lab3/deps/Windows/ffmpeg/lib/libmingw32.dll failed
attempt to open T:/GitHub/my_scripts/lab3/deps/Windows/ffmpeg/lib/mingw32.dll failed
attempt to open T:/GitHub/my_scripts/lab3/deps/Windows/ffmpeg/lib\libmingw32.a failed
attempt to open C:/msys64/mingw64/bin/../lib/gcc/x86_64-w64-mingw32/15.2.0/libmingw32.dll.a failed
attempt to open C:/msys64/mingw64/bin/../lib/gcc/x86_64-w64-mingw32/15.2.0/mingw32.dll.a failed
attempt to open C:/msys64/mingw64/bin/../lib/gcc/x86_64-w64-mingw32/15.2.0/libmingw32.a failed
attempt to open C:/msys64/mingw64/bin/../lib/gcc/x86_64-w64-mingw32/15.2.0/mingw32.lib failed
attempt to open C:/msys64/mingw64/bin/../lib/gcc/x86_64-w64-mingw32/15.2.0/libmingw32.lib failed
attempt to open C:/msys64/mingw64/bin/../lib/gcc/x86_64-w64-mingw32/15.2.0/libmingw32.dll failed
attempt to open C:/msys64/mingw64/bin/../lib/gcc/x86_64-w64-mingw32/15.2.0/mingw32.dll failed
attempt to open C:/msys64/mingw64/bin/../lib/gcc/x86_64-w64-mingw32/15.2.0\libmingw32.a failed
attempt to open C:/msys64/mingw64/bin/../lib/gcc/libmingw32.dll.a failed
attempt to open C:/msys64/mingw64/bin/../lib/gcc/mingw32.dll.a failed
attempt to open C:/msys64/mingw64/bin/../lib/gcc/libmingw32.a failed
attempt to open C:/msys64/mingw64/bin/../lib/gcc/mingw32.lib failed
attempt to open C:/msys64/mingw64/bin/../lib/gcc/libmingw32.lib failed
attempt to open C:/msys64/mingw64/bin/../lib/gcc/libmingw32.dll failed
attempt to open C:/msys64/mingw64/bin/../lib/gcc/mingw32.dll failed
attempt to open C:/msys64/mingw64/bin/../lib/gcc\libmingw32.a failed
attempt to open C:/msys64/mingw64/bin/../lib/gcc/x86_64-w64-mingw32/15.2.0/../../../../x86_64-w64-mingw32/lib/../lib/libmingw32.dll.a failed
attempt to open C:/msys64/mingw64/bin/../lib/gcc/x86_64-w64-mingw32/15.2.0/../../../../x86_64-w64-mingw32/lib/../lib/mingw32.dll.a failed
attempt to open C:/msys64/mingw64/bin/../lib/gcc/x86_64-w64-mingw32/15.2.0/../../../../x86_64-w64-mingw32/lib/../lib/libmingw32.a failed
attempt to open C:/msys64/mingw64/bin/../lib/gcc/x86_64-w64-mingw32/15.2.0/../../../../x86_64-w64-mingw32/lib/../lib/mingw32.lib failed
attempt to open C:/msys64/mingw64/bin/../lib/gcc/x86_64-w64-mingw32/15.2.0/../../../../x86_64-w64-mingw32/lib/../lib/libmingw32.lib failed
attempt to open C:/msys64/mingw64/bin/../lib/gcc/x86_64-w64-mingw32/15.2.0/../../../../x86_64-w64-mingw32/lib/../lib/libmingw32.dll failed
attempt to open C:/msys64/mingw64/bin/../lib/gcc/x86_64-w64-mingw32/15.2.0/../../../../x86_64-w64-mingw32/lib/../lib/mingw32.dll failed
attempt to open C:/msys64/mingw64/bin/../lib/gcc/x86_64-w64-mingw32/15.2.0/../../../../x86_64-w64-mingw32/lib/../lib\libmingw32.a failed
attempt to open C:/msys64/mingw64/bin/../lib/gcc/x86_64-w64-mingw32/15.2.0/../../../../lib/libmingw32.dll.a failed
attempt to open C:/msys64/mingw64/bin/../lib/gcc/x86_64-w64-mingw32/15.2.0/../../../../lib/mingw32.dll.a failed
attempt to open C:/msys64/mingw64/bin/../lib/gcc/x86_64-w64-mingw32/15.2.0/../../../../lib/libmingw32.a succeeded
C:/msys64/mingw64/bin/../lib/gcc/x86_64-w64-mingw32/15.2.0/../../../../lib/libmingw32.a
attempt to open T:/GitHub/my_scripts/lab3/deps/Windows/ffmpeg/lib/libgcc_s.dll.a failed
attempt to open T:/GitHub/my_scripts/lab3/deps/Windows/ffmpeg/lib/gcc_s.dll.a failed
attempt to open T:/GitHub/my_scripts/lab3/deps/Windows/ffmpeg/lib/libgcc_s.a failed
attempt to open T:/GitHub/my_scripts/lab3/deps/Windows/ffmpeg/lib/gcc_s.lib failed
attempt to open T:/GitHub/my_scripts/lab3/deps/Windows/ffmpeg/lib/libgcc_s.lib failed
attempt to open T:/GitHub/my_scripts/lab3/deps/Windows/ffmpeg/lib/libgcc_s.dll failed
attempt to open T:/GitHub/my_scripts/lab3/deps/Windows/ffmpeg/lib/gcc_s.dll failed
attempt to open T:/GitHub/my_scripts/lab3/deps/Windows/ffmpeg/lib\libgcc_s.a failed
attempt to open C:/msys64/mingw64/bin/../lib/gcc/x86_64-w64-mingw32/15.2.0/libgcc_s.dll.a failed
attempt to open C:/msys64/mingw64/bin/../lib/gcc/x86_64-w64-mingw32/15.2.0/gcc_s.dll.a failed
attempt to open C:/msys64/mingw64/bin/../lib/gcc/x86_64-w64-mingw32/15.2.0/libgcc_s.a failed
attempt to open C:/msys64/mingw64/bin/../lib/gcc/x86_64-w64-mingw32/15.2.0/gcc_s.lib failed
attempt to open C:/msys64/mingw64/bin/../lib/gcc/x86_64-w64-mingw32/15.2.0/libgcc_s.lib failed
attempt to open C:/msys64/mingw64/bin/../lib/gcc/x86_64-w64-mingw32/15.2.0/libgcc_s.dll failed
attempt to open C:/msys64/mingw64/bin/../lib/gcc/x86_64-w64-mingw32/15.2.0/gcc_s.dll failed
attempt to open C:/msys64/mingw64/bin/../lib/gcc/x86_64-w64-mingw32/15.2.0\libgcc_s.a failed
attempt to open C:/msys64/mingw64/bin/../lib/gcc/libgcc_s.dll.a failed
attempt to open C:/msys64/mingw64/bin/../lib/gcc/gcc_s.dll.a failed
attempt to open C:/msys64/mingw64/bin/../lib/gcc/libgcc_s.a failed
attempt to open C:/msys64/mingw64/bin/../lib/gcc/gcc_s.lib failed
attempt to open C:/msys64/mingw64/bin/../lib/gcc/libgcc_s.lib failed
attempt to open C:/msys64/mingw64/bin/../lib/gcc/libgcc_s.dll failed
attempt to open C:/msys64/mingw64/bin/../lib/gcc/gcc_s.dll failed
attempt to open C:/msys64/mingw64/bin/../lib/gcc\libgcc_s.a failed
attempt to open C:/msys64/mingw64/bin/../lib/gcc/x86_64-w64-mingw32/15.2.0/../../../../x86_64-w64-mingw32/lib/../lib/libgcc_s.dll.a failed
attempt to open C:/msys64/mingw64/bin/../lib/gcc/x86_64-w64-mingw32/15.2.0/../../../../x86_64-w64-mingw32/lib/../lib/gcc_s.dll.a failed
attempt to open C:/msys64/mingw64/bin/../lib/gcc/x86_64-w64-mingw32/15.2.0/../../../../x86_64-w64-mingw32/lib/../lib/libgcc_s.a failed
attempt to open C:/msys64/mingw64/bin/../lib/gcc/x86_64-w64-mingw32/15.2.0/../../../../x86_64-w64-mingw32/lib/../lib/gcc_s.lib failed
attempt to open C:/msys64/mingw64/bin/../lib/gcc/x86_64-w64-mingw32/15.2.0/../../../../x86_64-w64-mingw32/lib/../lib/libgcc_s.lib failed
attempt to open C:/msys64/mingw64/bin/../lib/gcc/x86_64-w64-mingw32/15.2.0/../../../../x86_64-w64-mingw32/lib/../lib/libgcc_s.dll failed
attempt to open C:/msys64/mingw64/bin/../lib/gcc/x86_64-w64-mingw32/15.2.0/../../../../x86_64-w64-mingw32/lib/../lib/gcc_s.dll failed
attempt to open C:/msys64/mingw64/bin/../lib/gcc/x86_64-w64-mingw32/15.2.0/../../../../x86_64-w64-mingw32/lib/../lib\libgcc_s.a failed
attempt to open C:/msys64/mingw64/bin/../lib/gcc/x86_64-w64-mingw32/15.2.0/../../../../lib/libgcc_s.dll.a failed
attempt to open C:/msys64/mingw64/bin/../lib/gcc/x86_64-w64-mingw32/15.2.0/../../../../lib/gcc_s.dll.a failed
attempt to open C:/msys64/mingw64/bin/../lib/gcc/x86_64-w64-mingw32/15.2.0/../../../../lib/libgcc_s.a succeeded
C:/msys64/mingw64/bin/../lib/gcc/x86_64-w64-mingw32/15.2.0/../../../../lib/libgcc_s.a
attempt to open T:/GitHub/my_scripts/lab3/deps/Windows/ffmpeg/lib/libgcc.dll.a failed
attempt to open T:/GitHub/my_scripts/lab3/deps/Windows/ffmpeg/lib/gcc.dll.a failed
attempt to open T:/GitHub/my_scripts/lab3/deps/Windows/ffmpeg/lib/libgcc.a failed
attempt to open T:/GitHub/my_scripts/lab3/deps/Windows/ffmpeg/lib/gcc.lib failed
attempt to open T:/GitHub/my_scripts/lab3/deps/Windows/ffmpeg/lib/libgcc.lib failed
attempt to open T:/GitHub/my_scripts/lab3/deps/Windows/ffmpeg/lib/libgcc.dll failed
attempt to open T:/GitHub/my_scripts/lab3/deps/Windows/ffmpeg/lib/gcc.dll failed
attempt to open T:/GitHub/my_scripts/lab3/deps/Windows/ffmpeg/lib\libgcc.a failed
attempt to open C:/msys64/mingw64/bin/../lib/gcc/x86_64-w64-mingw32/15.2.0/libgcc.dll.a failed
attempt to open C:/msys64/mingw64/bin/../lib/gcc/x86_64-w64-mingw32/15.2.0/gcc.dll.a failed
attempt to open C:/msys64/mingw64/bin/../lib/gcc/x86_64-w64-mingw32/15.2.0/libgcc.a succeeded
C:/msys64/mingw64/bin/../lib/gcc/x86_64-w64-mingw32/15.2.0/libgcc.a
attempt to open T:/GitHub/my_scripts/lab3/deps/Windows/ffmpeg/lib/libmingwex.dll.a failed
attempt to open T:/GitHub/my_scripts/lab3/deps/Windows/ffmpeg/lib/mingwex.dll.a failed
attempt to open T:/GitHub/my_scripts/lab3/deps/Windows/ffmpeg/lib/libmingwex.a failed
attempt to open T:/GitHub/my_scripts/lab3/deps/Windows/ffmpeg/lib/mingwex.lib failed
attempt to open T:/GitHub/my_scripts/lab3/deps/Windows/ffmpeg/lib/libmingwex.lib failed
attempt to open T:/GitHub/my_scripts/lab3/deps/Windows/ffmpeg/lib/libmingwex.dll failed
attempt to open T:/GitHub/my_scripts/lab3/deps/Windows/ffmpeg/lib/mingwex.dll failed
attempt to open T:/GitHub/my_scripts/lab3/deps/Windows/ffmpeg/lib\libmingwex.a failed
attempt to open C:/msys64/mingw64/bin/../lib/gcc/x86_64-w64-mingw32/15.2.0/libmingwex.dll.a failed
attempt to open C:/msys64/mingw64/bin/../lib/gcc/x86_64-w64-mingw32/15.2.0/mingwex.dll.a failed
attempt to open C:/msys64/mingw64/bin/../lib/gcc/x86_64-w64-mingw32/15.2.0/libmingwex.a failed
attempt to open C:/msys64/mingw64/bin/../lib/gcc/x86_64-w64-mingw32/15.2.0/mingwex.lib failed
attempt to open C:/msys64/mingw64/bin/../lib/gcc/x86_64-w64-mingw32/15.2.0/libmingwex.lib failed
attempt to open C:/msys64/mingw64/bin/../lib/gcc/x86_64-w64-mingw32/15.2.0/libmingwex.dll failed
attempt to open C:/msys64/mingw64/bin/../lib/gcc/x86_64-w64-mingw32/15.2.0/mingwex.dll failed
attempt to open C:/msys64/mingw64/bin/../lib/gcc/x86_64-w64-mingw32/15.2.0\libmingwex.a failed
attempt to open C:/msys64/mingw64/bin/../lib/gcc/libmingwex.dll.a failed
attempt to open C:/msys64/mingw64/bin/../lib/gcc/mingwex.dll.a failed
attempt to open C:/msys64/mingw64/bin/../lib/gcc/libmingwex.a failed
attempt to open C:/msys64/mingw64/bin/../lib/gcc/mingwex.lib failed
attempt to open C:/msys64/mingw64/bin/../lib/gcc/libmingwex.lib failed
attempt to open C:/msys64/mingw64/bin/../lib/gcc/libmingwex.dll failed
attempt to open C:/msys64/mingw64/bin/../lib/gcc/mingwex.dll failed
attempt to open C:/msys64/mingw64/bin/../lib/gcc\libmingwex.a failed
attempt to open C:/msys64/mingw64/bin/../lib/gcc/x86_64-w64-mingw32/15.2.0/../../../../x86_64-w64-mingw32/lib/../lib/libmingwex.dll.a failed
attempt to open C:/msys64/mingw64/bin/../lib/gcc/x86_64-w64-mingw32/15.2.0/../../../../x86_64-w64-mingw32/lib/../lib/mingwex.dll.a failed
attempt to open C:/msys64/mingw64/bin/../lib/gcc/x86_64-w64-mingw32/15.2.0/../../../../x86_64-w64-mingw32/lib/../lib/libmingwex.a failed
attempt to open C:/msys64/mingw64/bin/../lib/gcc/x86_64-w64-mingw32/15.2.0/../../../../x86_64-w64-mingw32/lib/../lib/mingwex.lib failed
attempt to open C:/msys64/mingw64/bin/../lib/gcc/x86_64-w64-mingw32/15.2.0/../../../../x86_64-w64-mingw32/lib/../lib/libmingwex.lib failed
attempt to open C:/msys64/mingw64/bin/../lib/gcc/x86_64-w64-mingw32/15.2.0/../../../../x86_64-w64-mingw32/lib/../lib/libmingwex.dll failed
attempt to open C:/msys64/mingw64/bin/../lib/gcc/x86_64-w64-mingw32/15.2.0/../../../../x86_64-w64-mingw32/lib/../lib/mingwex.dll failed
attempt to open C:/msys64/mingw64/bin/../lib/gcc/x86_64-w64-mingw32/15.2.0/../../../../x86_64-w64-mingw32/lib/../lib\libmingwex.a failed
attempt to open C:/msys64/mingw64/bin/../lib/gcc/x86_64-w64-mingw32/15.2.0/../../../../lib/libmingwex.dll.a failed
attempt to open C:/msys64/mingw64/bin/../lib/gcc/x86_64-w64-mingw32/15.2.0/../../../../lib/mingwex.dll.a failed
attempt to open C:/msys64/mingw64/bin/../lib/gcc/x86_64-w64-mingw32/15.2.0/../../../../lib/libmingwex.a succeeded
C:/msys64/mingw64/bin/../lib/gcc/x86_64-w64-mingw32/15.2.0/../../../../lib/libmingwex.a
attempt to open T:/GitHub/my_scripts/lab3/deps/Windows/ffmpeg/lib/libmsvcrt.dll.a failed
attempt to open T:/GitHub/my_scripts/lab3/deps/Windows/ffmpeg/lib/msvcrt.dll.a failed
attempt to open T:/GitHub/my_scripts/lab3/deps/Windows/ffmpeg/lib/libmsvcrt.a failed
attempt to open T:/GitHub/my_scripts/lab3/deps/Windows/ffmpeg/lib/msvcrt.lib failed
attempt to open T:/GitHub/my_scripts/lab3/deps/Windows/ffmpeg/lib/libmsvcrt.lib failed
attempt to open T:/GitHub/my_scripts/lab3/deps/Windows/ffmpeg/lib/libmsvcrt.dll failed
attempt to open T:/GitHub/my_scripts/lab3/deps/Windows/ffmpeg/lib/msvcrt.dll failed
attempt to open T:/GitHub/my_scripts/lab3/deps/Windows/ffmpeg/lib\libmsvcrt.a failed
attempt to open C:/msys64/mingw64/bin/../lib/gcc/x86_64-w64-mingw32/15.2.0/libmsvcrt.dll.a failed
attempt to open C:/msys64/mingw64/bin/../lib/gcc/x86_64-w64-mingw32/15.2.0/msvcrt.dll.a failed
attempt to open C:/msys64/mingw64/bin/../lib/gcc/x86_64-w64-mingw32/15.2.0/libmsvcrt.a failed
attempt to open C:/msys64/mingw64/bin/../lib/gcc/x86_64-w64-mingw32/15.2.0/msvcrt.lib failed
attempt to open C:/msys64/mingw64/bin/../lib/gcc/x86_64-w64-mingw32/15.2.0/libmsvcrt.lib failed
attempt to open C:/msys64/mingw64/bin/../lib/gcc/x86_64-w64-mingw32/15.2.0/libmsvcrt.dll failed
attempt to open C:/msys64/mingw64/bin/../lib/gcc/x86_64-w64-mingw32/15.2.0/msvcrt.dll failed
attempt to open C:/msys64/mingw64/bin/../lib/gcc/x86_64-w64-mingw32/15.2.0\libmsvcrt.a failed
attempt to open C:/msys64/mingw64/bin/../lib/gcc/libmsvcrt.dll.a failed
attempt to open C:/msys64/mingw64/bin/../lib/gcc/msvcrt.dll.a failed
attempt to open C:/msys64/mingw64/bin/../lib/gcc/libmsvcrt.a failed
attempt to open C:/msys64/mingw64/bin/../lib/gcc/msvcrt.lib failed
attempt to open C:/msys64/mingw64/bin/../lib/gcc/libmsvcrt.lib failed
attempt to open C:/msys64/mingw64/bin/../lib/gcc/libmsvcrt.dll failed
attempt to open C:/msys64/mingw64/bin/../lib/gcc/msvcrt.dll failed
attempt to open C:/msys64/mingw64/bin/../lib/gcc\libmsvcrt.a failed
attempt to open C:/msys64/mingw64/bin/../lib/gcc/x86_64-w64-mingw32/15.2.0/../../../../x86_64-w64-mingw32/lib/../lib/libmsvcrt.dll.a failed
attempt to open C:/msys64/mingw64/bin/../lib/gcc/x86_64-w64-mingw32/15.2.0/../../../../x86_64-w64-mingw32/lib/../lib/msvcrt.dll.a failed
attempt to open C:/msys64/mingw64/bin/../lib/gcc/x86_64-w64-mingw32/15.2.0/../../../../x86_64-w64-mingw32/lib/../lib/libmsvcrt.a failed
attempt to open C:/msys64/mingw64/bin/../lib/gcc/x86_64-w64-mingw32/15.2.0/../../../../x86_64-w64-mingw32/lib/../lib/msvcrt.lib failed
attempt to open C:/msys64/mingw64/bin/../lib/gcc/x86_64-w64-mingw32/15.2.0/../../../../x86_64-w64-mingw32/lib/../lib/libmsvcrt.lib failed
attempt to open C:/msys64/mingw64/bin/../lib/gcc/x86_64-w64-mingw32/15.2.0/../../../../x86_64-w64-mingw32/lib/../lib/libmsvcrt.dll failed
attempt to open C:/msys64/mingw64/bin/../lib/gcc/x86_64-w64-mingw32/15.2.0/../../../../x86_64-w64-mingw32/lib/../lib/msvcrt.dll failed
attempt to open C:/msys64/mingw64/bin/../lib/gcc/x86_64-w64-mingw32/15.2.0/../../../../x86_64-w64-mingw32/lib/../lib\libmsvcrt.a failed
attempt to open C:/msys64/mingw64/bin/../lib/gcc/x86_64-w64-mingw32/15.2.0/../../../../lib/libmsvcrt.dll.a failed
attempt to open C:/msys64/mingw64/bin/../lib/gcc/x86_64-w64-mingw32/15.2.0/../../../../lib/msvcrt.dll.a failed
attempt to open C:/msys64/mingw64/bin/../lib/gcc/x86_64-w64-mingw32/15.2.0/../../../../lib/libmsvcrt.a succeeded
C:/msys64/mingw64/bin/../lib/gcc/x86_64-w64-mingw32/15.2.0/../../../../lib/libmsvcrt.a
attempt to open T:/GitHub/my_scripts/lab3/deps/Windows/ffmpeg/lib/libkernel32.dll.a failed
attempt to open T:/GitHub/my_scripts/lab3/deps/Windows/ffmpeg/lib/kernel32.dll.a failed
attempt to open T:/GitHub/my_scripts/lab3/deps/Windows/ffmpeg/lib/libkernel32.a failed
attempt to open T:/GitHub/my_scripts/lab3/deps/Windows/ffmpeg/lib/kernel32.lib failed
attempt to open T:/GitHub/my_scripts/lab3/deps/Windows/ffmpeg/lib/libkernel32.lib failed
attempt to open T:/GitHub/my_scripts/lab3/deps/Windows/ffmpeg/lib/libkernel32.dll failed
attempt to open T:/GitHub/my_scripts/lab3/deps/Windows/ffmpeg/lib/kernel32.dll failed
attempt to open T:/GitHub/my_scripts/lab3/deps/Windows/ffmpeg/lib\libkernel32.a failed
attempt to open C:/msys64/mingw64/bin/../lib/gcc/x86_64-w64-mingw32/15.2.0/libkernel32.dll.a failed
attempt to open C:/msys64/mingw64/bin/../lib/gcc/x86_64-w64-mingw32/15.2.0/kernel32.dll.a failed
attempt to open C:/msys64/mingw64/bin/../lib/gcc/x86_64-w64-mingw32/15.2.0/libkernel32.a failed
attempt to open C:/msys64/mingw64/bin/../lib/gcc/x86_64-w64-mingw32/15.2.0/kernel32.lib failed
attempt to open C:/msys64/mingw64/bin/../lib/gcc/x86_64-w64-mingw32/15.2.0/libkernel32.lib failed
attempt to open C:/msys64/mingw64/bin/../lib/gcc/x86_64-w64-mingw32/15.2.0/libkernel32.dll failed
attempt to open C:/msys64/mingw64/bin/../lib/gcc/x86_64-w64-mingw32/15.2.0/kernel32.dll failed
attempt to open C:/msys64/mingw64/bin/../lib/gcc/x86_64-w64-mingw32/15.2.0\libkernel32.a failed
attempt to open C:/msys64/mingw64/bin/../lib/gcc/libkernel32.dll.a failed
attempt to open C:/msys64/mingw64/bin/../lib/gcc/kernel32.dll.a failed
attempt to open C:/msys64/mingw64/bin/../lib/gcc/libkernel32.a failed
attempt to open C:/msys64/mingw64/bin/../lib/gcc/kernel32.lib failed
attempt to open C:/msys64/mingw64/bin/../lib/gcc/libkernel32.lib failed
attempt to open C:/msys64/mingw64/bin/../lib/gcc/libkernel32.dll failed
attempt to open C:/msys64/mingw64/bin/../lib/gcc/kernel32.dll failed
attempt to open C:/msys64/mingw64/bin/../lib/gcc\libkernel32.a failed
attempt to open C:/msys64/mingw64/bin/../lib/gcc/x86_64-w64-mingw32/15.2.0/../../../../x86_64-w64-mingw32/lib/../lib/libkernel32.dll.a failed
attempt to open C:/msys64/mingw64/bin/../lib/gcc/x86_64-w64-mingw32/15.2.0/../../../../x86_64-w64-mingw32/lib/../lib/kernel32.dll.a failed
attempt to open C:/msys64/mingw64/bin/../lib/gcc/x86_64-w64-mingw32/15.2.0/../../../../x86_64-w64-mingw32/lib/../lib/libkernel32.a failed
attempt to open C:/msys64/mingw64/bin/../lib/gcc/x86_64-w64-mingw32/15.2.0/../../../../x86_64-w64-mingw32/lib/../lib/kernel32.lib failed
attempt to open C:/msys64/mingw64/bin/../lib/gcc/x86_64-w64-mingw32/15.2.0/../../../../x86_64-w64-mingw32/lib/../lib/libkernel32.lib failed
attempt to open C:/msys64/mingw64/bin/../lib/gcc/x86_64-w64-mingw32/15.2.0/../../../../x86_64-w64-mingw32/lib/../lib/libkernel32.dll failed
attempt to open C:/msys64/mingw64/bin/../lib/gcc/x86_64-w64-mingw32/15.2.0/../../../../x86_64-w64-mingw32/lib/../lib/kernel32.dll failed
attempt to open C:/msys64/mingw64/bin/../lib/gcc/x86_64-w64-mingw32/15.2.0/../../../../x86_64-w64-mingw32/lib/../lib\libkernel32.a failed
attempt to open C:/msys64/mingw64/bin/../lib/gcc/x86_64-w64-mingw32/15.2.0/../../../../lib/libkernel32.dll.a failed
attempt to open C:/msys64/mingw64/bin/../lib/gcc/x86_64-w64-mingw32/15.2.0/../../../../lib/kernel32.dll.a failed
attempt to open C:/msys64/mingw64/bin/../lib/gcc/x86_64-w64-mingw32/15.2.0/../../../../lib/libkernel32.a succeeded
C:/msys64/mingw64/bin/../lib/gcc/x86_64-w64-mingw32/15.2.0/../../../../lib/libkernel32.a
attempt to open C:/msys64/mingw64/bin/../lib/gcc/x86_64-w64-mingw32/15.2.0/../../../../lib/default-manifest.o succeeded
C:/msys64/mingw64/bin/../lib/gcc/x86_64-w64-mingw32/15.2.0/../../../../lib/default-manifest.o
attempt to open C:/msys64/mingw64/bin/../lib/gcc/x86_64-w64-mingw32/15.2.0/crtend.o succeeded
C:/msys64/mingw64/bin/../lib/gcc/x86_64-w64-mingw32/15.2.0/crtend.o
C:/msys64/mingw64/bin/../lib/gcc/x86_64-w64-mingw32/15.2.0/../../../../x86_64-w64-mingw32/bin/ld.exe: C:\msys64\tmp\ccRNtUsf.o:ffcheck.c:(.text+0x82): undefined reference to `av_log_set_level(int)'
C:/msys64/mingw64/bin/../lib/gcc/x86_64-w64-mingw32/15.2.0/../../../../x86_64-w64-mingw32/bin/ld.exe: C:\msys64\tmp\ccRNtUsf.o:ffcheck.c:(.text+0xb5): undefined reference to `avformat_open_input(AVFormatContext**, char const*, AVInputFormat const*, AVDictionary**)'
C:/msys64/mingw64/bin/../lib/gcc/x86_64-w64-mingw32/15.2.0/../../../../x86_64-w64-mingw32/bin/ld.exe: C:\msys64\tmp\ccRNtUsf.o:ffcheck.c:(.text+0x10f): undefined reference to `avformat_find_stream_info(AVFormatContext*, AVDictionary**)'
C:/msys64/mingw64/bin/../lib/gcc/x86_64-w64-mingw32/15.2.0/../../../../x86_64-w64-mingw32/bin/ld.exe: C:\msys64\tmp\ccRNtUsf.o:ffcheck.c:(.text+0x149): undefined reference to `avformat_close_input(AVFormatContext**)'
C:/msys64/mingw64/bin/../lib/gcc/x86_64-w64-mingw32/15.2.0/../../../../x86_64-w64-mingw32/bin/ld.exe: C:\msys64\tmp\ccRNtUsf.o:ffcheck.c:(.text+0x180): undefined reference to `av_dump_format(AVFormatContext*, int, char const*, int)'
C:/msys64/mingw64/bin/../lib/gcc/x86_64-w64-mingw32/15.2.0/../../../../x86_64-w64-mingw32/bin/ld.exe: C:\msys64\tmp\ccRNtUsf.o:ffcheck.c:(.text+0x1bd): undefined reference to `av_find_best_stream(AVFormatContext*, AVMediaType, int, int, AVCodec const**, int)'
C:/msys64/mingw64/bin/../lib/gcc/x86_64-w64-mingw32/15.2.0/../../../../x86_64-w64-mingw32/bin/ld.exe: C:\msys64\tmp\ccRNtUsf.o:ffcheck.c:(.text+0x211): undefined reference to `avcodec_get_name(AVCodecID)'
C:/msys64/mingw64/bin/../lib/gcc/x86_64-w64-mingw32/15.2.0/../../../../x86_64-w64-mingw32/bin/ld.exe: C:\msys64\tmp\ccRNtUsf.o:ffcheck.c:(.text+0x24c): undefined reference to `avformat_close_input(AVFormatContext**)'
C:/msys64/mingw64/bin/../lib/gcc/x86_64-w64-mingw32/15.2.0/../../../../x86_64-w64-mingw32/bin/ld.exe: link errors found, deleting executable `ff_verbose_test.exe'
collect2.exe: error: ld returned 1 exit status
