Quick scanning for video devices...
Found device: 0 after 1 attempts
Found device: 1 after 1 attempts
[ WARN:0@1.208] global cap.cpp:478 open VIDEOIO(DSHOW): backend is generally available but can't be used to capture by index
[ WARN:0@1.209] global cap.cpp:478 open VIDEOIO(DSHOW): backend is generally available but can't be used to capture by index
[ WARN:0@1.209] global cap.cpp:478 open VIDEOIO(DSHOW): backend is generally available but can't be used to capture by index
[ WARN:0@1.210] global cap.cpp:478 open VIDEOIO(DSHOW): backend is generally available but can't be used to capture by index
[ WARN:0@1.211] global cap.cpp:478 open VIDEOIO(DSHOW): backend is generally available but can't be used to capture by index
[ WARN:0@1.211] global cap.cpp:478 open VIDEOIO(DSHOW): backend is generally available but can't be used to capture by index
[ WARN:0@1.212] global cap.cpp:478 open VIDEOIO(DSHOW): backend is generally available but can't be used to capture by index
[ WARN:0@1.213] global cap.cpp:478 open VIDEOIO(DSHOW): backend is generally available but can't be used to capture by index
Quick scan completed. Found 2 devices
Quick scanning for video devices...
Found device: 0 after 1 attempts
Found device: 1 after 1 attempts
[ WARN:0@1.972] global cap.cpp:478 open VIDEOIO(DSHOW): backend is generally available but can't be used to capture by index
[ WARN:0@1.973] global cap.cpp:478 open VIDEOIO(DSHOW): backend is generally available but can't be used to capture by index
[ WARN:0@1.973] global cap.cpp:478 open VIDEOIO(DSHOW): backend is generally available but can't be used to capture by index
[ WARN:0@1.974] global cap.cpp:478 open VIDEOIO(DSHOW): backend is generally available but can't be used to capture by index
[ WARN:0@1.975] global cap.cpp:478 open VIDEOIO(DSHOW): backend is generally available but can't be used to capture by index
[ WARN:0@1.975] global cap.cpp:478 open VIDEOIO(DSHOW): backend is generally available but can't be used to capture by index
[ WARN:0@1.975] global cap.cpp:478 open VIDEOIO(DSHOW): backend is generally available but can't be used to capture by index
[ WARN:0@1.976] global cap.cpp:478 open VIDEOIO(DSHOW): backend is generally available but can't be used to capture by index
Quick scan completed. Found 2 devices
Available devices: QList(0, 1)
Initializing MainWindow
StreamManager created (NetworkFacade wrapper)
StreamManager initialized
UDP Socket local port: 51278
UDPManager: Socket bound to port 51278
StreamManager: setServerAddress "95.81.125.224" 23230
StreamManager: connectToServer
TCPManager: connecting to "95.81.125.224" : 23230
MainWindow initialized successfully
TCPManager: connected to server
NetworkFacade: TCP connected to "95.81.125.224" : 23230
Waiting for handshake start from server...
StreamManager: network connected
Connection status changed: true
TCPManager: processing message type: "5"
NetworkFacade: Server handshake start, connectionId: 7
HandshakeService: Starting handshake for connection 7
NetworkFacade: Handshake started for connection 7
TCPManager: processing message type: "6"
NetworkFacade: Server handshake end, connectionId: 7
HandshakeService: Handshake stopped
HandshakeService: Handshake completed for connection 7
NetworkFacade: Handshake completed for connection 7
StreamManager: handshake completed, connectionId: 7
? UDPManager: No NetworkManager registered for stream 12345
Add device button clicked
Add device requested
Quick scanning for video devices...
Found device: 0 after 1 attempts
Found device: 1 after 1 attempts
[ WARN:0@28.519] global cap.cpp:478 open VIDEOIO(DSHOW): backend is generally available but can't be used to capture by index
[ WARN:0@28.520] global cap.cpp:478 open VIDEOIO(DSHOW): backend is generally available but can't be used to capture by index
[ WARN:0@28.520] global cap.cpp:478 open VIDEOIO(DSHOW): backend is generally available but can't be used to capture by index
[ WARN:0@28.521] global cap.cpp:478 open VIDEOIO(DSHOW): backend is generally available but can't be used to capture by index
[ WARN:0@28.521] global cap.cpp:478 open VIDEOIO(DSHOW): backend is generally available but can't be used to capture by index
[ WARN:0@28.522] global cap.cpp:478 open VIDEOIO(DSHOW): backend is generally available but can't be used to capture by index
[ WARN:0@28.522] global cap.cpp:478 open VIDEOIO(DSHOW): backend is generally available but can't be used to capture by index
[ WARN:0@28.523] global cap.cpp:478 open VIDEOIO(DSHOW): backend is generally available but can't be used to capture by index
Quick scan completed. Found 2 devices
Quick adding device: 0
Adding streamer widget for device: 0
StreamerWidget created for device: 0
Layout updated: 1 widgets, grid: 1 x 1 video size: QSize(477, 268)
Streamer widget added. Total widgets: 1
Initializing StreamerWidget for device: 0
VideoCapture created for device: 0
Streaming enabled: true for device: 0
Device 0 added successfully
VideoCapture: quick starting device 0 with target FPS: 15
Requested: 854 x 480 @ 15
Actual: 1920 x 1080 @ 15
Starting capture loop for device 0 with interval: 66 ms
Start stream requested for: "---"
Start stream requested for device: 0
=== StreamerWidget::startStream() DEBUG ===
Device index: 0
Stream state: 0
StreamManager pointer: StreamManager(0x25474ea0b40)
Stream state changed for device 0 : 0 -> 1
DEBUG: Before calling StreamManager::createStream()
=== StreamManager::createStream() DEBUG ===
Device index: 0
NetworkFacade pointer: NetworkFacade(0x25474e79610)
Connected to server: true
Handshake completed: true
Sending stream create request to server...
sendStreamCreate called
TCPManager: sent CLIENT_STREAM_CREATE callId= 0
Stream create request sent for device: 0
=== StreamManager::createStream() END ===
Stream creation requested for device: 0
=== StreamerWidget::startStream() END ===
TCPManager: processing message type: "90"
NetworkFacade: Server stream created, id: 1698825
PacketGroupBuffer constructor - streamId: 1698825
  this: 0x254227cc590
NetworkManager created for stream: 1698825
FecBuffer: PacketGroupBuffer pointer set for stream 1698825
UDPManager: Registered NetworkManager for stream 1698825
NetworkManager: Initialized for stream 1698825
NetworkManager: Server address set to "95.81.125.224" : 23231
NetworkFacade: Created NetworkManager for stream 1698825
NetworkFacade: NetworkManager created for stream 1698825
=== Client Network State ===
Connection ID: 7
Calls: QList(0)
Streams: QList(1698825)
=== Call Details ===
Call 0 -> Streams: QList()
=== Stream Details ===
Stream 1698825 -> Call: 0 , Role: "Streamer" , Status: "Inactive" - "Created, waiting for start"
=== Summary ===
Owned Streams: 1 - QList(1698825)
Joined Streams: 0 - QList()
Active Streams: 0 - QList()
Joined Calls: 0 - QList()
=====================
StreamManager: server stream created - ID: 1698825
NetworkFacade: NetworkManager for stream 1698825 already exists
NetworkManager created for outgoing stream: 1698825
Mapped device 0 to stream 1698825
MainWindow: server stream created - ID: 1698825
VideoEncoder created for stream: 1698825
VideoEncoder::initialize() for stream 1698825 in thread QThread(0x2546d86ac10, name = "Qt mainThread") dimensions: 854 x 480 fps: 15
initFFMpeg
[libx264 @ 0000025474c33580] using cpu capabilities: MMX2 SSE2Fast SSSE3 SSE4.2 AVX FMA3 BMI2 AVX2
[libx264 @ 0000025474c33580] profile Constrained Baseline, level 3.0, 4:2:0, 8-bit
? VideoEncoder ULTRAFAST preset for stream: 1698825
VideoEncoder initialized for stream: 1698825 codec: libx264 bitrate: 600000 threads: 1
VideoEncoder initialized for stream: 1698825
Stream ID set to: 1698825 ( "LBRSDA" )
Stream officially created - ID: 1698825 Display: "LBRSDA"
VideoEncoder: streamId updated to 1698825
Stream ID set to: 1698825 ( "LBRSDA" )
Stream officially created - ID: 1698825 Display: "LBRSDA"
VideoEncoder::encodeFrame was called for the first time

Device 0 FPS: 15.067 (target: 15 )
TCPManager: processing message type: "93"
NetworkFacade: Server stream start, id: 1698825
NetworkManager: Started for stream 1698825
NetworkFacade: Stream 1698825 started sending
=== Client Network State ===
Connection ID: 7
Calls: QList(0)
Streams: QList(1698825)
=== Call Details ===
Call 0 -> Streams: QList()
=== Stream Details ===
Stream 1698825 -> Call: 0 , Role: "Streamer" , Status: "Active" - "Active streaming"
=== Summary ===
Owned Streams: 1 - QList(1698825)
Joined Streams: 0 - QList()
Active Streams: 1 - QList(1698825)
Joined Calls: 0 - QList()
=====================
StreamManager: server stream start - ID: 1698825
NetworkManager: Started for stream 1698825
NetworkManager enabled for sending, stream: 1698825
MainWindow: server stream start - ID: 1698825
Stream state changed for device 0 : 1 -> 2
Stream started - now sending packets for: "LBRSDA"
Cannot start stream - wrong state: 2
Sending frame 128 size: 11 first packet: 0
DBG send Start packet: 0 frameNumber: 128 frameSize: 11
Sending frame 129 size: 1948 first packet: 1
DBG send Start packet: 1 frameNumber: 129 frameSize: 1948
DBG send End packet: 2 frameNumber: 129
Sending frame 130 size: 353 first packet: 3
DBG send Start packet: 3 frameNumber: 130 frameSize: 353
Sending frame 131 size: 196 first packet: 5
DBG send Start packet: 5 frameNumber: 131 frameSize: 196
Sending frame 132 size: 23 first packet: 6
DBG send Start packet: 6 frameNumber: 132 frameSize: 23
Sending frame 133 size: 11 first packet: 7
DBG send Start packet: 7 frameNumber: 133 frameSize: 11
Sending frame 134 size: 11 first packet: 8
DBG send Start packet: 8 frameNumber: 134 frameSize: 11
Sending frame 135 size: 65541 first packet: 10
Found NAL unit at offset 0 type: 7 (SPS)
Found NAL unit at offset 28 type: 8 (PPS)
DBG send Start packet: 10 frameNumber: 135 frameSize: 65541
DBG send Continue packet: 11 frameNumber: 135
DBG send Continue packet: 12 frameNumber: 135
DBG send Continue packet: 13 frameNumber: 135
DBG send Continue packet: 15 frameNumber: 135
DBG send Continue packet: 16 frameNumber: 135
DBG send Continue packet: 17 frameNumber: 135
DBG send Continue packet: 18 frameNumber: 135
DBG send Continue packet: 20 frameNumber: 135
DBG send Continue packet: 21 frameNumber: 135
DBG send Continue packet: 22 frameNumber: 135
DBG send Continue packet: 23 frameNumber: 135
DBG send Continue packet: 25 frameNumber: 135
DBG send Continue packet: 26 frameNumber: 135
DBG send Continue packet: 27 frameNumber: 135
DBG send Continue packet: 28 frameNumber: 135
DBG send Continue packet: 30 frameNumber: 135
DBG send Continue packet: 31 frameNumber: 135
DBG send Continue packet: 32 frameNumber: 135
DBG send Continue packet: 33 frameNumber: 135
DBG send Continue packet: 35 frameNumber: 135
DBG send Continue packet: 36 frameNumber: 135
DBG send Continue packet: 37 frameNumber: 135
DBG send Continue packet: 38 frameNumber: 135
DBG send Continue packet: 40 frameNumber: 135
DBG send Continue packet: 41 frameNumber: 135
DBG send Continue packet: 42 frameNumber: 135
DBG send Continue packet: 43 frameNumber: 135
DBG send Continue packet: 45 frameNumber: 135
DBG send Continue packet: 46 frameNumber: 135
DBG send Continue packet: 47 frameNumber: 135
DBG send Continue packet: 48 frameNumber: 135
DBG send Continue packet: 50 frameNumber: 135
DBG send Continue packet: 51 frameNumber: 135
DBG send Continue packet: 52 frameNumber: 135
DBG send Continue packet: 53 frameNumber: 135
DBG send Continue packet: 55 frameNumber: 135
DBG send Continue packet: 56 frameNumber: 135
DBG send Continue packet: 57 frameNumber: 135
DBG send Continue packet: 58 frameNumber: 135
DBG send Continue packet: 60 frameNumber: 135
DBG send Continue packet: 61 frameNumber: 135
DBG send Continue packet: 62 frameNumber: 135
DBG send Continue packet: 63 frameNumber: 135
DBG send Continue packet: 65 frameNumber: 135
DBG send Continue packet: 66 frameNumber: 135
DBG send Continue packet: 67 frameNumber: 135
DBG send Continue packet: 68 frameNumber: 135
DBG send Continue packet: 70 frameNumber: 135
DBG send Continue packet: 71 frameNumber: 135
DBG send Continue packet: 72 frameNumber: 135
DBG send Continue packet: 73 frameNumber: 135
DBG send Continue packet: 75 frameNumber: 135
DBG send Continue packet: 76 frameNumber: 135
DBG send Continue packet: 77 frameNumber: 135
DBG send End packet: 78 frameNumber: 135
Sending frame 136 size: 11 first packet: 80
DBG send Start packet: 80 frameNumber: 136 frameSize: 11
Sending frame 137 size: 11 first packet: 81
DBG send Start packet: 81 frameNumber: 137 frameSize: 11
Sending frame 138 size: 20 first packet: 82
DBG send Start packet: 82 frameNumber: 138 frameSize: 20
Sending frame 139 size: 11 first packet: 83
DBG send Start packet: 83 frameNumber: 139 frameSize: 11
Sending frame 140 size: 39 first packet: 85
DBG send Start packet: 85 frameNumber: 140 frameSize: 39
Sending frame 141 size: 61 first packet: 86
DBG send Start packet: 86 frameNumber: 141 frameSize: 61
Sending frame 142 size: 11 first packet: 87
DBG send Start packet: 87 frameNumber: 142 frameSize: 11
Sending frame 143 size: 11 first packet: 88
DBG send Start packet: 88 frameNumber: 143 frameSize: 11
Sending frame 144 size: 11 first packet: 90
DBG send Start packet: 90 frameNumber: 144 frameSize: 11
Sending frame 145 size: 11 first packet: 91
DBG send Start packet: 91 frameNumber: 145 frameSize: 11
Sending frame 146 size: 11 first packet: 92
DBG send Start packet: 92 frameNumber: 146 frameSize: 11
Sending frame 147 size: 11 first packet: 93
DBG send Start packet: 93 frameNumber: 147 frameSize: 11
Sending frame 148 size: 110 first packet: 95
DBG send Start packet: 95 frameNumber: 148 frameSize: 110
Sending frame 149 size: 57 first packet: 96
DBG send Start packet: 96 frameNumber: 149 frameSize: 57
Sending frame 150 size: 65542 first packet: 97
Found NAL unit at offset 0 type: 7 (SPS)
Found NAL unit at offset 28 type: 8 (PPS)
DBG send Start packet: 97 frameNumber: 150 frameSize: 65542
DBG send Continue packet: 98 frameNumber: 150
DBG send Continue packet: 100 frameNumber: 150
DBG send Continue packet: 101 frameNumber: 150
DBG send Continue packet: 102 frameNumber: 150
DBG send Continue packet: 103 frameNumber: 150
DBG send Continue packet: 105 frameNumber: 150
DBG send Continue packet: 106 frameNumber: 150
DBG send Continue packet: 107 frameNumber: 150
DBG send Continue packet: 108 frameNumber: 150
DBG send Continue packet: 110 frameNumber: 150
DBG send Continue packet: 111 frameNumber: 150
DBG send Continue packet: 112 frameNumber: 150
DBG send Continue packet: 113 frameNumber: 150
DBG send Continue packet: 115 frameNumber: 150
DBG send Continue packet: 116 frameNumber: 150
DBG send Continue packet: 117 frameNumber: 150
DBG send Continue packet: 118 frameNumber: 150
DBG send Continue packet: 120 frameNumber: 150
DBG send Continue packet: 121 frameNumber: 150
DBG send Continue packet: 122 frameNumber: 150
DBG send Continue packet: 123 frameNumber: 150
DBG send Continue packet: 125 frameNumber: 150
DBG send Continue packet: 126 frameNumber: 150
DBG send Continue packet: 127 frameNumber: 150
DBG send Continue packet: 128 frameNumber: 150
DBG send Continue packet: 130 frameNumber: 150
DBG send Continue packet: 131 frameNumber: 150
DBG send Continue packet: 132 frameNumber: 150
DBG send Continue packet: 133 frameNumber: 150
DBG send Continue packet: 135 frameNumber: 150
DBG send Continue packet: 136 frameNumber: 150
DBG send Continue packet: 137 frameNumber: 150
DBG send Continue packet: 138 frameNumber: 150
DBG send Continue packet: 140 frameNumber: 150
DBG send Continue packet: 141 frameNumber: 150
DBG send Continue packet: 142 frameNumber: 150
DBG send Continue packet: 143 frameNumber: 150
DBG send Continue packet: 145 frameNumber: 150
DBG send Continue packet: 146 frameNumber: 150
DBG send Continue packet: 147 frameNumber: 150
DBG send Continue packet: 148 frameNumber: 150
DBG send Continue packet: 150 frameNumber: 150
DBG send Continue packet: 151 frameNumber: 150
DBG send Continue packet: 152 frameNumber: 150
DBG send Continue packet: 153 frameNumber: 150
DBG send Continue packet: 155 frameNumber: 150
DBG send Continue packet: 156 frameNumber: 150
DBG send Continue packet: 157 frameNumber: 150
DBG send Continue packet: 158 frameNumber: 150
DBG send Continue packet: 160 frameNumber: 150
DBG send Continue packet: 161 frameNumber: 150
DBG send Continue packet: 162 frameNumber: 150
DBG send Continue packet: 163 frameNumber: 150
DBG send Continue packet: 165 frameNumber: 150
DBG send End packet: 166 frameNumber: 150
StreamerWidget: Sent frame 150 for stream "LBRSDA"
Sending frame 151 size: 11 first packet: 167
DBG send Start packet: 167 frameNumber: 151 frameSize: 11
Sending frame 152 size: 11 first packet: 168
DBG send Start packet: 168 frameNumber: 152 frameSize: 11
Sending frame 153 size: 20 first packet: 170
DBG send Start packet: 170 frameNumber: 153 frameSize: 20
Sending frame 154 size: 11 first packet: 171
DBG send Start packet: 171 frameNumber: 154 frameSize: 11
Sending frame 155 size: 39 first packet: 172
DBG send Start packet: 172 frameNumber: 155 frameSize: 39
Sending frame 156 size: 61 first packet: 173
DBG send Start packet: 173 frameNumber: 156 frameSize: 61
Sending frame 157 size: 11 first packet: 175
DBG send Start packet: 175 frameNumber: 157 frameSize: 11
Sending frame 158 size: 11 first packet: 176
DBG send Start packet: 176 frameNumber: 158 frameSize: 11
Sending frame 159 size: 11 first packet: 177
DBG send Start packet: 177 frameNumber: 159 frameSize: 11
Sending frame 160 size: 11 first packet: 178
DBG send Start packet: 178 frameNumber: 160 frameSize: 11
Sending frame 161 size: 11 first packet: 180
DBG send Start packet: 180 frameNumber: 161 frameSize: 11
Sending frame 162 size: 11 first packet: 181
DBG send Start packet: 181 frameNumber: 162 frameSize: 11
Sending frame 163 size: 110 first packet: 182
DBG send Start packet: 182 frameNumber: 163 frameSize: 110
Sending frame 164 size: 57 first packet: 183
DBG send Start packet: 183 frameNumber: 164 frameSize: 57
Sending frame 165 size: 65541 first packet: 185
Found NAL unit at offset 0 type: 7 (SPS)
Found NAL unit at offset 28 type: 8 (PPS)
DBG send Start packet: 185 frameNumber: 165 frameSize: 65541
DBG send Continue packet: 186 frameNumber: 165
DBG send Continue packet: 187 frameNumber: 165
DBG send Continue packet: 188 frameNumber: 165
DBG send Continue packet: 190 frameNumber: 165
DBG send Continue packet: 191 frameNumber: 165
DBG send Continue packet: 192 frameNumber: 165
DBG send Continue packet: 193 frameNumber: 165
DBG send Continue packet: 195 frameNumber: 165
DBG send Continue packet: 196 frameNumber: 165
DBG send Continue packet: 197 frameNumber: 165
DBG send Continue packet: 198 frameNumber: 165
DBG send Continue packet: 200 frameNumber: 165
DBG send Continue packet: 201 frameNumber: 165
DBG send Continue packet: 202 frameNumber: 165
DBG send Continue packet: 203 frameNumber: 165
DBG send Continue packet: 205 frameNumber: 165
DBG send Continue packet: 206 frameNumber: 165
DBG send Continue packet: 207 frameNumber: 165
DBG send Continue packet: 208 frameNumber: 165
DBG send Continue packet: 210 frameNumber: 165
DBG send Continue packet: 211 frameNumber: 165
DBG send Continue packet: 212 frameNumber: 165
DBG send Continue packet: 213 frameNumber: 165
DBG send Continue packet: 215 frameNumber: 165
DBG send Continue packet: 216 frameNumber: 165
DBG send Continue packet: 217 frameNumber: 165
DBG send Continue packet: 218 frameNumber: 165
DBG send Continue packet: 220 frameNumber: 165
DBG send Continue packet: 221 frameNumber: 165
DBG send Continue packet: 222 frameNumber: 165
DBG send Continue packet: 223 frameNumber: 165
DBG send Continue packet: 225 frameNumber: 165
DBG send Continue packet: 226 frameNumber: 165
DBG send Continue packet: 227 frameNumber: 165
DBG send Continue packet: 228 frameNumber: 165
DBG send Continue packet: 230 frameNumber: 165
DBG send Continue packet: 231 frameNumber: 165
DBG send Continue packet: 232 frameNumber: 165
DBG send Continue packet: 233 frameNumber: 165
DBG send Continue packet: 235 frameNumber: 165
DBG send Continue packet: 236 frameNumber: 165
DBG send Continue packet: 237 frameNumber: 165
DBG send Continue packet: 238 frameNumber: 165
DBG send Continue packet: 240 frameNumber: 165
DBG send Continue packet: 241 frameNumber: 165
DBG send Continue packet: 242 frameNumber: 165
DBG send Continue packet: 243 frameNumber: 165
DBG send Continue packet: 245 frameNumber: 165
DBG send Continue packet: 246 frameNumber: 165
DBG send Continue packet: 247 frameNumber: 165
DBG send Continue packet: 248 frameNumber: 165
DBG send Continue packet: 250 frameNumber: 165
DBG send Continue packet: 251 frameNumber: 165
DBG send Continue packet: 252 frameNumber: 165
DBG send End packet: 253 frameNumber: 165
Sending frame 166 size: 11 first packet: 255
DBG send Start packet: 255 frameNumber: 166 frameSize: 11
Sending frame 167 size: 11 first packet: 256
DBG send Start packet: 256 frameNumber: 167 frameSize: 11
Sending frame 168 size: 20 first packet: 257
DBG send Start packet: 257 frameNumber: 168 frameSize: 20
Sending frame 169 size: 92 first packet: 258
DBG send Start packet: 258 frameNumber: 169 frameSize: 92
Sending frame 170 size: 126 first packet: 260
DBG send Start packet: 260 frameNumber: 170 frameSize: 126
Sending frame 171 size: 104 first packet: 261
DBG send Start packet: 261 frameNumber: 171 frameSize: 104
Sending frame 172 size: 91 first packet: 262
DBG send Start packet: 262 frameNumber: 172 frameSize: 91
Sending frame 173 size: 45 first packet: 263
DBG send Start packet: 263 frameNumber: 173 frameSize: 45
Sending frame 174 size: 11 first packet: 265
DBG send Start packet: 265 frameNumber: 174 frameSize: 11
Sending frame 175 size: 11 first packet: 266
DBG send Start packet: 266 frameNumber: 175 frameSize: 11
Sending frame 176 size: 11 first packet: 267
DBG send Start packet: 267 frameNumber: 176 frameSize: 11
Sending frame 177 size: 11 first packet: 268
DBG send Start packet: 268 frameNumber: 177 frameSize: 11
Sending frame 178 size: 120 first packet: 270
DBG send Start packet: 270 frameNumber: 178 frameSize: 120
Sending frame 179 size: 57 first packet: 271
DBG send Start packet: 271 frameNumber: 179 frameSize: 57
Sending frame 180 size: 65534 first packet: 272
Found NAL unit at offset 0 type: 7 (SPS)
Found NAL unit at offset 28 type: 8 (PPS)
DBG send Start packet: 272 frameNumber: 180 frameSize: 65534
DBG send Continue packet: 273 frameNumber: 180
DBG send Continue packet: 275 frameNumber: 180
DBG send Continue packet: 276 frameNumber: 180
DBG send Continue packet: 277 frameNumber: 180
DBG send Continue packet: 278 frameNumber: 180
DBG send Continue packet: 280 frameNumber: 180
DBG send Continue packet: 281 frameNumber: 180
DBG send Continue packet: 282 frameNumber: 180
DBG send Continue packet: 283 frameNumber: 180
DBG send Continue packet: 285 frameNumber: 180
DBG send Continue packet: 286 frameNumber: 180
DBG send Continue packet: 287 frameNumber: 180
DBG send Continue packet: 288 frameNumber: 180
DBG send Continue packet: 290 frameNumber: 180
DBG send Continue packet: 291 frameNumber: 180
DBG send Continue packet: 292 frameNumber: 180
DBG send Continue packet: 293 frameNumber: 180
DBG send Continue packet: 295 frameNumber: 180
DBG send Continue packet: 296 frameNumber: 180
DBG send Continue packet: 297 frameNumber: 180
DBG send Continue packet: 298 frameNumber: 180
DBG send Continue packet: 300 frameNumber: 180
DBG send Continue packet: 301 frameNumber: 180
DBG send Continue packet: 302 frameNumber: 180
DBG send Continue packet: 303 frameNumber: 180
DBG send Continue packet: 305 frameNumber: 180
DBG send Continue packet: 306 frameNumber: 180
DBG send Continue packet: 307 frameNumber: 180
DBG send Continue packet: 308 frameNumber: 180
DBG send Continue packet: 310 frameNumber: 180
DBG send Continue packet: 311 frameNumber: 180
DBG send Continue packet: 312 frameNumber: 180
DBG send Continue packet: 313 frameNumber: 180
DBG send Continue packet: 315 frameNumber: 180
DBG send Continue packet: 316 frameNumber: 180
DBG send Continue packet: 317 frameNumber: 180
DBG send Continue packet: 318 frameNumber: 180
DBG send Continue packet: 320 frameNumber: 180
DBG send Continue packet: 321 frameNumber: 180
DBG send Continue packet: 322 frameNumber: 180
DBG send Continue packet: 323 frameNumber: 180
DBG send Continue packet: 325 frameNumber: 180
DBG send Continue packet: 326 frameNumber: 180
DBG send Continue packet: 327 frameNumber: 180
DBG send Continue packet: 328 frameNumber: 180
DBG send Continue packet: 330 frameNumber: 180
DBG send Continue packet: 331 frameNumber: 180
DBG send Continue packet: 332 frameNumber: 180
DBG send Continue packet: 333 frameNumber: 180
DBG send Continue packet: 335 frameNumber: 180
DBG send Continue packet: 336 frameNumber: 180
DBG send Continue packet: 337 frameNumber: 180
DBG send Continue packet: 338 frameNumber: 180
DBG send Continue packet: 340 frameNumber: 180
DBG send End packet: 341 frameNumber: 180
StreamerWidget: Sent frame 180 for stream "LBRSDA"
Sending frame 181 size: 11 first packet: 342
DBG send Start packet: 342 frameNumber: 181 frameSize: 11
Sending frame 182 size: 11 first packet: 343
DBG send Start packet: 343 frameNumber: 182 frameSize: 11
Sending frame 183 size: 20 first packet: 345
DBG send Start packet: 345 frameNumber: 183 frameSize: 20
Sending frame 184 size: 11 first packet: 346
DBG send Start packet: 346 frameNumber: 184 frameSize: 11
Sending frame 185 size: 39 first packet: 347
DBG send Start packet: 347 frameNumber: 185 frameSize: 39
Sending frame 186 size: 61 first packet: 348
DBG send Start packet: 348 frameNumber: 186 frameSize: 61
Sending frame 187 size: 11 first packet: 350
DBG send Start packet: 350 frameNumber: 187 frameSize: 11
Sending frame 188 size: 11 first packet: 351
DBG send Start packet: 351 frameNumber: 188 frameSize: 11
Sending frame 189 size: 11 first packet: 352
DBG send Start packet: 352 frameNumber: 189 frameSize: 11
Sending frame 190 size: 11 first packet: 353
DBG send Start packet: 353 frameNumber: 190 frameSize: 11
Sending frame 191 size: 11 first packet: 355
DBG send Start packet: 355 frameNumber: 191 frameSize: 11
Sending frame 192 size: 11 first packet: 356
DBG send Start packet: 356 frameNumber: 192 frameSize: 11
Device 0 FPS: 14.941 (target: 15 )
Sending frame 193 size: 110 first packet: 357
DBG send Start packet: 357 frameNumber: 193 frameSize: 110
Sending frame 194 size: 57 first packet: 358
DBG send Start packet: 358 frameNumber: 194 frameSize: 57
Sending frame 195 size: 65535 first packet: 360
Found NAL unit at offset 0 type: 7 (SPS)
Found NAL unit at offset 28 type: 8 (PPS)
DBG send Start packet: 360 frameNumber: 195 frameSize: 65535
DBG send Continue packet: 361 frameNumber: 195
DBG send Continue packet: 362 frameNumber: 195
DBG send Continue packet: 363 frameNumber: 195
DBG send Continue packet: 365 frameNumber: 195
DBG send Continue packet: 366 frameNumber: 195
DBG send Continue packet: 367 frameNumber: 195
DBG send Continue packet: 368 frameNumber: 195
DBG send Continue packet: 370 frameNumber: 195
DBG send Continue packet: 371 frameNumber: 195
DBG send Continue packet: 372 frameNumber: 195
DBG send Continue packet: 373 frameNumber: 195
DBG send Continue packet: 375 frameNumber: 195
DBG send Continue packet: 376 frameNumber: 195
DBG send Continue packet: 377 frameNumber: 195
DBG send Continue packet: 378 frameNumber: 195
DBG send Continue packet: 380 frameNumber: 195
DBG send Continue packet: 381 frameNumber: 195
DBG send Continue packet: 382 frameNumber: 195
DBG send Continue packet: 383 frameNumber: 195
DBG send Continue packet: 385 frameNumber: 195
DBG send Continue packet: 386 frameNumber: 195
DBG send Continue packet: 387 frameNumber: 195
DBG send Continue packet: 388 frameNumber: 195
DBG send Continue packet: 390 frameNumber: 195
DBG send Continue packet: 391 frameNumber: 195
DBG send Continue packet: 392 frameNumber: 195
DBG send Continue packet: 393 frameNumber: 195
DBG send Continue packet: 395 frameNumber: 195
DBG send Continue packet: 396 frameNumber: 195
DBG send Continue packet: 397 frameNumber: 195
DBG send Continue packet: 398 frameNumber: 195
DBG send Continue packet: 400 frameNumber: 195
DBG send Continue packet: 401 frameNumber: 195
DBG send Continue packet: 402 frameNumber: 195
DBG send Continue packet: 403 frameNumber: 195
DBG send Continue packet: 405 frameNumber: 195
DBG send Continue packet: 406 frameNumber: 195
DBG send Continue packet: 407 frameNumber: 195
DBG send Continue packet: 408 frameNumber: 195
DBG send Continue packet: 410 frameNumber: 195
DBG send Continue packet: 411 frameNumber: 195
DBG send Continue packet: 412 frameNumber: 195
DBG send Continue packet: 413 frameNumber: 195
DBG send Continue packet: 415 frameNumber: 195
DBG send Continue packet: 416 frameNumber: 195
DBG send Continue packet: 417 frameNumber: 195
DBG send Continue packet: 418 frameNumber: 195
DBG send Continue packet: 420 frameNumber: 195
DBG send Continue packet: 421 frameNumber: 195
DBG send Continue packet: 422 frameNumber: 195
DBG send Continue packet: 423 frameNumber: 195
DBG send Continue packet: 425 frameNumber: 195
DBG send Continue packet: 426 frameNumber: 195
DBG send Continue packet: 427 frameNumber: 195
DBG send End packet: 428 frameNumber: 195
Sending frame 196 size: 11 first packet: 430
DBG send Start packet: 430 frameNumber: 196 frameSize: 11
Sending frame 197 size: 11 first packet: 431
DBG send Start packet: 431 frameNumber: 197 frameSize: 11
Sending frame 198 size: 20 first packet: 432
DBG send Start packet: 432 frameNumber: 198 frameSize: 20
Sending frame 199 size: 11 first packet: 433
DBG send Start packet: 433 frameNumber: 199 frameSize: 11
Sending frame 200 size: 127 first packet: 435
DBG send Start packet: 435 frameNumber: 200 frameSize: 127
Sending frame 201 size: 115 first packet: 436
DBG send Start packet: 436 frameNumber: 201 frameSize: 115
Sending frame 202 size: 184 first packet: 437
DBG send Start packet: 437 frameNumber: 202 frameSize: 184
=== New Protocol Statistics (Stream: 1698825) ===
Time: 13.6s | Frames: 75 sent, 0 received (438% loss)
Packets: 0 sent, 0 received | Data Rate: 0/0 KB/s
FEC: %10 groups sent, %11 recovered, %12 packets recovered
=================================
Sending frame 203 size: 129 first packet: 438
DBG send Start packet: 438 frameNumber: 203 frameSize: 129
Sending frame 204 size: 117 first packet: 440
DBG send Start packet: 440 frameNumber: 204 frameSize: 117
Sending frame 205 size: 157 first packet: 441
DBG send Start packet: 441 frameNumber: 205 frameSize: 157
Sending frame 206 size: 147 first packet: 442
DBG send Start packet: 442 frameNumber: 206 frameSize: 147
Sending frame 207 size: 129 first packet: 443
DBG send Start packet: 443 frameNumber: 207 frameSize: 129
Sending frame 208 size: 133 first packet: 445
DBG send Start packet: 445 frameNumber: 208 frameSize: 133
Sending frame 209 size: 135 first packet: 446
DBG send Start packet: 446 frameNumber: 209 frameSize: 135
Sending frame 210 size: 65537 first packet: 447
Found NAL unit at offset 0 type: 7 (SPS)
Found NAL unit at offset 28 type: 8 (PPS)
DBG send Start packet: 447 frameNumber: 210 frameSize: 65537
DBG send Continue packet: 448 frameNumber: 210
DBG send Continue packet: 450 frameNumber: 210
DBG send Continue packet: 451 frameNumber: 210
DBG send Continue packet: 452 frameNumber: 210
DBG send Continue packet: 453 frameNumber: 210
DBG send Continue packet: 455 frameNumber: 210
DBG send Continue packet: 456 frameNumber: 210
DBG send Continue packet: 457 frameNumber: 210
DBG send Continue packet: 458 frameNumber: 210
DBG send Continue packet: 460 frameNumber: 210
DBG send Continue packet: 461 frameNumber: 210
DBG send Continue packet: 462 frameNumber: 210
DBG send Continue packet: 463 frameNumber: 210
DBG send Continue packet: 465 frameNumber: 210
DBG send Continue packet: 466 frameNumber: 210
DBG send Continue packet: 467 frameNumber: 210
DBG send Continue packet: 468 frameNumber: 210
DBG send Continue packet: 470 frameNumber: 210
DBG send Continue packet: 471 frameNumber: 210
DBG send Continue packet: 472 frameNumber: 210
DBG send Continue packet: 473 frameNumber: 210
DBG send Continue packet: 475 frameNumber: 210
DBG send Continue packet: 476 frameNumber: 210
DBG send Continue packet: 477 frameNumber: 210
DBG send Continue packet: 478 frameNumber: 210
DBG send Continue packet: 480 frameNumber: 210
DBG send Continue packet: 481 frameNumber: 210
DBG send Continue packet: 482 frameNumber: 210
DBG send Continue packet: 483 frameNumber: 210
DBG send Continue packet: 485 frameNumber: 210
DBG send Continue packet: 486 frameNumber: 210
DBG send Continue packet: 487 frameNumber: 210
DBG send Continue packet: 488 frameNumber: 210
DBG send Continue packet: 490 frameNumber: 210
DBG send Continue packet: 491 frameNumber: 210
DBG send Continue packet: 492 frameNumber: 210
DBG send Continue packet: 493 frameNumber: 210
DBG send Continue packet: 495 frameNumber: 210
DBG send Continue packet: 496 frameNumber: 210
DBG send Continue packet: 497 frameNumber: 210
DBG send Continue packet: 498 frameNumber: 210
DBG send Continue packet: 500 frameNumber: 210
DBG send Continue packet: 501 frameNumber: 210
DBG send Continue packet: 502 frameNumber: 210
DBG send Continue packet: 503 frameNumber: 210
DBG send Continue packet: 505 frameNumber: 210
DBG send Continue packet: 506 frameNumber: 210
DBG send Continue packet: 507 frameNumber: 210
DBG send Continue packet: 508 frameNumber: 210
DBG send Continue packet: 510 frameNumber: 210
DBG send Continue packet: 511 frameNumber: 210
DBG send Continue packet: 512 frameNumber: 210
DBG send Continue packet: 513 frameNumber: 210
DBG send Continue packet: 515 frameNumber: 210
DBG send End packet: 516 frameNumber: 210
StreamerWidget: Sent frame 210 for stream "LBRSDA"
Sending frame 211 size: 29 first packet: 517
DBG send Start packet: 517 frameNumber: 211 frameSize: 29
Sending frame 212 size: 104 first packet: 518
DBG send Start packet: 518 frameNumber: 212 frameSize: 104
Sending frame 213 size: 44 first packet: 520
DBG send Start packet: 520 frameNumber: 213 frameSize: 44
Sending frame 214 size: 42 first packet: 521
DBG send Start packet: 521 frameNumber: 214 frameSize: 42
Sending frame 215 size: 519 first packet: 522
DBG send Start packet: 522 frameNumber: 215 frameSize: 519
Sending frame 216 size: 137 first packet: 523
DBG send Start packet: 523 frameNumber: 216 frameSize: 137
Sending frame 217 size: 119 first packet: 525
DBG send Start packet: 525 frameNumber: 217 frameSize: 119
Sending frame 218 size: 11 first packet: 526
DBG send Start packet: 526 frameNumber: 218 frameSize: 11
Sending frame 219 size: 11 first packet: 527
DBG send Start packet: 527 frameNumber: 219 frameSize: 11
Sending frame 220 size: 11 first packet: 528
DBG send Start packet: 528 frameNumber: 220 frameSize: 11
Sending frame 221 size: 11 first packet: 530
DBG send Start packet: 530 frameNumber: 221 frameSize: 11
Sending frame 222 size: 11 first packet: 531
DBG send Start packet: 531 frameNumber: 222 frameSize: 11
Sending frame 223 size: 163 first packet: 532
DBG send Start packet: 532 frameNumber: 223 frameSize: 163
Sending frame 224 size: 70 first packet: 533
DBG send Start packet: 533 frameNumber: 224 frameSize: 70
Sending frame 225 size: 65622 first packet: 535
Found NAL unit at offset 0 type: 7 (SPS)
Found NAL unit at offset 28 type: 8 (PPS)
DBG send Start packet: 535 frameNumber: 225 frameSize: 65622
DBG send Continue packet: 536 frameNumber: 225
DBG send Continue packet: 537 frameNumber: 225
DBG send Continue packet: 538 frameNumber: 225
DBG send Continue packet: 540 frameNumber: 225
DBG send Continue packet: 541 frameNumber: 225
DBG send Continue packet: 542 frameNumber: 225
DBG send Continue packet: 543 frameNumber: 225
DBG send Continue packet: 545 frameNumber: 225
DBG send Continue packet: 546 frameNumber: 225
DBG send Continue packet: 547 frameNumber: 225
DBG send Continue packet: 548 frameNumber: 225
DBG send Continue packet: 550 frameNumber: 225
DBG send Continue packet: 551 frameNumber: 225
DBG send Continue packet: 552 frameNumber: 225
DBG send Continue packet: 553 frameNumber: 225
DBG send Continue packet: 555 frameNumber: 225
DBG send Continue packet: 556 frameNumber: 225
DBG send Continue packet: 557 frameNumber: 225
DBG send Continue packet: 558 frameNumber: 225
DBG send Continue packet: 560 frameNumber: 225
DBG send Continue packet: 561 frameNumber: 225
DBG send Continue packet: 562 frameNumber: 225
DBG send Continue packet: 563 frameNumber: 225
DBG send Continue packet: 565 frameNumber: 225
DBG send Continue packet: 566 frameNumber: 225
DBG send Continue packet: 567 frameNumber: 225
DBG send Continue packet: 568 frameNumber: 225
DBG send Continue packet: 570 frameNumber: 225
DBG send Continue packet: 571 frameNumber: 225
DBG send Continue packet: 572 frameNumber: 225
DBG send Continue packet: 573 frameNumber: 225
DBG send Continue packet: 575 frameNumber: 225
DBG send Continue packet: 576 frameNumber: 225
DBG send Continue packet: 577 frameNumber: 225
DBG send Continue packet: 578 frameNumber: 225
DBG send Continue packet: 580 frameNumber: 225
DBG send Continue packet: 581 frameNumber: 225
DBG send Continue packet: 582 frameNumber: 225
DBG send Continue packet: 583 frameNumber: 225
DBG send Continue packet: 585 frameNumber: 225
DBG send Continue packet: 586 frameNumber: 225
DBG send Continue packet: 587 frameNumber: 225
DBG send Continue packet: 588 frameNumber: 225
DBG send Continue packet: 590 frameNumber: 225
DBG send Continue packet: 591 frameNumber: 225
DBG send Continue packet: 592 frameNumber: 225
DBG send Continue packet: 593 frameNumber: 225
DBG send Continue packet: 595 frameNumber: 225
DBG send Continue packet: 596 frameNumber: 225
DBG send Continue packet: 597 frameNumber: 225
DBG send Continue packet: 598 frameNumber: 225
DBG send Continue packet: 600 frameNumber: 225
DBG send Continue packet: 601 frameNumber: 225
DBG send Continue packet: 602 frameNumber: 225
DBG send End packet: 603 frameNumber: 225
Sending frame 226 size: 11 first packet: 605
DBG send Start packet: 605 frameNumber: 226 frameSize: 11
Sending frame 227 size: 11 first packet: 606
DBG send Start packet: 606 frameNumber: 227 frameSize: 11
Sending frame 228 size: 20 first packet: 607
DBG send Start packet: 607 frameNumber: 228 frameSize: 20
Sending frame 229 size: 11 first packet: 608
DBG send Start packet: 608 frameNumber: 229 frameSize: 11
Sending frame 230 size: 43 first packet: 610
DBG send Start packet: 610 frameNumber: 230 frameSize: 43
Sending frame 231 size: 57 first packet: 611
DBG send Start packet: 611 frameNumber: 231 frameSize: 57
Sending frame 232 size: 11 first packet: 612
DBG send Start packet: 612 frameNumber: 232 frameSize: 11
Sending frame 233 size: 11 first packet: 613
DBG send Start packet: 613 frameNumber: 233 frameSize: 11
Sending frame 234 size: 11 first packet: 615
DBG send Start packet: 615 frameNumber: 234 frameSize: 11
Sending frame 235 size: 11 first packet: 616
DBG send Start packet: 616 frameNumber: 235 frameSize: 11
Sending frame 236 size: 11 first packet: 617
DBG send Start packet: 617 frameNumber: 236 frameSize: 11
Sending frame 237 size: 11 first packet: 618
DBG send Start packet: 618 frameNumber: 237 frameSize: 11
Sending frame 238 size: 107 first packet: 620
DBG send Start packet: 620 frameNumber: 238 frameSize: 107
Sending frame 239 size: 57 first packet: 621
DBG send Start packet: 621 frameNumber: 239 frameSize: 57
Sending frame 240 size: 65620 first packet: 622
Found NAL unit at offset 0 type: 7 (SPS)
Found NAL unit at offset 28 type: 8 (PPS)
DBG send Start packet: 622 frameNumber: 240 frameSize: 65620
DBG send Continue packet: 623 frameNumber: 240
DBG send Continue packet: 625 frameNumber: 240
DBG send Continue packet: 626 frameNumber: 240
DBG send Continue packet: 627 frameNumber: 240
DBG send Continue packet: 628 frameNumber: 240
DBG send Continue packet: 630 frameNumber: 240
DBG send Continue packet: 631 frameNumber: 240
DBG send Continue packet: 632 frameNumber: 240
DBG send Continue packet: 633 frameNumber: 240
DBG send Continue packet: 635 frameNumber: 240
DBG send Continue packet: 636 frameNumber: 240
DBG send Continue packet: 637 frameNumber: 240
DBG send Continue packet: 638 frameNumber: 240
DBG send Continue packet: 640 frameNumber: 240
DBG send Continue packet: 641 frameNumber: 240
DBG send Continue packet: 642 frameNumber: 240
DBG send Continue packet: 643 frameNumber: 240
DBG send Continue packet: 645 frameNumber: 240
DBG send Continue packet: 646 frameNumber: 240
DBG send Continue packet: 647 frameNumber: 240
DBG send Continue packet: 648 frameNumber: 240
DBG send Continue packet: 650 frameNumber: 240
DBG send Continue packet: 651 frameNumber: 240
DBG send Continue packet: 652 frameNumber: 240
DBG send Continue packet: 653 frameNumber: 240
DBG send Continue packet: 655 frameNumber: 240
DBG send Continue packet: 656 frameNumber: 240
DBG send Continue packet: 657 frameNumber: 240
DBG send Continue packet: 658 frameNumber: 240
DBG send Continue packet: 660 frameNumber: 240
DBG send Continue packet: 661 frameNumber: 240
DBG send Continue packet: 662 frameNumber: 240
DBG send Continue packet: 663 frameNumber: 240
DBG send Continue packet: 665 frameNumber: 240
DBG send Continue packet: 666 frameNumber: 240
DBG send Continue packet: 667 frameNumber: 240
DBG send Continue packet: 668 frameNumber: 240
DBG send Continue packet: 670 frameNumber: 240
DBG send Continue packet: 671 frameNumber: 240
DBG send Continue packet: 672 frameNumber: 240
DBG send Continue packet: 673 frameNumber: 240
DBG send Continue packet: 675 frameNumber: 240
DBG send Continue packet: 676 frameNumber: 240
DBG send Continue packet: 677 frameNumber: 240
DBG send Continue packet: 678 frameNumber: 240
DBG send Continue packet: 680 frameNumber: 240
DBG send Continue packet: 681 frameNumber: 240
DBG send Continue packet: 682 frameNumber: 240
DBG send Continue packet: 683 frameNumber: 240
DBG send Continue packet: 685 frameNumber: 240
DBG send Continue packet: 686 frameNumber: 240
DBG send Continue packet: 687 frameNumber: 240
DBG send Continue packet: 688 frameNumber: 240
DBG send Continue packet: 690 frameNumber: 240
DBG send End packet: 691 frameNumber: 240
StreamerWidget: Sent frame 240 for stream "LBRSDA"
Sending frame 241 size: 11 first packet: 692
DBG send Start packet: 692 frameNumber: 241 frameSize: 11
Sending frame 242 size: 11 first packet: 693
DBG send Start packet: 693 frameNumber: 242 frameSize: 11
Sending frame 243 size: 20 first packet: 695
DBG send Start packet: 695 frameNumber: 243 frameSize: 20
Sending frame 244 size: 11 first packet: 696
DBG send Start packet: 696 frameNumber: 244 frameSize: 11
Sending frame 245 size: 43 first packet: 697
DBG send Start packet: 697 frameNumber: 245 frameSize: 43
Sending frame 246 size: 57 first packet: 698
DBG send Start packet: 698 frameNumber: 246 frameSize: 57
Sending frame 247 size: 11 first packet: 700
DBG send Start packet: 700 frameNumber: 247 frameSize: 11
Sending frame 248 size: 11 first packet: 701
DBG send Start packet: 701 frameNumber: 248 frameSize: 11
Sending frame 249 size: 11 first packet: 702
DBG send Start packet: 702 frameNumber: 249 frameSize: 11
Sending frame 250 size: 11 first packet: 703
DBG send Start packet: 703 frameNumber: 250 frameSize: 11
Sending frame 251 size: 11 first packet: 705
DBG send Start packet: 705 frameNumber: 251 frameSize: 11
Sending frame 252 size: 11 first packet: 706
DBG send Start packet: 706 frameNumber: 252 frameSize: 11
Sending frame 253 size: 107 first packet: 707
DBG send Start packet: 707 frameNumber: 253 frameSize: 107
Sending frame 254 size: 57 first packet: 708
DBG send Start packet: 708 frameNumber: 254 frameSize: 57
Sending frame 255 size: 65622 first packet: 710
Found NAL unit at offset 0 type: 7 (SPS)
Found NAL unit at offset 28 type: 8 (PPS)
DBG send Start packet: 710 frameNumber: 255 frameSize: 65622
DBG send Continue packet: 711 frameNumber: 255
DBG send Continue packet: 712 frameNumber: 255
DBG send Continue packet: 713 frameNumber: 255
DBG send Continue packet: 715 frameNumber: 255
DBG send Continue packet: 716 frameNumber: 255
DBG send Continue packet: 717 frameNumber: 255
DBG send Continue packet: 718 frameNumber: 255
DBG send Continue packet: 720 frameNumber: 255
DBG send Continue packet: 721 frameNumber: 255
DBG send Continue packet: 722 frameNumber: 255
DBG send Continue packet: 723 frameNumber: 255
DBG send Continue packet: 725 frameNumber: 255
DBG send Continue packet: 726 frameNumber: 255
DBG send Continue packet: 727 frameNumber: 255
DBG send Continue packet: 728 frameNumber: 255
DBG send Continue packet: 730 frameNumber: 255
DBG send Continue packet: 731 frameNumber: 255
DBG send Continue packet: 732 frameNumber: 255
DBG send Continue packet: 733 frameNumber: 255
DBG send Continue packet: 735 frameNumber: 255
DBG send Continue packet: 736 frameNumber: 255
DBG send Continue packet: 737 frameNumber: 255
DBG send Continue packet: 738 frameNumber: 255
DBG send Continue packet: 740 frameNumber: 255
DBG send Continue packet: 741 frameNumber: 255
DBG send Continue packet: 742 frameNumber: 255
DBG send Continue packet: 743 frameNumber: 255
DBG send Continue packet: 745 frameNumber: 255
DBG send Continue packet: 746 frameNumber: 255
DBG send Continue packet: 747 frameNumber: 255
DBG send Continue packet: 748 frameNumber: 255
DBG send Continue packet: 750 frameNumber: 255
DBG send Continue packet: 751 frameNumber: 255
DBG send Continue packet: 752 frameNumber: 255
DBG send Continue packet: 753 frameNumber: 255
DBG send Continue packet: 755 frameNumber: 255
DBG send Continue packet: 756 frameNumber: 255
DBG send Continue packet: 757 frameNumber: 255
DBG send Continue packet: 758 frameNumber: 255
DBG send Continue packet: 760 frameNumber: 255
DBG send Continue packet: 761 frameNumber: 255
DBG send Continue packet: 762 frameNumber: 255
DBG send Continue packet: 763 frameNumber: 255
DBG send Continue packet: 765 frameNumber: 255
DBG send Continue packet: 766 frameNumber: 255
DBG send Continue packet: 767 frameNumber: 255
DBG send Continue packet: 768 frameNumber: 255
DBG send Continue packet: 770 frameNumber: 255
DBG send Continue packet: 771 frameNumber: 255
DBG send Continue packet: 772 frameNumber: 255
DBG send Continue packet: 773 frameNumber: 255
DBG send Continue packet: 775 frameNumber: 255
DBG send Continue packet: 776 frameNumber: 255
DBG send Continue packet: 777 frameNumber: 255
DBG send End packet: 778 frameNumber: 255
Sending frame 256 size: 11 first packet: 780
DBG send Start packet: 780 frameNumber: 256 frameSize: 11
Sending frame 257 size: 11 first packet: 781
DBG send Start packet: 781 frameNumber: 257 frameSize: 11
Sending frame 258 size: 20 first packet: 782
DBG send Start packet: 782 frameNumber: 258 frameSize: 20
Sending frame 259 size: 11 first packet: 783
DBG send Start packet: 783 frameNumber: 259 frameSize: 11
Sending frame 260 size: 43 first packet: 785
DBG send Start packet: 785 frameNumber: 260 frameSize: 43
Sending frame 261 size: 57 first packet: 786
DBG send Start packet: 786 frameNumber: 261 frameSize: 57
Sending frame 262 size: 11 first packet: 787
DBG send Start packet: 787 frameNumber: 262 frameSize: 11
Sending frame 263 size: 11 first packet: 788
DBG send Start packet: 788 frameNumber: 263 frameSize: 11
Sending frame 264 size: 11 first packet: 790
DBG send Start packet: 790 frameNumber: 264 frameSize: 11
Sending frame 265 size: 11 first packet: 791
DBG send Start packet: 791 frameNumber: 265 frameSize: 11
Sending frame 266 size: 11 first packet: 792
DBG send Start packet: 792 frameNumber: 266 frameSize: 11
Sending frame 267 size: 11 first packet: 793
DBG send Start packet: 793 frameNumber: 267 frameSize: 11
Sending frame 268 size: 107 first packet: 795
DBG send Start packet: 795 frameNumber: 268 frameSize: 107
Sending frame 269 size: 57 first packet: 796
DBG send Start packet: 796 frameNumber: 269 frameSize: 57
Sending frame 270 size: 65620 first packet: 797
Found NAL unit at offset 0 type: 7 (SPS)
Found NAL unit at offset 28 type: 8 (PPS)
DBG send Start packet: 797 frameNumber: 270 frameSize: 65620
DBG send Continue packet: 798 frameNumber: 270
DBG send Continue packet: 800 frameNumber: 270
DBG send Continue packet: 801 frameNumber: 270
DBG send Continue packet: 802 frameNumber: 270
DBG send Continue packet: 803 frameNumber: 270
DBG send Continue packet: 805 frameNumber: 270
DBG send Continue packet: 806 frameNumber: 270
DBG send Continue packet: 807 frameNumber: 270
DBG send Continue packet: 808 frameNumber: 270
DBG send Continue packet: 810 frameNumber: 270
DBG send Continue packet: 811 frameNumber: 270
DBG send Continue packet: 812 frameNumber: 270
DBG send Continue packet: 813 frameNumber: 270
DBG send Continue packet: 815 frameNumber: 270
DBG send Continue packet: 816 frameNumber: 270
DBG send Continue packet: 817 frameNumber: 270
DBG send Continue packet: 818 frameNumber: 270
DBG send Continue packet: 820 frameNumber: 270
DBG send Continue packet: 821 frameNumber: 270
DBG send Continue packet: 822 frameNumber: 270
DBG send Continue packet: 823 frameNumber: 270
DBG send Continue packet: 825 frameNumber: 270
DBG send Continue packet: 826 frameNumber: 270
DBG send Continue packet: 827 frameNumber: 270
DBG send Continue packet: 828 frameNumber: 270
DBG send Continue packet: 830 frameNumber: 270
DBG send Continue packet: 831 frameNumber: 270
DBG send Continue packet: 832 frameNumber: 270
DBG send Continue packet: 833 frameNumber: 270
DBG send Continue packet: 835 frameNumber: 270
DBG send Continue packet: 836 frameNumber: 270
DBG send Continue packet: 837 frameNumber: 270
DBG send Continue packet: 838 frameNumber: 270
DBG send Continue packet: 840 frameNumber: 270
DBG send Continue packet: 841 frameNumber: 270
DBG send Continue packet: 842 frameNumber: 270
DBG send Continue packet: 843 frameNumber: 270
DBG send Continue packet: 845 frameNumber: 270
DBG send Continue packet: 846 frameNumber: 270
DBG send Continue packet: 847 frameNumber: 270
DBG send Continue packet: 848 frameNumber: 270
DBG send Continue packet: 850 frameNumber: 270
DBG send Continue packet: 851 frameNumber: 270
DBG send Continue packet: 852 frameNumber: 270
DBG send Continue packet: 853 frameNumber: 270
DBG send Continue packet: 855 frameNumber: 270
DBG send Continue packet: 856 frameNumber: 270
DBG send Continue packet: 857 frameNumber: 270
DBG send Continue packet: 858 frameNumber: 270
DBG send Continue packet: 860 frameNumber: 270
DBG send Continue packet: 861 frameNumber: 270
DBG send Continue packet: 862 frameNumber: 270
DBG send Continue packet: 863 frameNumber: 270
DBG send Continue packet: 865 frameNumber: 270
DBG send End packet: 866 frameNumber: 270
StreamerWidget: Sent frame 270 for stream "LBRSDA"
Sending frame 271 size: 11 first packet: 867
DBG send Start packet: 867 frameNumber: 271 frameSize: 11
Sending frame 272 size: 11 first packet: 868
DBG send Start packet: 868 frameNumber: 272 frameSize: 11
Sending frame 273 size: 20 first packet: 870
DBG send Start packet: 870 frameNumber: 273 frameSize: 20
Sending frame 274 size: 11 first packet: 871
DBG send Start packet: 871 frameNumber: 274 frameSize: 11
Sending frame 275 size: 43 first packet: 872
DBG send Start packet: 872 frameNumber: 275 frameSize: 43
Sending frame 276 size: 57 first packet: 873
DBG send Start packet: 873 frameNumber: 276 frameSize: 57
=== New Protocol Statistics (Stream: 1698825) ===
Time: 18.6s | Frames: 149 sent, 0 received (875% loss)
Packets: 0 sent, 0 received | Data Rate: 0/0 KB/s
FEC: %10 groups sent, %11 recovered, %12 packets recovered
=================================
Sending frame 277 size: 11 first packet: 875
DBG send Start packet: 875 frameNumber: 277 frameSize: 11
Sending frame 278 size: 11 first packet: 876
DBG send Start packet: 876 frameNumber: 278 frameSize: 11
Sending frame 279 size: 11 first packet: 877
DBG send Start packet: 877 frameNumber: 279 frameSize: 11
Sending frame 280 size: 11 first packet: 878
DBG send Start packet: 878 frameNumber: 280 frameSize: 11
Sending frame 281 size: 11 first packet: 880
DBG send Start packet: 880 frameNumber: 281 frameSize: 11
Sending frame 282 size: 11 first packet: 881
DBG send Start packet: 881 frameNumber: 282 frameSize: 11
Sending frame 283 size: 107 first packet: 882
DBG send Start packet: 882 frameNumber: 283 frameSize: 107
Sending frame 284 size: 57 first packet: 883
DBG send Start packet: 883 frameNumber: 284 frameSize: 57
Sending frame 285 size: 65622 first packet: 885
Found NAL unit at offset 0 type: 7 (SPS)
Found NAL unit at offset 28 type: 8 (PPS)
DBG send Start packet: 885 frameNumber: 285 frameSize: 65622
DBG send Continue packet: 886 frameNumber: 285
DBG send Continue packet: 887 frameNumber: 285
DBG send Continue packet: 888 frameNumber: 285
DBG send Continue packet: 890 frameNumber: 285
DBG send Continue packet: 891 frameNumber: 285
DBG send Continue packet: 892 frameNumber: 285
DBG send Continue packet: 893 frameNumber: 285
DBG send Continue packet: 895 frameNumber: 285
DBG send Continue packet: 896 frameNumber: 285
DBG send Continue packet: 897 frameNumber: 285
DBG send Continue packet: 898 frameNumber: 285
DBG send Continue packet: 900 frameNumber: 285
DBG send Continue packet: 901 frameNumber: 285
DBG send Continue packet: 902 frameNumber: 285
DBG send Continue packet: 903 frameNumber: 285
DBG send Continue packet: 905 frameNumber: 285
DBG send Continue packet: 906 frameNumber: 285
DBG send Continue packet: 907 frameNumber: 285
DBG send Continue packet: 908 frameNumber: 285
DBG send Continue packet: 910 frameNumber: 285
DBG send Continue packet: 911 frameNumber: 285
DBG send Continue packet: 912 frameNumber: 285
DBG send Continue packet: 913 frameNumber: 285
DBG send Continue packet: 915 frameNumber: 285
DBG send Continue packet: 916 frameNumber: 285
DBG send Continue packet: 917 frameNumber: 285
DBG send Continue packet: 918 frameNumber: 285
DBG send Continue packet: 920 frameNumber: 285
DBG send Continue packet: 921 frameNumber: 285
DBG send Continue packet: 922 frameNumber: 285
DBG send Continue packet: 923 frameNumber: 285
DBG send Continue packet: 925 frameNumber: 285
DBG send Continue packet: 926 frameNumber: 285
DBG send Continue packet: 927 frameNumber: 285
DBG send Continue packet: 928 frameNumber: 285
DBG send Continue packet: 930 frameNumber: 285
DBG send Continue packet: 931 frameNumber: 285
DBG send Continue packet: 932 frameNumber: 285
DBG send Continue packet: 933 frameNumber: 285
DBG send Continue packet: 935 frameNumber: 285
DBG send Continue packet: 936 frameNumber: 285
DBG send Continue packet: 937 frameNumber: 285
DBG send Continue packet: 938 frameNumber: 285
DBG send Continue packet: 940 frameNumber: 285
DBG send Continue packet: 941 frameNumber: 285
DBG send Continue packet: 942 frameNumber: 285
DBG send Continue packet: 943 frameNumber: 285
DBG send Continue packet: 945 frameNumber: 285
DBG send Continue packet: 946 frameNumber: 285
DBG send Continue packet: 947 frameNumber: 285
DBG send Continue packet: 948 frameNumber: 285
DBG send Continue packet: 950 frameNumber: 285
DBG send Continue packet: 951 frameNumber: 285
DBG send Continue packet: 952 frameNumber: 285
DBG send End packet: 953 frameNumber: 285
Sending frame 286 size: 11 first packet: 955
DBG send Start packet: 955 frameNumber: 286 frameSize: 11
Sending frame 287 size: 11 first packet: 956
DBG send Start packet: 956 frameNumber: 287 frameSize: 11
Sending frame 288 size: 20 first packet: 957
DBG send Start packet: 957 frameNumber: 288 frameSize: 20
Sending frame 289 size: 11 first packet: 958
DBG send Start packet: 958 frameNumber: 289 frameSize: 11
Sending frame 290 size: 43 first packet: 960
DBG send Start packet: 960 frameNumber: 290 frameSize: 43
Sending frame 291 size: 57 first packet: 961
DBG send Start packet: 961 frameNumber: 291 frameSize: 57
Disconnect requested for device with stream: "LBRSDA"
Disconnect requested for device: 0
Stopping stream for device: 0
StreamManager: deleteStream 1698825
TCPManager: sent CLIENT_STREAM_DELETE streamId= 1698825
Stream deletion requested for: 1698825
[libx264 @ 0000025474c33580] frame I:20    Avg QP:11.65  size: 63163
[libx264 @ 0000025474c33580] frame P:272   Avg QP:14.32  size:   229
[libx264 @ 0000025474c33580] mb I  I16..4: 100.0%  0.0%  0.0%
[libx264 @ 0000025474c33580] mb P  I16..4:  0.2%  0.0%  0.0%  P16..4:  0.8%  0.0%  0.0%  0.0%  0.0%    skip:99.0%
[libx264 @ 0000025474c33580] coded y,uvDC,uvAC intra: 30.6% 24.9% 23.9% inter: 0.3% 0.4% 0.2%
[libx264 @ 0000025474c33580] i16 v,h,dc,p: 64% 34%  2%  0%
[libx264 @ 0000025474c33580] i8c dc,h,v,p: 68% 17% 13%  1%
[libx264 @ 0000025474c33580] kb/s:544.76
VideoEncoder destroyed for stream: 1698825
VideoEncoder cleaned up
Stream stopped for device: 0
Streaming enabled: false for device: 0
Cleaning up StreamerWidget for device: 0
Cleaning up video capture for device: 0
VideoCapture: stopped device 0
Video capture cleaned up
StreamerWidget cleanup completed for device: 0
Streamer disconnect requested for device: 0
Streamer disconnect requested for device: 0
Removing streamer widget for device: 0
Streamer widget removed. Total widgets: 0
Device 0 disconnected and removed. Total used devices: 0
Quick scanning for video devices...
Found device: 0 after 1 attempts
Found device: 1 after 1 attempts
[ WARN:0@51.520] global cap.cpp:478 open VIDEOIO(DSHOW): backend is generally available but can't be used to capture by index
[ WARN:0@51.521] global cap.cpp:478 open VIDEOIO(DSHOW): backend is generally available but can't be used to capture by index
[ WARN:0@51.521] global cap.cpp:478 open VIDEOIO(DSHOW): backend is generally available but can't be used to capture by index
[ WARN:0@51.522] global cap.cpp:478 open VIDEOIO(DSHOW): backend is generally available but can't be used to capture by index
[ WARN:0@51.522] global cap.cpp:478 open VIDEOIO(DSHOW): backend is generally available but can't be used to capture by index
[ WARN:0@51.522] global cap.cpp:478 open VIDEOIO(DSHOW): backend is generally available but can't be used to capture by index
[ WARN:0@51.523] global cap.cpp:478 open VIDEOIO(DSHOW): backend is generally available but can't be used to capture by index
[ WARN:0@51.523] global cap.cpp:478 open VIDEOIO(DSHOW): backend is generally available but can't be used to capture by index
Quick scan completed. Found 2 devices
Available devices: QList(0, 1)
Device availability - Total: 2 Used: 0 Available: true
Device 0 fully disconnected
Cleaning up StreamerWidget for device: 0
StreamerWidget cleanup completed for device: 0
TCPManager: processing message type: "4"
StreamManager: Server success for message type 17 : "SUCCESS: deleted stream 1698825"
Cleaning up MainWindow
StreamManager: disconnectFromServer
TCPManager: disconnected from server
NetworkFacade: TCP disconnected
UDPManager: Unregistered NetworkManager for stream 1698825
NetworkManager: Cleaned up for stream 1698825
StreamManager: network disconnected
Connection status changed: false
Connection status changed: false
StreamManager cleanup
StreamManager cleanup
NetworkManager: Cleaned up for stream 1698825
NetworkManager: Destructor for stream 1698825
