Quick scanning for video devices...
Found device: 0 after 1 attempts
Found device: 1 after 1 attempts
[ WARN:0@1.189] global cap.cpp:478 open VIDEOIO(DSHOW): backend is generally available but can't be used to capture by index
[ WARN:0@1.190] global cap.cpp:478 open VIDEOIO(DSHOW): backend is generally available but can't be used to capture by index
[ WARN:0@1.191] global cap.cpp:478 open VIDEOIO(DSHOW): backend is generally available but can't be used to capture by index
[ WARN:0@1.192] global cap.cpp:478 open VIDEOIO(DSHOW): backend is generally available but can't be used to capture by index
[ WARN:0@1.192] global cap.cpp:478 open VIDEOIO(DSHOW): backend is generally available but can't be used to capture by index
[ WARN:0@1.193] global cap.cpp:478 open VIDEOIO(DSHOW): backend is generally available but can't be used to capture by index
[ WARN:0@1.194] global cap.cpp:478 open VIDEOIO(DSHOW): backend is generally available but can't be used to capture by index
[ WARN:0@1.194] global cap.cpp:478 open VIDEOIO(DSHOW): backend is generally available but can't be used to capture by index
Quick scan completed. Found 2 devices
Quick scanning for video devices...
Found device: 0 after 1 attempts
Found device: 1 after 1 attempts
[ WARN:0@1.915] global cap.cpp:478 open VIDEOIO(DSHOW): backend is generally available but can't be used to capture by index
[ WARN:0@1.916] global cap.cpp:478 open VIDEOIO(DSHOW): backend is generally available but can't be used to capture by index
[ WARN:0@1.916] global cap.cpp:478 open VIDEOIO(DSHOW): backend is generally available but can't be used to capture by index
[ WARN:0@1.917] global cap.cpp:478 open VIDEOIO(DSHOW): backend is generally available but can't be used to capture by index
[ WARN:0@1.917] global cap.cpp:478 open VIDEOIO(DSHOW): backend is generally available but can't be used to capture by index
[ WARN:0@1.918] global cap.cpp:478 open VIDEOIO(DSHOW): backend is generally available but can't be used to capture by index
[ WARN:0@1.918] global cap.cpp:478 open VIDEOIO(DSHOW): backend is generally available but can't be used to capture by index
[ WARN:0@1.919] global cap.cpp:478 open VIDEOIO(DSHOW): backend is generally available but can't be used to capture by index
Quick scan completed. Found 2 devices
Available devices: QList(0, 1)
Initializing MainWindow
StreamManager created (NetworkFacade wrapper)
StreamManager initialized
UDP Socket local port: 54144
UDPManager: Socket bound to port 54144
StreamManager: setServerAddress "95.81.125.224" 23230
StreamManager: connectToServer
TCPManager: connecting to "95.81.125.224" : 23230
MainWindow initialized successfully
TCPManager: connected to server
NetworkFacade: TCP connected to "95.81.125.224" : 23230
Waiting for handshake start from server...
StreamManager: network connected
Connection status changed: true
TCPManager: processing message type: "5"
NetworkFacade: Server handshake start, connectionId: 7
HandshakeService: Starting handshake for connection 7
NetworkFacade: Handshake started for connection 7
TCPManager: processing message type: "6"
NetworkFacade: Server handshake end, connectionId: 7
HandshakeService: Handshake stopped
HandshakeService: Handshake completed for connection 7
NetworkFacade: Handshake completed for connection 7
StreamManager: handshake completed, connectionId: 7
? UDPManager: No NetworkManager registered for stream 12345
Join clicked with ID: "TODSCE"
=== MainWindow::onJoinPublicStreamRequested() START ===
Stream ID: "TODSCE"
Joining stream, server ID: 48758235
StreamManager: joinStream "TODSCE"
TCPManager: sent CLIENT_STREAM_JOIN streamId= 48758235
NetworkFacade: Sending 10 NAT traversal packets for connection 7
=== MainWindow::onJoinPublicStreamRequested() END ===
? UDPManager: No NetworkManager registered for stream 12345
? UDPManager: No NetworkManager registered for stream 12345
? UDPManager: No NetworkManager registered for stream 12345
? UDPManager: No NetworkManager registered for stream 12345
? UDPManager: No NetworkManager registered for stream 12345
? UDPManager: No NetworkManager registered for stream 12345
? UDPManager: No NetworkManager registered for stream 12345
? UDPManager: No NetworkManager registered for stream 12345
? UDPManager: No NetworkManager registered for stream 12345
TCPManager: processing message type: "6"
NetworkFacade: Server handshake end, connectionId: 7
TCPManager: processing message type: "6"
NetworkFacade: Server handshake end, connectionId: 7
TCPManager: processing message type: "6"
NetworkFacade: Server handshake end, connectionId: 7
TCPManager: processing message type: "6"
NetworkFacade: Server handshake end, connectionId: 7
TCPManager: processing message type: "6"
NetworkFacade: Server handshake end, connectionId: 7
TCPManager: processing message type: "6"
NetworkFacade: Server handshake end, connectionId: 7
TCPManager: processing message type: "6"
NetworkFacade: Server handshake end, connectionId: 7
TCPManager: processing message type: "6"
NetworkFacade: Server handshake end, connectionId: 7
TCPManager: processing message type: "6"
NetworkFacade: Server handshake end, connectionId: 7
TCPManager: processing message type: "6"
NetworkFacade: Server handshake end, connectionId: 7
? UDPManager: No NetworkManager registered for stream 12345
TCPManager: processing message type: "92"
NetworkFacade: Server stream joined, id: 48758235
PacketGroupBuffer constructor - streamId: 48758235
  this: 0x1fa151754c0
NetworkManager created for stream: 48758235
FecBuffer: PacketGroupBuffer pointer set for stream 48758235
UDPManager: Registered NetworkManager for stream 48758235
NetworkManager: Initialized for stream 48758235
NetworkManager: Server address set to "95.81.125.224" : 23231
NetworkFacade: Created NetworkManager for stream 48758235
NetworkFacade: NetworkManager ready to receive stream 48758235
=== Client Network State ===
Connection ID: 7
Calls: QList(0)
Streams: QList(48758235)
=== Call Details ===
Call 0 -> Streams: QList()
=== Stream Details ===
Stream 48758235 -> Call: 0 , Role: "Viewer" , Status: "Inactive" - "Joined as viewer"
=== Summary ===
Owned Streams: 0 - QList()
Joined Streams: 1 - QList(48758235)
Active Streams: 0 - QList()
Joined Calls: 0 - QList()
=====================
StreamManager: server stream joined - ID: 48758235
=== StreamManager::onServerStreamJoined ===
Stream ID: 48758235
NetworkFacade: NetworkManager for stream 48758235 already exists
NetworkManager created for incoming stream: 48758235
=== MainWindow::onServerStreamJoined() START ===
Stream ID: 48758235
ViewerWidget not found for stream: 48758235
Creating ViewerWidget with Display ID: "TODSCE"
=== VideoGridWidget::addViewerWidget() START ===
Stream ID: 48758235 Display: "TODSCE" Call ID: 0
=== ViewerWidget::ViewerWidget() START ===
Stream ID: 48758235 Display ID: "TODSCE" Call ID: 0
=== ViewerWidget::setupUI() START ===
=== ViewerWidget::setupUI() END ===
setupUI() completed
ViewerWidget::setupConnections for "TODSCE"
setupConnections() completed
=== ViewerWidget::ViewerWidget() END ===
ViewerWidget created at: ViewerWidget(0x1fa344d13a0)
=== VideoGridWidget::addViewerWidget() END ===
Found ViewerWidget: ViewerWidget(0x1fa344d13a0)
NetworkManager ptr: NetworkManager(0x1fa349791f0)
FrameBuffer constructed with capacity: 150
[BufferedVideoDecoder] Created with buffer delay: 50 frames, capacity: 150
VideoDecoder::initialize() in thread QThread(0x1fa0da5acd0, name = "Qt mainThread")
? VideoDecoder optimized for low latency
VideoDecoder initialized
ViewerWidget connected to NetworkManager for stream: 48758235
FrameBuffer::clear() called at address: 0x1fa3447b6b0 capacity: 150
FrameBuffer::clear(): cleared 150 slots
=== ViewerWidget::initialize() START ===
Stream: "TODSCE" ID: 48758235
NetworkManager ptr: NetworkManager(0x1fa349791f0)
BufferedDecoder ptr: BufferedVideoDecoder(0x1fa3447b6a0)
ViewerWidget initialized with BufferedVideoDecoder for stream: "TODSCE"
ViewerWidget: successfully joined stream 48758235
ViewerWidget activated for stream: 48758235
=== MainWindow::onServerStreamJoined() END ===
FecBuffer: Invalid packet type
PGB: recieved packet: 0  frame:  70
    Assembled size: 201 expected: 201
[BufferedVideoDecoder] ADD frame 70 size: 201
[BufferedVideoDecoder] Buffer state: min= 70 max= 70 lastDecoded= -1
[BufferedVideoDecoder] Decoding frame 70 (target: 70 , delay: 50 frames, latest: 70 )
[h264 @ 000001fa14e51ac0] non-existing PPS 0 referenced
[h264 @ 000001fa14e51ac0] no frame!
VideoDecoder: avcodec_send_packet failed for frame 70 error: "Invalid data found when processing input"
[BufferedVideoDecoder] Decoder error for frame 70 : "VideoDecoder: avcodec_send_packet failed for frame 70: Invalid data found when processing input"
[BufferedVideoDecoder] Buffer state: min= 70 max= 70 lastDecoded= 70
BufferedVideoDecoder error for stream "TODSCE" : "VideoDecoder: avcodec_send_packet failed for frame 70: Invalid data found when processing input"
ViewerWidget Error for stream "TODSCE" : "Decoder error: VideoDecoder: avcodec_send_packet failed for frame 70: Invalid data found when processing input"
PGB: recieved packet: 1  frame:  71
PGB: recieved packet: 2  frame:  71
PGB: recieved packet: 3  frame:  71
    Assembled size: 2983 expected: 2983
[BufferedVideoDecoder] ADD frame 71 size: 2983
[BufferedVideoDecoder] Buffer state: min= 70 max= 71 lastDecoded= 70
[BufferedVideoDecoder] Decoding frame 71 (target: 70 , delay: 50 frames, latest: 71 )
[h264 @ 000001fa14e51ac0] non-existing PPS 0 referenced
[h264 @ 000001fa14e51ac0] no frame!
VideoDecoder: avcodec_send_packet failed for frame 71 error: "Invalid data found when processing input"
[BufferedVideoDecoder] Decoder error for frame 71 : "VideoDecoder: avcodec_send_packet failed for frame 71: Invalid data found when processing input"
[BufferedVideoDecoder] Buffer state: min= 70 max= 71 lastDecoded= 71
BufferedVideoDecoder error for stream "TODSCE" : "VideoDecoder: avcodec_send_packet failed for frame 71: Invalid data found when processing input"
ViewerWidget Error for stream "TODSCE" : "Decoder error: VideoDecoder: avcodec_send_packet failed for frame 71: Invalid data found when processing input"
PGB: recieved packet: 5  frame:  72
PGB: recieved packet: 6  frame:  72
PGB: recieved packet: 7  frame:  72
    Assembled size: 2935 expected: 2935
[BufferedVideoDecoder] ADD frame 72 size: 2935
[BufferedVideoDecoder] Buffer state: min= 70 max= 72 lastDecoded= 71
[BufferedVideoDecoder] Decoding frame 72 (target: 70 , delay: 50 frames, latest: 72 )
[h264 @ 000001fa14e51ac0] non-existing PPS 0 referenced
[h264 @ 000001fa14e51ac0] no frame!
VideoDecoder: avcodec_send_packet failed for frame 72 error: "Invalid data found when processing input"
[BufferedVideoDecoder] Decoder error for frame 72 : "VideoDecoder: avcodec_send_packet failed for frame 72: Invalid data found when processing input"
[BufferedVideoDecoder] Buffer state: min= 70 max= 72 lastDecoded= 72
BufferedVideoDecoder error for stream "TODSCE" : "VideoDecoder: avcodec_send_packet failed for frame 72: Invalid data found when processing input"
ViewerWidget Error for stream "TODSCE" : "Decoder error: VideoDecoder: avcodec_send_packet failed for frame 72: Invalid data found when processing input"
PGB: recieved packet: 8  frame:  73
    Assembled size: 907 expected: 907
[BufferedVideoDecoder] ADD frame 73 size: 907
[BufferedVideoDecoder] Buffer state: min= 70 max= 73 lastDecoded= 72
[BufferedVideoDecoder] Decoding frame 73 (target: 70 , delay: 50 frames, latest: 73 )
[h264 @ 000001fa14e51ac0] non-existing PPS 0 referenced
[h264 @ 000001fa14e51ac0] no frame!
VideoDecoder: avcodec_send_packet failed for frame 73 error: "Invalid data found when processing input"
[BufferedVideoDecoder] Decoder error for frame 73 : "VideoDecoder: avcodec_send_packet failed for frame 73: Invalid data found when processing input"
[BufferedVideoDecoder] Buffer state: min= 70 max= 73 lastDecoded= 73
BufferedVideoDecoder error for stream "TODSCE" : "VideoDecoder: avcodec_send_packet failed for frame 73: Invalid data found when processing input"
ViewerWidget Error for stream "TODSCE" : "Decoder error: VideoDecoder: avcodec_send_packet failed for frame 73: Invalid data found when processing input"
PGB: recieved packet: 10  frame:  74
    Assembled size: 319 expected: 319
[BufferedVideoDecoder] ADD frame 74 size: 319
[BufferedVideoDecoder] Buffer state: min= 70 max= 74 lastDecoded= 73
[BufferedVideoDecoder] Decoding frame 74 (target: 70 , delay: 50 frames, latest: 74 )
[h264 @ 000001fa14e51ac0] non-existing PPS 0 referenced
[h264 @ 000001fa14e51ac0] no frame!
VideoDecoder: avcodec_send_packet failed for frame 74 error: "Invalid data found when processing input"
[BufferedVideoDecoder] Decoder error for frame 74 : "VideoDecoder: avcodec_send_packet failed for frame 74: Invalid data found when processing input"
[BufferedVideoDecoder] Buffer state: min= 70 max= 74 lastDecoded= 74
BufferedVideoDecoder error for stream "TODSCE" : "VideoDecoder: avcodec_send_packet failed for frame 74: Invalid data found when processing input"
ViewerWidget Error for stream "TODSCE" : "Decoder error: VideoDecoder: avcodec_send_packet failed for frame 74: Invalid data found when processing input"
PGB: recieved packet: 11  frame:  75
PGB: recieved packet: 12  frame:  75
PGB: recieved packet: 13  frame:  75
PGB: recieved packet: 15  frame:  75
PGB: recieved packet: 16  frame:  75
PGB: recieved packet: 17  frame:  75
PGB: recieved packet: 18  frame:  75
PGB: recieved packet: 20  frame:  75
PGB: recieved packet: 21  frame:  75
PGB: recieved packet: 22  frame:  75
PGB: recieved packet: 23  frame:  75
PGB: recieved packet: 25  frame:  75
PGB: recieved packet: 26  frame:  75
PGB: recieved packet: 27  frame:  75
PGB: recieved packet: 28  frame:  75
PGB: recieved packet: 73  frame:  75
PGB: recieved packet: 75  frame:  75
PGB: recieved packet: 103  frame:  76
    Assembled size: 101 expected: 101
[BufferedVideoDecoder] ADD frame 76 size: 101
[BufferedVideoDecoder] Buffer state: min= 70 max= 76 lastDecoded= 74
[BufferedVideoDecoder] Decoding frame 76 (target: 70 , delay: 50 frames, latest: 76 )
[h264 @ 000001fa14e51ac0] non-existing PPS 0 referenced
[h264 @ 000001fa14e51ac0] no frame!
VideoDecoder: avcodec_send_packet failed for frame 76 error: "Invalid data found when processing input"
[BufferedVideoDecoder] Decoder error for frame 76 : "VideoDecoder: avcodec_send_packet failed for frame 76: Invalid data found when processing input"
[BufferedVideoDecoder] Buffer state: min= 70 max= 76 lastDecoded= 76
BufferedVideoDecoder error for stream "TODSCE" : "VideoDecoder: avcodec_send_packet failed for frame 76: Invalid data found when processing input"
ViewerWidget Error for stream "TODSCE" : "Decoder error: VideoDecoder: avcodec_send_packet failed for frame 76: Invalid data found when processing input"
PGB: recieved packet: 105  frame:  77
    Assembled size: 125 expected: 125
[BufferedVideoDecoder] ADD frame 77 size: 125
[BufferedVideoDecoder] Buffer state: min= 70 max= 77 lastDecoded= 76
[BufferedVideoDecoder] Decoding frame 77 (target: 70 , delay: 50 frames, latest: 77 )
[h264 @ 000001fa14e51ac0] non-existing PPS 0 referenced
[h264 @ 000001fa14e51ac0] no frame!
VideoDecoder: avcodec_send_packet failed for frame 77 error: "Invalid data found when processing input"
[BufferedVideoDecoder] Decoder error for frame 77 : "VideoDecoder: avcodec_send_packet failed for frame 77: Invalid data found when processing input"
[BufferedVideoDecoder] Buffer state: min= 70 max= 77 lastDecoded= 77
BufferedVideoDecoder error for stream "TODSCE" : "VideoDecoder: avcodec_send_packet failed for frame 77: Invalid data found when processing input"
ViewerWidget Error for stream "TODSCE" : "Decoder error: VideoDecoder: avcodec_send_packet failed for frame 77: Invalid data found when processing input"
PGB: recieved packet: 106  frame:  78
    Assembled size: 100 expected: 100
[BufferedVideoDecoder] ADD frame 78 size: 100
[BufferedVideoDecoder] Buffer state: min= 70 max= 78 lastDecoded= 77
[BufferedVideoDecoder] Decoding frame 78 (target: 70 , delay: 50 frames, latest: 78 )
[h264 @ 000001fa14e51ac0] non-existing PPS 0 referenced
[h264 @ 000001fa14e51ac0] no frame!
VideoDecoder: avcodec_send_packet failed for frame 78 error: "Invalid data found when processing input"
[BufferedVideoDecoder] Decoder error for frame 78 : "VideoDecoder: avcodec_send_packet failed for frame 78: Invalid data found when processing input"
[BufferedVideoDecoder] Buffer state: min= 70 max= 78 lastDecoded= 78
BufferedVideoDecoder error for stream "TODSCE" : "VideoDecoder: avcodec_send_packet failed for frame 78: Invalid data found when processing input"
ViewerWidget Error for stream "TODSCE" : "Decoder error: VideoDecoder: avcodec_send_packet failed for frame 78: Invalid data found when processing input"
PGB: recieved packet: 107  frame:  79
    Assembled size: 159 expected: 159
[BufferedVideoDecoder] ADD frame 79 size: 159
[BufferedVideoDecoder] Buffer state: min= 70 max= 79 lastDecoded= 78
[BufferedVideoDecoder] Decoding frame 79 (target: 70 , delay: 50 frames, latest: 79 )
[h264 @ 000001fa14e51ac0] non-existing PPS 0 referenced
[h264 @ 000001fa14e51ac0] no frame!
VideoDecoder: avcodec_send_packet failed for frame 79 error: "Invalid data found when processing input"
[BufferedVideoDecoder] Decoder error for frame 79 : "VideoDecoder: avcodec_send_packet failed for frame 79: Invalid data found when processing input"
[BufferedVideoDecoder] Buffer state: min= 70 max= 79 lastDecoded= 79
BufferedVideoDecoder error for stream "TODSCE" : "VideoDecoder: avcodec_send_packet failed for frame 79: Invalid data found when processing input"
ViewerWidget Error for stream "TODSCE" : "Decoder error: VideoDecoder: avcodec_send_packet failed for frame 79: Invalid data found when processing input"
PGB: recieved packet: 108  frame:  80
    Assembled size: 24 expected: 24
[BufferedVideoDecoder] ADD frame 80 size: 24
[BufferedVideoDecoder] Buffer state: min= 70 max= 80 lastDecoded= 79
[BufferedVideoDecoder] Decoding frame 80 (target: 70 , delay: 50 frames, latest: 80 )
[h264 @ 000001fa14e51ac0] non-existing PPS 0 referenced
[h264 @ 000001fa14e51ac0] no frame!
VideoDecoder: avcodec_send_packet failed for frame 80 error: "Invalid data found when processing input"
[BufferedVideoDecoder] Decoder error for frame 80 : "VideoDecoder: avcodec_send_packet failed for frame 80: Invalid data found when processing input"
[BufferedVideoDecoder] Buffer state: min= 70 max= 80 lastDecoded= 80
BufferedVideoDecoder error for stream "TODSCE" : "VideoDecoder: avcodec_send_packet failed for frame 80: Invalid data found when processing input"
ViewerWidget Error for stream "TODSCE" : "Decoder error: VideoDecoder: avcodec_send_packet failed for frame 80: Invalid data found when processing input"
PGB: recieved packet: 110  frame:  81
    Assembled size: 61 expected: 61
[BufferedVideoDecoder] ADD frame 81 size: 61
[BufferedVideoDecoder] Buffer state: min= 70 max= 81 lastDecoded= 80
[BufferedVideoDecoder] Decoding frame 81 (target: 70 , delay: 50 frames, latest: 81 )
[h264 @ 000001fa14e51ac0] non-existing PPS 0 referenced
[h264 @ 000001fa14e51ac0] no frame!
VideoDecoder: avcodec_send_packet failed for frame 81 error: "Invalid data found when processing input"
[BufferedVideoDecoder] Decoder error for frame 81 : "VideoDecoder: avcodec_send_packet failed for frame 81: Invalid data found when processing input"
[BufferedVideoDecoder] Buffer state: min= 70 max= 81 lastDecoded= 81
BufferedVideoDecoder error for stream "TODSCE" : "VideoDecoder: avcodec_send_packet failed for frame 81: Invalid data found when processing input"
ViewerWidget Error for stream "TODSCE" : "Decoder error: VideoDecoder: avcodec_send_packet failed for frame 81: Invalid data found when processing input"
PGB: recieved packet: 111  frame:  82
    Assembled size: 236 expected: 236
[BufferedVideoDecoder] ADD frame 82 size: 236
[BufferedVideoDecoder] Buffer state: min= 70 max= 82 lastDecoded= 81
[BufferedVideoDecoder] Decoding frame 82 (target: 70 , delay: 50 frames, latest: 82 )
[h264 @ 000001fa14e51ac0] non-existing PPS 0 referenced
[h264 @ 000001fa14e51ac0] no frame!
VideoDecoder: avcodec_send_packet failed for frame 82 error: "Invalid data found when processing input"
[BufferedVideoDecoder] Decoder error for frame 82 : "VideoDecoder: avcodec_send_packet failed for frame 82: Invalid data found when processing input"
[BufferedVideoDecoder] Buffer state: min= 70 max= 82 lastDecoded= 82
BufferedVideoDecoder error for stream "TODSCE" : "VideoDecoder: avcodec_send_packet failed for frame 82: Invalid data found when processing input"
ViewerWidget Error for stream "TODSCE" : "Decoder error: VideoDecoder: avcodec_send_packet failed for frame 82: Invalid data found when processing input"
PGB: recieved packet: 112  frame:  83
    Assembled size: 107 expected: 107
[BufferedVideoDecoder] ADD frame 83 size: 107
[BufferedVideoDecoder] Buffer state: min= 70 max= 83 lastDecoded= 82
[BufferedVideoDecoder] Decoding frame 83 (target: 70 , delay: 50 frames, latest: 83 )
[h264 @ 000001fa14e51ac0] non-existing PPS 0 referenced
[h264 @ 000001fa14e51ac0] no frame!
VideoDecoder: avcodec_send_packet failed for frame 83 error: "Invalid data found when processing input"
[BufferedVideoDecoder] Decoder error for frame 83 : "VideoDecoder: avcodec_send_packet failed for frame 83: Invalid data found when processing input"
[BufferedVideoDecoder] Buffer state: min= 70 max= 83 lastDecoded= 83
BufferedVideoDecoder error for stream "TODSCE" : "VideoDecoder: avcodec_send_packet failed for frame 83: Invalid data found when processing input"
ViewerWidget Error for stream "TODSCE" : "Decoder error: VideoDecoder: avcodec_send_packet failed for frame 83: Invalid data found when processing input"
PGB: recieved packet: 113  frame:  84
    Assembled size: 115 expected: 115
[BufferedVideoDecoder] ADD frame 84 size: 115
[BufferedVideoDecoder] Buffer state: min= 70 max= 84 lastDecoded= 83
[BufferedVideoDecoder] Decoding frame 84 (target: 70 , delay: 50 frames, latest: 84 )
[h264 @ 000001fa14e51ac0] non-existing PPS 0 referenced
[h264 @ 000001fa14e51ac0] no frame!
VideoDecoder: avcodec_send_packet failed for frame 84 error: "Invalid data found when processing input"
[BufferedVideoDecoder] Decoder error for frame 84 : "VideoDecoder: avcodec_send_packet failed for frame 84: Invalid data found when processing input"
[BufferedVideoDecoder] Buffer state: min= 70 max= 84 lastDecoded= 84
BufferedVideoDecoder error for stream "TODSCE" : "VideoDecoder: avcodec_send_packet failed for frame 84: Invalid data found when processing input"
ViewerWidget Error for stream "TODSCE" : "Decoder error: VideoDecoder: avcodec_send_packet failed for frame 84: Invalid data found when processing input"
PGB: recieved packet: 115  frame:  85
    Assembled size: 59 expected: 59
[BufferedVideoDecoder] ADD frame 85 size: 59
[BufferedVideoDecoder] Buffer state: min= 70 max= 85 lastDecoded= 84
[BufferedVideoDecoder] Decoding frame 85 (target: 70 , delay: 50 frames, latest: 85 )
[h264 @ 000001fa14e51ac0] non-existing PPS 0 referenced
[h264 @ 000001fa14e51ac0] no frame!
VideoDecoder: avcodec_send_packet failed for frame 85 error: "Invalid data found when processing input"
[BufferedVideoDecoder] Decoder error for frame 85 : "VideoDecoder: avcodec_send_packet failed for frame 85: Invalid data found when processing input"
[BufferedVideoDecoder] Buffer state: min= 70 max= 85 lastDecoded= 85
BufferedVideoDecoder error for stream "TODSCE" : "VideoDecoder: avcodec_send_packet failed for frame 85: Invalid data found when processing input"
ViewerWidget Error for stream "TODSCE" : "Decoder error: VideoDecoder: avcodec_send_packet failed for frame 85: Invalid data found when processing input"
PGB: recieved packet: 116  frame:  86
PGB: recieved packet: 117  frame:  86
PGB: recieved packet: 118  frame:  86
PGB: recieved packet: 120  frame:  86
PGB: recieved packet: 121  frame:  86
PGB: recieved packet: 122  frame:  86
PGB: recieved packet: 123  frame:  86
    Assembled size: 7449 expected: 7449
[BufferedVideoDecoder] ADD frame 86 size: 7449
[BufferedVideoDecoder] Buffer state: min= 70 max= 86 lastDecoded= 85
[BufferedVideoDecoder] Decoding frame 86 (target: 70 , delay: 50 frames, latest: 86 )
[h264 @ 000001fa14e51ac0] non-existing PPS 0 referenced
[h264 @ 000001fa14e51ac0] no frame!
VideoDecoder: avcodec_send_packet failed for frame 86 error: "Invalid data found when processing input"
[BufferedVideoDecoder] Decoder error for frame 86 : "VideoDecoder: avcodec_send_packet failed for frame 86: Invalid data found when processing input"
[BufferedVideoDecoder] Buffer state: min= 70 max= 86 lastDecoded= 86
BufferedVideoDecoder error for stream "TODSCE" : "VideoDecoder: avcodec_send_packet failed for frame 86: Invalid data found when processing input"
ViewerWidget Error for stream "TODSCE" : "Decoder error: VideoDecoder: avcodec_send_packet failed for frame 86: Invalid data found when processing input"
PGB: recieved packet: 125  frame:  87
PGB: recieved packet: 126  frame:  87
PGB: recieved packet: 127  frame:  87
PGB: recieved packet: 128  frame:  87
PGB: recieved packet: 130  frame:  87
PGB: recieved packet: 131  frame:  87
PGB: recieved packet: 132  frame:  87
    Assembled size: 7200 expected: 7200
[BufferedVideoDecoder] ADD frame 87 size: 7200
[BufferedVideoDecoder] Buffer state: min= 70 max= 87 lastDecoded= 86
[BufferedVideoDecoder] Decoding frame 87 (target: 70 , delay: 50 frames, latest: 87 )
[h264 @ 000001fa14e51ac0] non-existing PPS 0 referenced
[h264 @ 000001fa14e51ac0] no frame!
VideoDecoder: avcodec_send_packet failed for frame 87 error: "Invalid data found when processing input"
[BufferedVideoDecoder] Decoder error for frame 87 : "VideoDecoder: avcodec_send_packet failed for frame 87: Invalid data found when processing input"
[BufferedVideoDecoder] Buffer state: min= 70 max= 87 lastDecoded= 87
BufferedVideoDecoder error for stream "TODSCE" : "VideoDecoder: avcodec_send_packet failed for frame 87: Invalid data found when processing input"
ViewerWidget Error for stream "TODSCE" : "Decoder error: VideoDecoder: avcodec_send_packet failed for frame 87: Invalid data found when processing input"
PGB: recieved packet: 133  frame:  88
PGB: recieved packet: 135  frame:  88
PGB: recieved packet: 136  frame:  88
PGB: recieved packet: 137  frame:  88
PGB: recieved packet: 138  frame:  88
PGB: recieved packet: 140  frame:  88
    Assembled size: 5969 expected: 5969
[BufferedVideoDecoder] ADD frame 88 size: 5969
[BufferedVideoDecoder] Buffer state: min= 70 max= 88 lastDecoded= 87
[BufferedVideoDecoder] Decoding frame 88 (target: 70 , delay: 50 frames, latest: 88 )
[h264 @ 000001fa14e51ac0] non-existing PPS 0 referenced
[h264 @ 000001fa14e51ac0] no frame!
VideoDecoder: avcodec_send_packet failed for frame 88 error: "Invalid data found when processing input"
[BufferedVideoDecoder] Decoder error for frame 88 : "VideoDecoder: avcodec_send_packet failed for frame 88: Invalid data found when processing input"
[BufferedVideoDecoder] Buffer state: min= 70 max= 88 lastDecoded= 88
BufferedVideoDecoder error for stream "TODSCE" : "VideoDecoder: avcodec_send_packet failed for frame 88: Invalid data found when processing input"
ViewerWidget Error for stream "TODSCE" : "Decoder error: VideoDecoder: avcodec_send_packet failed for frame 88: Invalid data found when processing input"
PGB: recieved packet: 141  frame:  89
PGB: recieved packet: 142  frame:  89
PGB: recieved packet: 143  frame:  89
PGB: recieved packet: 145  frame:  89
PGB: recieved packet: 146  frame:  89
PGB: recieved packet: 147  frame:  89
    Assembled size: 6117 expected: 6117
[BufferedVideoDecoder] ADD frame 89 size: 6117
[BufferedVideoDecoder] Buffer state: min= 70 max= 89 lastDecoded= 88
[BufferedVideoDecoder] Decoding frame 89 (target: 70 , delay: 50 frames, latest: 89 )
[h264 @ 000001fa14e51ac0] non-existing PPS 0 referenced
[h264 @ 000001fa14e51ac0] no frame!
VideoDecoder: avcodec_send_packet failed for frame 89 error: "Invalid data found when processing input"
[BufferedVideoDecoder] Decoder error for frame 89 : "VideoDecoder: avcodec_send_packet failed for frame 89: Invalid data found when processing input"
[BufferedVideoDecoder] Buffer state: min= 70 max= 89 lastDecoded= 89
BufferedVideoDecoder error for stream "TODSCE" : "VideoDecoder: avcodec_send_packet failed for frame 89: Invalid data found when processing input"
ViewerWidget Error for stream "TODSCE" : "Decoder error: VideoDecoder: avcodec_send_packet failed for frame 89: Invalid data found when processing input"
PGB: recieved packet: 148  frame:  90
PGB: recieved packet: 150  frame:  90
PGB: recieved packet: 151  frame:  90
PGB: recieved packet: 152  frame:  90
PGB: recieved packet: 153  frame:  90
PGB: recieved packet: 155  frame:  90
PGB: recieved packet: 156  frame:  90
PGB: recieved packet: 157  frame:  90
PGB: recieved packet: 158  frame:  90
PGB: recieved packet: 160  frame:  90
PGB: recieved packet: 161  frame:  90
PGB: recieved packet: 162  frame:  90
PGB: recieved packet: 163  frame:  90
PGB: recieved packet: 165  frame:  90
PGB: recieved packet: 166  frame:  90
PGB: recieved packet: 167  frame:  90
PGB: recieved packet: 168  frame:  90
PGB: recieved packet: 170  frame:  90
PGB: recieved packet: 171  frame:  90
PGB: recieved packet: 172  frame:  90
PGB: recieved packet: 173  frame:  90
PGB: recieved packet: 175  frame:  90
PGB: recieved packet: 176  frame:  90
PGB: recieved packet: 177  frame:  90
PGB: recieved packet: 178  frame:  90
PGB: recieved packet: 180  frame:  90
PGB: recieved packet: 181  frame:  90
PGB: recieved packet: 182  frame:  90
PGB: recieved packet: 183  frame:  90
PGB: recieved packet: 185  frame:  90
PGB: recieved packet: 186  frame:  90
PGB: recieved packet: 187  frame:  90
PGB: recieved packet: 188  frame:  90
PGB: recieved packet: 190  frame:  90
PGB: recieved packet: 191  frame:  90
PGB: recieved packet: 192  frame:  90
PGB: recieved packet: 193  frame:  90
PGB: recieved packet: 195  frame:  90
PGB: recieved packet: 196  frame:  90
PGB: recieved packet: 197  frame:  90
PGB: recieved packet: 198  frame:  90
PGB: recieved packet: 200  frame:  90
PGB: recieved packet: 201  frame:  90
PGB: recieved packet: 202  frame:  90
PGB: recieved packet: 203  frame:  90
PGB: recieved packet: 205  frame:  90
PGB: recieved packet: 206  frame:  90
PGB: recieved packet: 207  frame:  90
PGB: recieved packet: 208  frame:  90
PGB: recieved packet: 210  frame:  90
PGB: recieved packet: 211  frame:  90
PGB: recieved packet: 212  frame:  90
PGB: recieved packet: 213  frame:  90
PGB: recieved packet: 215  frame:  90
PGB: recieved packet: 216  frame:  90
PGB: recieved packet: 217  frame:  90
PGB: recieved packet: 218  frame:  90
PGB: recieved packet: 220  frame:  90
PGB: recieved packet: 221  frame:  90
PGB: recieved packet: 222  frame:  90
PGB: recieved packet: 223  frame:  90
PGB: recieved packet: 225  frame:  90
PGB: recieved packet: 226  frame:  90
PGB: recieved packet: 227  frame:  90
PGB: recieved packet: 228  frame:  90
PGB: recieved packet: 230  frame:  90
PGB: recieved packet: 231  frame:  90
PGB: recieved packet: 232  frame:  90
PGB: recieved packet: 233  frame:  90
PGB: recieved packet: 235  frame:  90
PGB: recieved packet: 236  frame:  90
PGB: recieved packet: 237  frame:  90
PGB: recieved packet: 238  frame:  90
PGB: recieved packet: 240  frame:  90
    Assembled size: 86615 expected: 86615
[BufferedVideoDecoder] ADD frame 90 size: 86615
[BufferedVideoDecoder] Buffer state: min= 70 max= 90 lastDecoded= 89
[BufferedVideoDecoder] Decoding frame 90 (target: 70 , delay: 50 frames, latest: 90 )
VideoDecoder: created new SwsContext for 854 x 480 -> 854 x 480
[BufferedVideoDecoder] Buffer state: min= 70 max= 90 lastDecoded= 90
ViewerWidget: Added frame 90 size: 86615 bytes to decoder for stream: "TODSCE"
PGB: recieved packet: 241  frame:  91
PGB: recieved packet: 242  frame:  91
PGB: recieved packet: 243  frame:  91
PGB: recieved packet: 245  frame:  91
PGB: recieved packet: 246  frame:  91
    Assembled size: 5788 expected: 5788
[BufferedVideoDecoder] ADD frame 91 size: 5788
[BufferedVideoDecoder] Buffer state: min= 70 max= 91 lastDecoded= 90
[BufferedVideoDecoder] Decoding frame 91 (target: 70 , delay: 50 frames, latest: 91 )
[BufferedVideoDecoder] Buffer state: min= 70 max= 91 lastDecoded= 91
PGB: recieved packet: 247  frame:  92
PGB: recieved packet: 248  frame:  92
PGB: recieved packet: 250  frame:  92
PGB: recieved packet: 251  frame:  92
PGB: recieved packet: 252  frame:  92
PGB: recieved packet: 253  frame:  92
PGB: recieved packet: 255  frame:  92
PGB: recieved packet: 256  frame:  92
    Assembled size: 9292 expected: 9292
[BufferedVideoDecoder] ADD frame 92 size: 9292
[BufferedVideoDecoder] Buffer state: min= 70 max= 92 lastDecoded= 91
[BufferedVideoDecoder] Decoding frame 92 (target: 70 , delay: 50 frames, latest: 92 )
[BufferedVideoDecoder] Buffer state: min= 70 max= 92 lastDecoded= 92
PGB: recieved packet: 257  frame:  93
PGB: recieved packet: 258  frame:  93
PGB: recieved packet: 260  frame:  93
    Assembled size: 2680 expected: 2680
[BufferedVideoDecoder] ADD frame 93 size: 2680
[BufferedVideoDecoder] Buffer state: min= 70 max= 93 lastDecoded= 92
[BufferedVideoDecoder] Decoding frame 93 (target: 70 , delay: 50 frames, latest: 93 )
[BufferedVideoDecoder] Buffer state: min= 70 max= 93 lastDecoded= 93
PGB: recieved packet: 261  frame:  94
PGB: recieved packet: 262  frame:  94
PGB: recieved packet: 263  frame:  94
PGB: recieved packet: 265  frame:  94
PGB: recieved packet: 266  frame:  94
PGB: recieved packet: 267  frame:  94
PGB: recieved packet: 268  frame:  94
PGB: recieved packet: 270  frame:  94
PGB: recieved packet: 271  frame:  94
PGB: recieved packet: 272  frame:  94
    Assembled size: 10930 expected: 10930
[BufferedVideoDecoder] ADD frame 94 size: 10930
[BufferedVideoDecoder] Buffer state: min= 70 max= 94 lastDecoded= 93
[BufferedVideoDecoder] Decoding frame 94 (target: 70 , delay: 50 frames, latest: 94 )
[BufferedVideoDecoder] Buffer state: min= 70 max= 94 lastDecoded= 94
PGB: recieved packet: 273  frame:  95
PGB: recieved packet: 275  frame:  95
PGB: recieved packet: 276  frame:  95
PGB: recieved packet: 277  frame:  95
PGB: recieved packet: 278  frame:  95
PGB: recieved packet: 280  frame:  95
PGB: recieved packet: 281  frame:  95
    Assembled size: 7685 expected: 7685
[BufferedVideoDecoder] ADD frame 95 size: 7685
[BufferedVideoDecoder] Buffer state: min= 70 max= 95 lastDecoded= 94
[BufferedVideoDecoder] Decoding frame 95 (target: 70 , delay: 50 frames, latest: 95 )
[BufferedVideoDecoder] Buffer state: min= 70 max= 95 lastDecoded= 95
PGB: recieved packet: 282  frame:  96
PGB: recieved packet: 283  frame:  96
PGB: recieved packet: 285  frame:  96
PGB: recieved packet: 286  frame:  96
    Assembled size: 3968 expected: 3968
[BufferedVideoDecoder] ADD frame 96 size: 3968
[BufferedVideoDecoder] Buffer state: min= 70 max= 96 lastDecoded= 95
[BufferedVideoDecoder] Decoding frame 96 (target: 70 , delay: 50 frames, latest: 96 )
[BufferedVideoDecoder] Buffer state: min= 70 max= 96 lastDecoded= 96
PGB: recieved packet: 287  frame:  97
PGB: recieved packet: 288  frame:  97
PGB: recieved packet: 290  frame:  97
PGB: recieved packet: 291  frame:  97
    Assembled size: 4121 expected: 4121
[BufferedVideoDecoder] ADD frame 97 size: 4121
[BufferedVideoDecoder] Buffer state: min= 70 max= 97 lastDecoded= 96
[BufferedVideoDecoder] Decoding frame 97 (target: 70 , delay: 50 frames, latest: 97 )
[BufferedVideoDecoder] Buffer state: min= 70 max= 97 lastDecoded= 97
PGB: recieved packet: 292  frame:  98
PGB: recieved packet: 293  frame:  98
    Assembled size: 1397 expected: 1397
[BufferedVideoDecoder] ADD frame 98 size: 1397
[BufferedVideoDecoder] Buffer state: min= 70 max= 98 lastDecoded= 97
[BufferedVideoDecoder] Decoding frame 98 (target: 70 , delay: 50 frames, latest: 98 )
[BufferedVideoDecoder] Buffer state: min= 70 max= 98 lastDecoded= 98
PGB: recieved packet: 295  frame:  99
PGB: recieved packet: 296  frame:  99
PGB: recieved packet: 297  frame:  99
PGB: recieved packet: 298  frame:  99
PGB: recieved packet: 300  frame:  99
PGB: recieved packet: 301  frame:  99
PGB: recieved packet: 302  frame:  99
PGB: recieved packet: 303  frame:  99
PGB: recieved packet: 305  frame:  99
PGB: recieved packet: 306  frame:  99
    Assembled size: 10826 expected: 10826
[BufferedVideoDecoder] ADD frame 99 size: 10826
[BufferedVideoDecoder] Buffer state: min= 70 max= 99 lastDecoded= 98
[BufferedVideoDecoder] Decoding frame 99 (target: 70 , delay: 50 frames, latest: 99 )
[BufferedVideoDecoder] Buffer state: min= 70 max= 99 lastDecoded= 99
PGB: recieved packet: 307  frame:  100
PGB: recieved packet: 308  frame:  100
PGB: recieved packet: 310  frame:  100
PGB: recieved packet: 311  frame:  100
PGB: recieved packet: 312  frame:  100
PGB: recieved packet: 313  frame:  100
PGB: recieved packet: 315  frame:  100
PGB: recieved packet: 316  frame:  100
PGB: recieved packet: 317  frame:  100
PGB: recieved packet: 318  frame:  100
    Assembled size: 10810 expected: 10810
[BufferedVideoDecoder] ADD frame 100 size: 10810
[BufferedVideoDecoder] Buffer state: min= 70 max= 100 lastDecoded= 99
[BufferedVideoDecoder] Decoding frame 100 (target: 70 , delay: 50 frames, latest: 100 )
[BufferedVideoDecoder] Buffer state: min= 70 max= 100 lastDecoded= 100
PGB: recieved packet: 320  frame:  101
PGB: recieved packet: 321  frame:  101
PGB: recieved packet: 322  frame:  101
PGB: recieved packet: 323  frame:  101
PGB: recieved packet: 325  frame:  101
PGB: recieved packet: 326  frame:  101
PGB: recieved packet: 327  frame:  101
PGB: recieved packet: 328  frame:  101
PGB: recieved packet: 330  frame:  101
PGB: recieved packet: 331  frame:  101
PGB: recieved packet: 332  frame:  101
    Assembled size: 12627 expected: 12627
[BufferedVideoDecoder] ADD frame 101 size: 12627
[BufferedVideoDecoder] Buffer state: min= 70 max= 101 lastDecoded= 100
[BufferedVideoDecoder] Decoding frame 101 (target: 70 , delay: 50 frames, latest: 101 )
[BufferedVideoDecoder] Buffer state: min= 70 max= 101 lastDecoded= 101
PGB: recieved packet: 333  frame:  102
PGB: recieved packet: 335  frame:  102
PGB: recieved packet: 336  frame:  102
PGB: recieved packet: 337  frame:  102
PGB: recieved packet: 338  frame:  102
PGB: recieved packet: 340  frame:  102
PGB: recieved packet: 341  frame:  102
PGB: recieved packet: 342  frame:  102
PGB: recieved packet: 343  frame:  102
PGB: recieved packet: 345  frame:  102
PGB: recieved packet: 346  frame:  102
    Assembled size: 12359 expected: 12359
[BufferedVideoDecoder] ADD frame 102 size: 12359
[BufferedVideoDecoder] Buffer state: min= 70 max= 102 lastDecoded= 101
[BufferedVideoDecoder] Decoding frame 102 (target: 70 , delay: 50 frames, latest: 102 )
[BufferedVideoDecoder] Buffer state: min= 70 max= 102 lastDecoded= 102
PGB: recieved packet: 347  frame:  103
PGB: recieved packet: 348  frame:  103
PGB: recieved packet: 350  frame:  103
PGB: recieved packet: 351  frame:  103
PGB: recieved packet: 352  frame:  103
PGB: recieved packet: 353  frame:  103
PGB: recieved packet: 355  frame:  103
PGB: recieved packet: 356  frame:  103
PGB: recieved packet: 357  frame:  103
PGB: recieved packet: 358  frame:  103
PGB: recieved packet: 360  frame:  103
PGB: recieved packet: 361  frame:  103
    Assembled size: 13374 expected: 13374
[BufferedVideoDecoder] ADD frame 103 size: 13374
[BufferedVideoDecoder] Buffer state: min= 70 max= 103 lastDecoded= 102
[BufferedVideoDecoder] Decoding frame 103 (target: 70 , delay: 50 frames, latest: 103 )
[BufferedVideoDecoder] Buffer state: min= 70 max= 103 lastDecoded= 103
PGB: recieved packet: 362  frame:  104
PGB: recieved packet: 363  frame:  104
PGB: recieved packet: 365  frame:  104
PGB: recieved packet: 366  frame:  104
PGB: recieved packet: 367  frame:  104
PGB: recieved packet: 368  frame:  104
PGB: recieved packet: 370  frame:  104
PGB: recieved packet: 371  frame:  104
PGB: recieved packet: 372  frame:  104
PGB: recieved packet: 373  frame:  104
PGB: recieved packet: 375  frame:  104
PGB: recieved packet: 376  frame:  104
PGB: recieved packet: 377  frame:  104
    Assembled size: 14728 expected: 14728
[BufferedVideoDecoder] ADD frame 104 size: 14728
[BufferedVideoDecoder] Buffer state: min= 70 max= 104 lastDecoded= 103
[BufferedVideoDecoder] Decoding frame 104 (target: 70 , delay: 50 frames, latest: 104 )
[BufferedVideoDecoder] Buffer state: min= 70 max= 104 lastDecoded= 104
PGB: recieved packet: 378  frame:  105
PGB: recieved packet: 380  frame:  105
PGB: recieved packet: 381  frame:  105
PGB: recieved packet: 382  frame:  105
PGB: recieved packet: 383  frame:  105
PGB: recieved packet: 385  frame:  105
PGB: recieved packet: 386  frame:  105
PGB: recieved packet: 387  frame:  105
PGB: recieved packet: 388  frame:  105
PGB: recieved packet: 390  frame:  105
PGB: recieved packet: 391  frame:  105
PGB: recieved packet: 392  frame:  105
PGB: recieved packet: 393  frame:  105
PGB: recieved packet: 395  frame:  105
PGB: recieved packet: 396  frame:  105
PGB: recieved packet: 397  frame:  105
PGB: recieved packet: 398  frame:  105
PGB: recieved packet: 400  frame:  105
PGB: recieved packet: 401  frame:  105
PGB: recieved packet: 402  frame:  105
PGB: recieved packet: 403  frame:  105
PGB: recieved packet: 405  frame:  105
PGB: recieved packet: 406  frame:  105
PGB: recieved packet: 407  frame:  105
PGB: recieved packet: 408  frame:  105
PGB: recieved packet: 410  frame:  105
PGB: recieved packet: 411  frame:  105
PGB: recieved packet: 412  frame:  105
PGB: recieved packet: 413  frame:  105
PGB: recieved packet: 415  frame:  105
PGB: recieved packet: 416  frame:  105
PGB: recieved packet: 417  frame:  105
PGB: recieved packet: 418  frame:  105
PGB: recieved packet: 420  frame:  105
PGB: recieved packet: 421  frame:  105
PGB: recieved packet: 422  frame:  105
PGB: recieved packet: 423  frame:  105
PGB: recieved packet: 425  frame:  105
PGB: recieved packet: 426  frame:  105
PGB: recieved packet: 427  frame:  105
PGB: recieved packet: 428  frame:  105
PGB: recieved packet: 430  frame:  105
PGB: recieved packet: 431  frame:  105
PGB: recieved packet: 432  frame:  105
PGB: recieved packet: 433  frame:  105
PGB: recieved packet: 435  frame:  105
PGB: recieved packet: 436  frame:  105
PGB: recieved packet: 437  frame:  105
PGB: recieved packet: 438  frame:  105
PGB: recieved packet: 440  frame:  105
PGB: recieved packet: 441  frame:  105
PGB: recieved packet: 442  frame:  105
PGB: recieved packet: 443  frame:  105
PGB: recieved packet: 445  frame:  105
PGB: recieved packet: 446  frame:  105
PGB: recieved packet: 460  frame:  105
PGB: recieved packet: 461  frame:  105
PGB: recieved packet: 462  frame:  105
PGB: recieved packet: 463  frame:  106
PGB: recieved packet: 465  frame:  106
PGB: recieved packet: 466  frame:  106
PGB: recieved packet: 467  frame:  106
PGB: recieved packet: 468  frame:  106
PGB: recieved packet: 470  frame:  106
PGB: recieved packet: 471  frame:  106
    Assembled size: 8001 expected: 8001
[BufferedVideoDecoder] ADD frame 106 size: 8001
[BufferedVideoDecoder] Buffer state: min= 70 max= 106 lastDecoded= 104
[BufferedVideoDecoder] Decoding frame 106 (target: 70 , delay: 50 frames, latest: 106 )
PGB: recieved packet: 472  frame:  107
PGB: recieved packet: 473  frame:  107
PGB: recieved packet: 475  frame:  107
PGB: recieved packet: 476  frame:  107
PGB: recieved packet: 477  frame:  107
PGB: recieved packet: 478  frame:  107
PGB: recieved packet: 480  frame:  107
PGB: recieved packet: 481  frame:  107
    Assembled size: 8305 expected: 8305
[BufferedVideoDecoder] ADD frame 107 size: 8305
PGB: recieved packet: 482  frame:  108
PGB: recieved packet: 483  frame:  108
PGB: recieved packet: 485  frame:  108
PGB: recieved packet: 486  frame:  108
PGB: recieved packet: 487  frame:  108
PGB: recieved packet: 488  frame:  108
PGB: recieved packet: 490  frame:  108
PGB: recieved packet: 491  frame:  108
PGB: recieved packet: 492  frame:  108
PGB: recieved packet: 493  frame:  108
PGB: recieved packet: 495  frame:  108
PGB: recieved packet: 496  frame:  108
    Assembled size: 13377 expected: 13377
[BufferedVideoDecoder] ADD frame 108 size: 13377
PGB: recieved packet: 497  frame:  109
PGB: recieved packet: 498  frame:  109
PGB: recieved packet: 500  frame:  109
PGB: recieved packet: 501  frame:  109
PGB: recieved packet: 502  frame:  109
PGB: recieved packet: 503  frame:  109
PGB: recieved packet: 505  frame:  109
PGB: recieved packet: 506  frame:  109
    Assembled size: 9273 expected: 9273
[BufferedVideoDecoder] ADD frame 109 size: 9273
PGB: recieved packet: 507  frame:  110
PGB: recieved packet: 508  frame:  110
PGB: recieved packet: 510  frame:  110
PGB: recieved packet: 511  frame:  110
PGB: recieved packet: 512  frame:  110
PGB: recieved packet: 513  frame:  110
PGB: recieved packet: 515  frame:  110
PGB: recieved packet: 516  frame:  110
PGB: recieved packet: 517  frame:  110
    Assembled size: 10335 expected: 10335
[BufferedVideoDecoder] ADD frame 110 size: 10335
PGB: recieved packet: 518  frame:  111
PGB: recieved packet: 520  frame:  111
PGB: recieved packet: 521  frame:  111
PGB: recieved packet: 522  frame:  111
PGB: recieved packet: 523  frame:  111
PGB: recieved packet: 525  frame:  111
PGB: recieved packet: 526  frame:  111
PGB: recieved packet: 527  frame:  111
PGB: recieved packet: 528  frame:  111
PGB: recieved packet: 530  frame:  111
PGB: recieved packet: 531  frame:  111
    Assembled size: 11911 expected: 11911
[BufferedVideoDecoder] ADD frame 111 size: 11911
PGB: recieved packet: 532  frame:  112
PGB: recieved packet: 533  frame:  112
PGB: recieved packet: 535  frame:  112
PGB: recieved packet: 536  frame:  112
PGB: recieved packet: 537  frame:  112
PGB: recieved packet: 538  frame:  112
PGB: recieved packet: 540  frame:  112
PGB: recieved packet: 541  frame:  112
PGB: recieved packet: 542  frame:  112
    Assembled size: 9473 expected: 9473
[BufferedVideoDecoder] ADD frame 112 size: 9473
PGB: recieved packet: 543  frame:  113
PGB: recieved packet: 545  frame:  113
PGB: recieved packet: 546  frame:  113
PGB: recieved packet: 547  frame:  113
PGB: recieved packet: 548  frame:  113
PGB: recieved packet: 550  frame:  113
PGB: recieved packet: 551  frame:  113
PGB: recieved packet: 552  frame:  113
PGB: recieved packet: 553  frame:  113
    Assembled size: 10170 expected: 10170
[BufferedVideoDecoder] ADD frame 113 size: 10170
PGB: recieved packet: 555  frame:  114
PGB: recieved packet: 556  frame:  114
PGB: recieved packet: 557  frame:  114
PGB: recieved packet: 558  frame:  114
PGB: recieved packet: 560  frame:  114
PGB: recieved packet: 561  frame:  114
PGB: recieved packet: 562  frame:  114
PGB: recieved packet: 563  frame:  114
PGB: recieved packet: 565  frame:  114
PGB: recieved packet: 566  frame:  114
    Assembled size: 11469 expected: 11469
[BufferedVideoDecoder] ADD frame 114 size: 11469
PGB: recieved packet: 567  frame:  115
PGB: recieved packet: 568  frame:  115
PGB: recieved packet: 570  frame:  115
PGB: recieved packet: 571  frame:  115
PGB: recieved packet: 572  frame:  115
PGB: recieved packet: 573  frame:  115
PGB: recieved packet: 575  frame:  115
PGB: recieved packet: 576  frame:  115
PGB: recieved packet: 577  frame:  115
PGB: recieved packet: 578  frame:  115
    Assembled size: 11629 expected: 11629
[BufferedVideoDecoder] ADD frame 115 size: 11629
PGB: recieved packet: 580  frame:  116
PGB: recieved packet: 581  frame:  116
PGB: recieved packet: 582  frame:  116
    Assembled size: 3078 expected: 3078
[BufferedVideoDecoder] ADD frame 116 size: 3078
PGB: recieved packet: 583  frame:  117
PGB: recieved packet: 585  frame:  117
PGB: recieved packet: 586  frame:  117
PGB: recieved packet: 587  frame:  117
PGB: recieved packet: 588  frame:  117
    Assembled size: 4800 expected: 4800
[BufferedVideoDecoder] ADD frame 117 size: 4800
PGB: recieved packet: 590  frame:  118
PGB: recieved packet: 591  frame:  118
    Assembled size: 1263 expected: 1263
[BufferedVideoDecoder] ADD frame 118 size: 1263
PGB: recieved packet: 592  frame:  119
PGB: recieved packet: 593  frame:  119
PGB: recieved packet: 595  frame:  119
    Assembled size: 2411 expected: 2411
[BufferedVideoDecoder] ADD frame 119 size: 2411
PGB: recieved packet: 596  frame:  120
PGB: recieved packet: 597  frame:  120
PGB: recieved packet: 598  frame:  120
PGB: recieved packet: 600  frame:  120
PGB: recieved packet: 601  frame:  120
PGB: recieved packet: 602  frame:  120
PGB: recieved packet: 603  frame:  120
PGB: recieved packet: 605  frame:  120
PGB: recieved packet: 606  frame:  120
PGB: recieved packet: 607  frame:  120
PGB: recieved packet: 608  frame:  120
PGB: recieved packet: 610  frame:  120
PGB: recieved packet: 611  frame:  120
PGB: recieved packet: 612  frame:  120
PGB: recieved packet: 613  frame:  120
PGB: recieved packet: 615  frame:  120
PGB: recieved packet: 616  frame:  120
PGB: recieved packet: 617  frame:  120
PGB: recieved packet: 618  frame:  120
PGB: recieved packet: 620  frame:  120
PGB: recieved packet: 621  frame:  120
PGB: recieved packet: 622  frame:  120
PGB: recieved packet: 623  frame:  120
PGB: recieved packet: 625  frame:  120
PGB: recieved packet: 626  frame:  120
PGB: recieved packet: 627  frame:  120
PGB: recieved packet: 628  frame:  120
PGB: recieved packet: 630  frame:  120
PGB: recieved packet: 631  frame:  120
PGB: recieved packet: 632  frame:  120
PGB: recieved packet: 633  frame:  120
PGB: recieved packet: 635  frame:  120
PGB: recieved packet: 636  frame:  120
PGB: recieved packet: 637  frame:  120
PGB: recieved packet: 638  frame:  120
PGB: recieved packet: 640  frame:  120
PGB: recieved packet: 641  frame:  120
PGB: recieved packet: 642  frame:  120
PGB: recieved packet: 643  frame:  120
PGB: recieved packet: 645  frame:  120
PGB: recieved packet: 646  frame:  120
PGB: recieved packet: 647  frame:  120
PGB: recieved packet: 648  frame:  120
PGB: recieved packet: 650  frame:  120
PGB: recieved packet: 651  frame:  120
PGB: recieved packet: 652  frame:  120
PGB: recieved packet: 653  frame:  120
PGB: recieved packet: 655  frame:  120
PGB: recieved packet: 656  frame:  120
PGB: recieved packet: 657  frame:  120
PGB: recieved packet: 658  frame:  120
PGB: recieved packet: 660  frame:  120
PGB: recieved packet: 661  frame:  120
PGB: recieved packet: 662  frame:  120
PGB: recieved packet: 663  frame:  120
PGB: recieved packet: 665  frame:  120
PGB: recieved packet: 666  frame:  120
PGB: recieved packet: 667  frame:  120
PGB: recieved packet: 668  frame:  120
PGB: recieved packet: 670  frame:  120
PGB: recieved packet: 671  frame:  120
PGB: recieved packet: 672  frame:  120
PGB: recieved packet: 673  frame:  120
PGB: recieved packet: 675  frame:  120
    Assembled size: 75460 expected: 75460
[BufferedVideoDecoder] ADD frame 120 size: 75460
ViewerWidget: Added frame 120 size: 75460 bytes to decoder for stream: "TODSCE"
PGB: recieved packet: 676  frame:  121
    Assembled size: 70 expected: 70
[BufferedVideoDecoder] ADD frame 121 size: 70
PGB: recieved packet: 677  frame:  122
    Assembled size: 148 expected: 148
[BufferedVideoDecoder] ADD frame 122 size: 148
PGB: recieved packet: 678  frame:  123
    Assembled size: 167 expected: 167
[BufferedVideoDecoder] ADD frame 123 size: 167
PGB: recieved packet: 680  frame:  124
    Assembled size: 271 expected: 271
[BufferedVideoDecoder] ADD frame 124 size: 271
PGB: recieved packet: 681  frame:  125
    Assembled size: 141 expected: 141
[BufferedVideoDecoder] ADD frame 125 size: 141
PGB: recieved packet: 682  frame:  126
    Assembled size: 455 expected: 455
[BufferedVideoDecoder] ADD frame 126 size: 455
PGB: recieved packet: 683  frame:  127
    Assembled size: 340 expected: 340
[BufferedVideoDecoder] ADD frame 127 size: 340
PGB: recieved packet: 685  frame:  128
PGB: recieved packet: 686  frame:  128
PGB: recieved packet: 687  frame:  128
PGB: recieved packet: 688  frame:  128
    Assembled size: 3617 expected: 3617
[BufferedVideoDecoder] ADD frame 128 size: 3617
PGB: recieved packet: 690  frame:  129
    Assembled size: 172 expected: 172
[BufferedVideoDecoder] ADD frame 129 size: 172
PGB: recieved packet: 691  frame:  130
    Assembled size: 39 expected: 39
[BufferedVideoDecoder] ADD frame 130 size: 39
Leave button clicked for stream: "TODSCE"
Leave requested for stream: "TODSCE"
FrameBuffer::clear() called at address: 0x1fa3447b6b0 capacity: 150
FrameBuffer::clear(): cleared 150 slots
Viewer leave requested for stream: 48758235
Viewer leave requested for stream: 48758235
Removing viewer widget for stream: 48758235
Viewer widget removed. Total widgets: 0
StreamManager: leaveStream 48758235
TCPManager: sent CLIENT_STREAM_LEAVE streamId= 48758235
Cleaning up ViewerWidget for stream: "TODSCE"
FrameBuffer::clear() called at address: 0x1fa3447b6b0 capacity: 150
FrameBuffer::clear(): cleared 150 slots
FrameBuffer::clear() called at address: 0x1fa3447b6b0 capacity: 150
FrameBuffer::clear(): cleared 150 slots
FrameBuffer::clear() called at address: 0x1fa3447b6b0 capacity: 150
FrameBuffer::clear(): cleared 150 slots
~FrameBuffer() at 0x1fa3447b6b0 capacity: 150
BufferedVideoDecoder cleaned up
TCPManager: processing message type: "4"
StreamManager: Server success for message type 19 : "SUCCESS: left stream 48758235"
Cleaning up MainWindow
StreamManager: disconnectFromServer
TCPManager: disconnected from server
NetworkFacade: TCP disconnected
UDPManager: Unregistered NetworkManager for stream 48758235
NetworkManager: Cleaned up for stream 48758235
StreamManager: network disconnected
Connection status changed: false
Connection status changed: false
StreamManager cleanup
StreamManager cleanup
NetworkManager: Cleaned up for stream 48758235
NetworkManager: Destructor for stream 48758235
